Component: ARM Compiler 5.06 update 4 (build 422) Tool: armlink [4d35d2]

==============================================================================

Section Cross References

    smain.o(i.OneShot) refers to startup_msp432p401r_uvision.o(.text) for StartCritical
    smain.o(i.T32_INT1_IRQHandler) refers to smain.o(.data) for timesUp
    smain.o(i.main) refers to locks.o(i.LocksInit) for LocksInit
    smain.o(i.main) refers to butts.o(i.ButtsInitLP) for ButtsInitLP
    smain.o(i.main) refers to dets.o(i.DetsInitLP) for DetsInitLP
    smain.o(i.main) refers to lcd.o(i.ST7735_InitR) for ST7735_InitR
    smain.o(i.main) refers to keypad.o(i.KeypadInitLP) for KeypadInitLP
    smain.o(i.main) refers to lcd.o(i.ST7735_FillScreen) for ST7735_FillScreen
    smain.o(i.main) refers to butts.o(i.ButtsyLP) for ButtsyLP
    smain.o(i.main) refers to lcd.o(i.ST7735_SetCursor) for ST7735_SetCursor
    smain.o(i.main) refers to lcd.o(i.ST7735_OutString) for ST7735_OutString
    smain.o(i.main) refers to lcd.o(i.ST7735_DrawCharS) for ST7735_DrawCharS
    smain.o(i.main) refers to smain.o(i.OneShot) for OneShot
    smain.o(i.main) refers to keypad.o(i.KeypadGet) for KeypadGet
    smain.o(i.main) refers to keypad.o(i.KeypadInt) for KeypadInt
    smain.o(i.main) refers to smain.o(.data) for fill
    smain.o(i.main) refers to lcd.o(i.ST7735_DrawBitmap) for ST7735_DrawBitmap
    smain.o(i.main) refers to smain.o(.bss) for localPins
    smain.o(i.main) refers to smain.o(.constdata) for allig8r
    smain.o(i.main1) refers to locks.o(i.LocksInit) for LocksInit
    smain.o(i.main1) refers to butts.o(i.ButtsInitLP) for ButtsInitLP
    smain.o(i.main1) refers to dets.o(i.DetsInitLP) for DetsInitLP
    smain.o(i.main1) refers to lcd.o(i.ST7735_InitR) for ST7735_InitR
    smain.o(i.main1) refers to keypad.o(i.KeypadInitLP) for KeypadInitLP
    smain.o(i.main1) refers to locks.o(i.LocksUnlk) for LocksUnlk
    lcd.o(i.Delay1ms) refers to lcd.o(.emb_text) for parrotdelay
    lcd.o(i.Output_Clear) refers to lcd.o(i.ST7735_FillScreen) for ST7735_FillScreen
    lcd.o(i.Output_Color) refers to lcd.o(i.ST7735_SetTextColor) for ST7735_SetTextColor
    lcd.o(i.Output_Init) refers to lcd.o(i.ST7735_InitR) for ST7735_InitR
    lcd.o(i.Output_Init) refers to lcd.o(i.ST7735_FillScreen) for ST7735_FillScreen
    lcd.o(i.Output_Off) refers to lcd.o(i.Output_Clear) for Output_Clear
    lcd.o(i.Output_On) refers to lcd.o(i.Output_Init) for Output_Init
    lcd.o(i.ST7735_DrawBitmap) refers to lcd.o(i.setAddrWindow) for setAddrWindow
    lcd.o(i.ST7735_DrawBitmap) refers to lcd.o(i.writedata) for writedata
    lcd.o(i.ST7735_DrawBitmap) refers to lcd.o(.data) for _width
    lcd.o(i.ST7735_DrawChar) refers to lcd.o(i.setAddrWindow) for setAddrWindow
    lcd.o(i.ST7735_DrawChar) refers to lcd.o(i.pushColor) for pushColor
    lcd.o(i.ST7735_DrawChar) refers to lcd.o(.data) for _width
    lcd.o(i.ST7735_DrawChar) refers to lcd.o(.constdata) for Font
    lcd.o(i.ST7735_DrawCharS) refers to lcd.o(i.ST7735_DrawPixel) for ST7735_DrawPixel
    lcd.o(i.ST7735_DrawCharS) refers to lcd.o(i.ST7735_FillRect) for ST7735_FillRect
    lcd.o(i.ST7735_DrawCharS) refers to lcd.o(.data) for _width
    lcd.o(i.ST7735_DrawCharS) refers to lcd.o(.constdata) for Font
    lcd.o(i.ST7735_DrawFastHLine) refers to lcd.o(i.setAddrWindow) for setAddrWindow
    lcd.o(i.ST7735_DrawFastHLine) refers to lcd.o(i.writedata) for writedata
    lcd.o(i.ST7735_DrawFastHLine) refers to lcd.o(.data) for _width
    lcd.o(i.ST7735_DrawFastVLine) refers to lcd.o(i.setAddrWindow) for setAddrWindow
    lcd.o(i.ST7735_DrawFastVLine) refers to lcd.o(i.writedata) for writedata
    lcd.o(i.ST7735_DrawFastVLine) refers to lcd.o(.data) for _width
    lcd.o(i.ST7735_DrawPixel) refers to lcd.o(i.setAddrWindow) for setAddrWindow
    lcd.o(i.ST7735_DrawPixel) refers to lcd.o(i.pushColor) for pushColor
    lcd.o(i.ST7735_DrawPixel) refers to lcd.o(.data) for _width
    lcd.o(i.ST7735_DrawString) refers to lcd.o(i.ST7735_DrawCharS) for ST7735_DrawCharS
    lcd.o(i.ST7735_FillRect) refers to lcd.o(i.setAddrWindow) for setAddrWindow
    lcd.o(i.ST7735_FillRect) refers to lcd.o(i.writedata) for writedata
    lcd.o(i.ST7735_FillRect) refers to lcd.o(.data) for _width
    lcd.o(i.ST7735_FillScreen) refers to lcd.o(i.ST7735_FillRect) for ST7735_FillRect
    lcd.o(i.ST7735_FillScreen) refers to lcd.o(.data) for _height
    lcd.o(i.ST7735_InitB) refers to lcd.o(i.commonInit) for commonInit
    lcd.o(i.ST7735_InitB) refers to lcd.o(i.ST7735_SetCursor) for ST7735_SetCursor
    lcd.o(i.ST7735_InitB) refers to lcd.o(i.ST7735_FillScreen) for ST7735_FillScreen
    lcd.o(i.ST7735_InitB) refers to lcd.o(.constdata) for Bcmd
    lcd.o(i.ST7735_InitB) refers to lcd.o(.data) for StTextColor
    lcd.o(i.ST7735_InitR) refers to lcd.o(i.commonInit) for commonInit
    lcd.o(i.ST7735_InitR) refers to lcd.o(i.commandList) for commandList
    lcd.o(i.ST7735_InitR) refers to lcd.o(i.writecommand) for writecommand
    lcd.o(i.ST7735_InitR) refers to lcd.o(i.writedata) for writedata
    lcd.o(i.ST7735_InitR) refers to lcd.o(i.ST7735_SetCursor) for ST7735_SetCursor
    lcd.o(i.ST7735_InitR) refers to lcd.o(i.ST7735_FillScreen) for ST7735_FillScreen
    lcd.o(i.ST7735_InitR) refers to lcd.o(.constdata) for Rcmd1
    lcd.o(i.ST7735_InitR) refers to lcd.o(.data) for ColStart
    lcd.o(i.ST7735_InvertDisplay) refers to lcd.o(i.writecommand) for writecommand
    lcd.o(i.ST7735_OutChar) refers to lcd.o(i.ST7735_DrawString) for ST7735_DrawString
    lcd.o(i.ST7735_OutChar) refers to lcd.o(i.ST7735_DrawCharS) for ST7735_DrawCharS
    lcd.o(i.ST7735_OutChar) refers to lcd.o(.data) for StY
    lcd.o(i.ST7735_OutCharLOGO) refers to lcd.o(i.ST7735_DrawString) for ST7735_DrawString
    lcd.o(i.ST7735_OutCharLOGO) refers to lcd.o(i.ST7735_DrawCharS) for ST7735_DrawCharS
    lcd.o(i.ST7735_OutCharLOGO) refers to lcd.o(.data) for StY
    lcd.o(i.ST7735_OutCharSMACK) refers to lcd.o(i.ST7735_DrawString) for ST7735_DrawString
    lcd.o(i.ST7735_OutCharSMACK) refers to lcd.o(i.ST7735_DrawCharS) for ST7735_DrawCharS
    lcd.o(i.ST7735_OutCharSMACK) refers to lcd.o(.data) for StY
    lcd.o(i.ST7735_OutString) refers to lcd.o(i.ST7735_OutCharSMACK) for ST7735_OutCharSMACK
    lcd.o(i.ST7735_OutStringLOGO) refers to lcd.o(i.ST7735_OutCharLOGO) for ST7735_OutCharLOGO
    lcd.o(i.ST7735_OutUDec) refers to lcd.o(i.fillmessage) for fillmessage
    lcd.o(i.ST7735_OutUDec) refers to lcd.o(i.ST7735_DrawString) for ST7735_DrawString
    lcd.o(i.ST7735_OutUDec) refers to lcd.o(i.ST7735_DrawCharS) for ST7735_DrawCharS
    lcd.o(i.ST7735_OutUDec) refers to lcd.o(.data) for Messageindex
    lcd.o(i.ST7735_OutUDec) refers to lcd.o(.bss) for Message
    lcd.o(i.ST7735_PlotBar) refers to lcd.o(i.ST7735_DrawFastVLine) for ST7735_DrawFastVLine
    lcd.o(i.ST7735_PlotBar) refers to lcd.o(.data) for Ymin
    lcd.o(i.ST7735_PlotClear) refers to lcd.o(i.ST7735_Color565) for ST7735_Color565
    lcd.o(i.ST7735_PlotClear) refers to lcd.o(i.ST7735_FillRect) for ST7735_FillRect
    lcd.o(i.ST7735_PlotClear) refers to lcd.o(.data) for Ymax
    lcd.o(i.ST7735_PlotLine) refers to lcd.o(i.ST7735_DrawPixel) for ST7735_DrawPixel
    lcd.o(i.ST7735_PlotLine) refers to lcd.o(.data) for Ymin
    lcd.o(i.ST7735_PlotNext) refers to lcd.o(.data) for X
    lcd.o(i.ST7735_PlotNextErase) refers to lcd.o(i.ST7735_Color565) for ST7735_Color565
    lcd.o(i.ST7735_PlotNextErase) refers to lcd.o(i.ST7735_DrawFastVLine) for ST7735_DrawFastVLine
    lcd.o(i.ST7735_PlotNextErase) refers to lcd.o(.data) for X
    lcd.o(i.ST7735_PlotPoint) refers to lcd.o(i.ST7735_DrawPixel) for ST7735_DrawPixel
    lcd.o(i.ST7735_PlotPoint) refers to lcd.o(.data) for Ymin
    lcd.o(i.ST7735_PlotPoints) refers to lcd.o(i.ST7735_DrawPixel) for ST7735_DrawPixel
    lcd.o(i.ST7735_PlotPoints) refers to lcd.o(.data) for Ymin
    lcd.o(i.ST7735_PlotdBfs) refers to lcd.o(i.ST7735_DrawFastVLine) for ST7735_DrawFastVLine
    lcd.o(i.ST7735_PlotdBfs) refers to lcd.o(.constdata) for dBfs
    lcd.o(i.ST7735_PlotdBfs) refers to lcd.o(.data) for X
    lcd.o(i.ST7735_SetCursor) refers to lcd.o(.data) for StX
    lcd.o(i.ST7735_SetRotation) refers to lcd.o(i.writecommand) for writecommand
    lcd.o(i.ST7735_SetRotation) refers to lcd.o(i.writedata) for writedata
    lcd.o(i.ST7735_SetRotation) refers to lcd.o(.data) for Rotation
    lcd.o(i.ST7735_SetTextColor) refers to lcd.o(.data) for StTextColor
    lcd.o(i.commandList) refers to lcd.o(i.writecommand) for writecommand
    lcd.o(i.commandList) refers to lcd.o(i.writedata) for writedata
    lcd.o(i.commandList) refers to lcd.o(i.Delay1ms) for Delay1ms
    lcd.o(i.commonInit) refers to lcd.o(i.Delay1ms) for Delay1ms
    lcd.o(i.commonInit) refers to lcd.o(i.commandList) for commandList
    lcd.o(i.commonInit) refers to lcd.o(.data) for RowStart
    lcd.o(i.fillmessage) refers to lcd.o(.bss) for Message
    lcd.o(i.fillmessage) refers to lcd.o(.data) for Messageindex
    lcd.o(i.fputc) refers to lcd.o(i.ST7735_OutChar) for ST7735_OutChar
    lcd.o(i.pushColor) refers to lcd.o(i.writedata) for writedata
    lcd.o(i.setAddrWindow) refers to lcd.o(i.writecommand) for writecommand
    lcd.o(i.setAddrWindow) refers to lcd.o(i.writedata) for writedata
    lcd.o(i.setAddrWindow) refers to lcd.o(.data) for ColStart
    keypad.o(i.KeypadGet) refers to startup_msp432p401r_uvision.o(.text) for WaitForInterrupt
    keypad.o(i.KeypadGet) refers to keypad.o(i.MatrixFifo_Get) for MatrixFifo_Get
    keypad.o(i.KeypadGet) refers to smain.o(.data) for timesUp
    keypad.o(i.KeypadInit) refers to startup_msp432p401r_uvision.o(.text) for StartCritical
    keypad.o(i.KeypadInit) refers to keypad.o(i.MatrixFifo_Init) for MatrixFifo_Init
    keypad.o(i.KeypadInit) refers to keypad.o(i.SysTick_Init) for SysTick_Init
    keypad.o(i.KeypadInit) refers to keypad.o(.data) for HeartBeat
    keypad.o(i.KeypadInitLP) refers to startup_msp432p401r_uvision.o(.text) for StartCritical
    keypad.o(i.KeypadInitLP) refers to keypad.o(i.MatrixFifo_Init) for MatrixFifo_Init
    keypad.o(i.KeypadInitLP) refers to keypad.o(i.SysTick_Init) for SysTick_Init
    keypad.o(i.KeypadInitLP) refers to keypad.o(.data) for HeartBeat
    keypad.o(i.MatrixFifo_Get) refers to keypad.o(.data) for MatrixPutI
    keypad.o(i.MatrixFifo_Get) refers to keypad.o(.bss) for MatrixFifo
    keypad.o(i.MatrixFifo_Init) refers to startup_msp432p401r_uvision.o(.text) for StartCritical
    keypad.o(i.MatrixFifo_Init) refers to keypad.o(.data) for MatrixGetI
    keypad.o(i.MatrixFifo_Put) refers to keypad.o(.data) for MatrixPutI
    keypad.o(i.MatrixFifo_Put) refers to keypad.o(.bss) for MatrixFifo
    keypad.o(i.MatrixFifo_Size) refers to keypad.o(.data) for MatrixPutI
    keypad.o(i.MatrixKeypad_Scan) refers to keypad.o(.constdata) for ScanTab
    keypad.o(i.MatrixKeypad_ScanLP) refers to keypad.o(.constdata) for ScanTab
    keypad.o(i.SysTick_Handler) refers to keypad.o(i.MatrixKeypad_ScanLP) for MatrixKeypad_ScanLP
    keypad.o(i.SysTick_Handler) refers to keypad.o(i.MatrixFifo_Put) for MatrixFifo_Put
    keypad.o(i.SysTick_Handler) refers to keypad.o(.data) for LastKey
    keypad.o(i.SysTick_Init) refers to startup_msp432p401r_uvision.o(.text) for StartCritical
    clocksystem.o(i.Clock_Init32kHz) refers to clocksystem.o(.data) for Prewait
    clocksystem.o(i.Clock_Init48MHz) refers to clocksystem.o(.data) for Prewait
    clocksystem.o(i.Clock_InitLowPower) refers to clocksystem.o(.data) for Prewait
    startup_msp432p401r_uvision.o(STACK) refers (Special) to heapauxi.o(.text) for __use_two_region_memory
    startup_msp432p401r_uvision.o(HEAP) refers (Special) to heapauxi.o(.text) for __use_two_region_memory
    startup_msp432p401r_uvision.o(RESET) refers (Special) to heapauxi.o(.text) for __use_two_region_memory
    startup_msp432p401r_uvision.o(RESET) refers to startup_msp432p401r_uvision.o(STACK) for __initial_sp
    startup_msp432p401r_uvision.o(RESET) refers to startup_msp432p401r_uvision.o(.text) for Reset_Handler
    startup_msp432p401r_uvision.o(RESET) refers to keypad.o(i.SysTick_Handler) for SysTick_Handler
    startup_msp432p401r_uvision.o(RESET) refers to smain.o(i.T32_INT1_IRQHandler) for T32_INT1_IRQHandler
    startup_msp432p401r_uvision.o(.text) refers (Special) to heapauxi.o(.text) for __use_two_region_memory
    startup_msp432p401r_uvision.o(.text) refers to system_msp432p401r.o(i.SystemInit) for SystemInit
    startup_msp432p401r_uvision.o(.text) refers to __main.o(!!!main) for __main
    startup_msp432p401r_uvision.o(.text) refers to startup_msp432p401r_uvision.o(HEAP) for Heap_Mem
    startup_msp432p401r_uvision.o(.text) refers to startup_msp432p401r_uvision.o(STACK) for Stack_Mem
    system_msp432p401r.o(i.SystemCoreClockUpdate) refers to fflt_clz.o(x$fpl$fflt) for __aeabi_i2f
    system_msp432p401r.o(i.SystemCoreClockUpdate) refers to fmul.o(x$fpl$fmul) for __aeabi_fmul
    system_msp432p401r.o(i.SystemCoreClockUpdate) refers to faddsub_clz.o(x$fpl$fadd) for __aeabi_fadd
    system_msp432p401r.o(i.SystemCoreClockUpdate) refers to fdiv.o(x$fpl$fdiv) for __aeabi_fdiv
    system_msp432p401r.o(i.SystemCoreClockUpdate) refers to faddsub_clz.o(x$fpl$frsb) for __aeabi_frsub
    system_msp432p401r.o(i.SystemCoreClockUpdate) refers to fflt_clz.o(x$fpl$ffltu) for __aeabi_ui2f
    system_msp432p401r.o(i.SystemCoreClockUpdate) refers to ffixu.o(x$fpl$ffixu) for __aeabi_f2uiz
    system_msp432p401r.o(i.SystemCoreClockUpdate) refers to system_msp432p401r.o(.data) for SystemCoreClock
    __main.o(!!!main) refers to __rtentry.o(.ARM.Collect$$rtentry$$00000000) for __rt_entry
    faddsub_clz.o(x$fpl$fadd) refers (Special) to usenofp.o(x$fpl$usenofp) for __I$use$fp
    faddsub_clz.o(x$fpl$fadd) refers to faddsub_clz.o(x$fpl$fsub) for _fsub1
    faddsub_clz.o(x$fpl$fadd) refers to fretinf.o(x$fpl$fretinf) for __fpl_fretinf
    faddsub_clz.o(x$fpl$fadd) refers to fnaninf.o(x$fpl$fnaninf) for __fpl_fnaninf
    faddsub_clz.o(x$fpl$frsb) refers (Special) to usenofp.o(x$fpl$usenofp) for __I$use$fp
    faddsub_clz.o(x$fpl$frsb) refers to faddsub_clz.o(x$fpl$fadd) for _fadd1
    faddsub_clz.o(x$fpl$frsb) refers to faddsub_clz.o(x$fpl$fsub) for _fsub1
    faddsub_clz.o(x$fpl$fsub) refers (Special) to usenofp.o(x$fpl$usenofp) for __I$use$fp
    faddsub_clz.o(x$fpl$fsub) refers to faddsub_clz.o(x$fpl$fadd) for _fadd1
    faddsub_clz.o(x$fpl$fsub) refers to fnaninf.o(x$fpl$fnaninf) for __fpl_fnaninf
    fdiv.o(x$fpl$frdiv) refers (Special) to usenofp.o(x$fpl$usenofp) for __I$use$fp
    fdiv.o(x$fpl$frdiv) refers to fdiv.o(x$fpl$fdiv) for _fdiv1
    fdiv.o(x$fpl$fdiv) refers (Special) to usenofp.o(x$fpl$usenofp) for __I$use$fp
    fdiv.o(x$fpl$fdiv) refers to fretinf.o(x$fpl$fretinf) for __fpl_fretinf
    fdiv.o(x$fpl$fdiv) refers to fnaninf.o(x$fpl$fnaninf) for __fpl_fnaninf
    ffixu.o(x$fpl$ffixu) refers (Special) to usenofp.o(x$fpl$usenofp) for __I$use$fp
    ffixu.o(x$fpl$ffixu) refers to fnaninf.o(x$fpl$fnaninf) for __fpl_fnaninf
    ffixu.o(x$fpl$ffixur) refers (Special) to usenofp.o(x$fpl$usenofp) for __I$use$fp
    ffixu.o(x$fpl$ffixur) refers to fnaninf.o(x$fpl$fnaninf) for __fpl_fnaninf
    fflt_clz.o(x$fpl$ffltu) refers (Special) to usenofp.o(x$fpl$usenofp) for __I$use$fp
    fflt_clz.o(x$fpl$fflt) refers (Special) to usenofp.o(x$fpl$usenofp) for __I$use$fp
    fflt_clz.o(x$fpl$ffltn) refers (Special) to usenofp.o(x$fpl$usenofp) for __I$use$fp
    fmul.o(x$fpl$fmul) refers (Special) to usenofp.o(x$fpl$usenofp) for __I$use$fp
    fmul.o(x$fpl$fmul) refers to fretinf.o(x$fpl$fretinf) for __fpl_fretinf
    fmul.o(x$fpl$fmul) refers to fnaninf.o(x$fpl$fnaninf) for __fpl_fnaninf
    __rtentry.o(.ARM.Collect$$rtentry$$00000000) refers (Special) to __rtentry2.o(.ARM.Collect$$rtentry$$0000000A) for __rt_entry_li
    __rtentry.o(.ARM.Collect$$rtentry$$00000000) refers (Special) to __rtentry2.o(.ARM.Collect$$rtentry$$0000000D) for __rt_entry_main
    __rtentry.o(.ARM.Collect$$rtentry$$00000000) refers (Special) to __rtentry2.o(.ARM.Collect$$rtentry$$0000000C) for __rt_entry_postli_1
    __rtentry.o(.ARM.Collect$$rtentry$$00000000) refers (Special) to __rtentry2.o(.ARM.Collect$$rtentry$$00000009) for __rt_entry_postsh_1
    __rtentry.o(.ARM.Collect$$rtentry$$00000000) refers (Special) to __rtentry2.o(.ARM.Collect$$rtentry$$00000002) for __rt_entry_presh_1
    __rtentry.o(.ARM.Collect$$rtentry$$00000000) refers (Special) to __rtentry4.o(.ARM.Collect$$rtentry$$00000004) for __rt_entry_sh
    fnaninf.o(x$fpl$fnaninf) refers (Special) to usenofp.o(x$fpl$usenofp) for __I$use$fp
    fretinf.o(x$fpl$fretinf) refers (Special) to usenofp.o(x$fpl$usenofp) for __I$use$fp
    __rtentry2.o(.ARM.Collect$$rtentry$$00000008) refers to boardinit2.o(.text) for _platform_post_stackheap_init
    __rtentry2.o(.ARM.Collect$$rtentry$$0000000A) refers to libinit.o(.ARM.Collect$$libinit$$00000000) for __rt_lib_init
    __rtentry2.o(.ARM.Collect$$rtentry$$0000000B) refers to boardinit3.o(.text) for _platform_post_lib_init
    __rtentry2.o(.ARM.Collect$$rtentry$$0000000D) refers to smain.o(i.main) for main
    __rtentry2.o(.ARM.Collect$$rtentry$$0000000D) refers to exit.o(.text) for exit
    __rtentry2.o(.ARM.exidx) refers to __rtentry2.o(.ARM.Collect$$rtentry$$00000001) for .ARM.Collect$$rtentry$$00000001
    __rtentry2.o(.ARM.exidx) refers to __rtentry2.o(.ARM.Collect$$rtentry$$00000008) for .ARM.Collect$$rtentry$$00000008
    __rtentry2.o(.ARM.exidx) refers to __rtentry2.o(.ARM.Collect$$rtentry$$0000000A) for .ARM.Collect$$rtentry$$0000000A
    __rtentry2.o(.ARM.exidx) refers to __rtentry2.o(.ARM.Collect$$rtentry$$0000000B) for .ARM.Collect$$rtentry$$0000000B
    __rtentry2.o(.ARM.exidx) refers to __rtentry2.o(.ARM.Collect$$rtentry$$0000000D) for .ARM.Collect$$rtentry$$0000000D
    __rtentry4.o(.ARM.Collect$$rtentry$$00000004) refers to sys_stackheap_outer.o(.text) for __user_setup_stackheap
    __rtentry4.o(.ARM.exidx) refers to __rtentry4.o(.ARM.Collect$$rtentry$$00000004) for .ARM.Collect$$rtentry$$00000004
    sys_stackheap_outer.o(.text) refers to libspace.o(.text) for __user_perproc_libspace
    sys_stackheap_outer.o(.text) refers to startup_msp432p401r_uvision.o(.text) for __user_initial_stackheap
    exit.o(.text) refers to rtexit.o(.ARM.Collect$$rtexit$$00000000) for __rt_exit
    libinit.o(.ARM.Collect$$libinit$$00000000) refers (Special) to libinit2.o(.ARM.Collect$$libinit$$0000002E) for __rt_lib_init_alloca_1
    libinit.o(.ARM.Collect$$libinit$$00000000) refers (Special) to libinit2.o(.ARM.Collect$$libinit$$0000002C) for __rt_lib_init_argv_1
    libinit.o(.ARM.Collect$$libinit$$00000000) refers (Special) to libinit2.o(.ARM.Collect$$libinit$$0000001B) for __rt_lib_init_atexit_1
    libinit.o(.ARM.Collect$$libinit$$00000000) refers (Special) to libinit2.o(.ARM.Collect$$libinit$$00000021) for __rt_lib_init_clock_1
    libinit.o(.ARM.Collect$$libinit$$00000000) refers (Special) to libinit2.o(.ARM.Collect$$libinit$$00000032) for __rt_lib_init_cpp_1
    libinit.o(.ARM.Collect$$libinit$$00000000) refers (Special) to libinit2.o(.ARM.Collect$$libinit$$00000030) for __rt_lib_init_exceptions_1
    libinit.o(.ARM.Collect$$libinit$$00000000) refers (Special) to libinit2.o(.ARM.Collect$$libinit$$00000002) for __rt_lib_init_fp_1
    libinit.o(.ARM.Collect$$libinit$$00000000) refers (Special) to libinit2.o(.ARM.Collect$$libinit$$0000001F) for __rt_lib_init_fp_trap_1
    libinit.o(.ARM.Collect$$libinit$$00000000) refers (Special) to libinit2.o(.ARM.Collect$$libinit$$00000023) for __rt_lib_init_getenv_1
    libinit.o(.ARM.Collect$$libinit$$00000000) refers (Special) to libinit2.o(.ARM.Collect$$libinit$$0000000A) for __rt_lib_init_heap_1
    libinit.o(.ARM.Collect$$libinit$$00000000) refers (Special) to libinit2.o(.ARM.Collect$$libinit$$00000011) for __rt_lib_init_lc_collate_1
    libinit.o(.ARM.Collect$$libinit$$00000000) refers (Special) to libinit2.o(.ARM.Collect$$libinit$$00000013) for __rt_lib_init_lc_ctype_1
    libinit.o(.ARM.Collect$$libinit$$00000000) refers (Special) to libinit2.o(.ARM.Collect$$libinit$$00000015) for __rt_lib_init_lc_monetary_1
    libinit.o(.ARM.Collect$$libinit$$00000000) refers (Special) to libinit2.o(.ARM.Collect$$libinit$$00000017) for __rt_lib_init_lc_numeric_1
    libinit.o(.ARM.Collect$$libinit$$00000000) refers (Special) to libinit2.o(.ARM.Collect$$libinit$$00000019) for __rt_lib_init_lc_time_1
    libinit.o(.ARM.Collect$$libinit$$00000000) refers (Special) to libinit2.o(.ARM.Collect$$libinit$$00000004) for __rt_lib_init_preinit_1
    libinit.o(.ARM.Collect$$libinit$$00000000) refers (Special) to libinit2.o(.ARM.Collect$$libinit$$0000000E) for __rt_lib_init_rand_1
    libinit.o(.ARM.Collect$$libinit$$00000000) refers (Special) to libinit2.o(.ARM.Collect$$libinit$$00000033) for __rt_lib_init_return
    libinit.o(.ARM.Collect$$libinit$$00000000) refers (Special) to libinit2.o(.ARM.Collect$$libinit$$0000001D) for __rt_lib_init_signal_1
    libinit.o(.ARM.Collect$$libinit$$00000000) refers (Special) to libinit2.o(.ARM.Collect$$libinit$$00000025) for __rt_lib_init_stdio_1
    libinit.o(.ARM.Collect$$libinit$$00000000) refers (Special) to libinit2.o(.ARM.Collect$$libinit$$0000000C) for __rt_lib_init_user_alloc_1
    libspace.o(.text) refers to libspace.o(.bss) for __libspace_start
    rtexit.o(.ARM.Collect$$rtexit$$00000000) refers (Special) to rtexit2.o(.ARM.Collect$$rtexit$$00000004) for __rt_exit_exit
    rtexit.o(.ARM.Collect$$rtexit$$00000000) refers (Special) to rtexit2.o(.ARM.Collect$$rtexit$$00000003) for __rt_exit_ls
    rtexit.o(.ARM.Collect$$rtexit$$00000000) refers (Special) to rtexit2.o(.ARM.Collect$$rtexit$$00000002) for __rt_exit_prels_1
    rtexit.o(.ARM.exidx) refers (Special) to rtexit2.o(.ARM.Collect$$rtexit$$00000004) for __rt_exit_exit
    rtexit.o(.ARM.exidx) refers (Special) to rtexit2.o(.ARM.Collect$$rtexit$$00000003) for __rt_exit_ls
    rtexit.o(.ARM.exidx) refers (Special) to rtexit2.o(.ARM.Collect$$rtexit$$00000002) for __rt_exit_prels_1
    rtexit.o(.ARM.exidx) refers to rtexit.o(.ARM.Collect$$rtexit$$00000000) for .ARM.Collect$$rtexit$$00000000
    libinit2.o(.ARM.Collect$$libinit$$00000010) refers to libinit2.o(.ARM.Collect$$libinit$$0000000F) for .ARM.Collect$$libinit$$0000000F
    libinit2.o(.ARM.Collect$$libinit$$00000012) refers to libinit2.o(.ARM.Collect$$libinit$$0000000F) for .ARM.Collect$$libinit$$0000000F
    libinit2.o(.ARM.Collect$$libinit$$00000014) refers to libinit2.o(.ARM.Collect$$libinit$$0000000F) for .ARM.Collect$$libinit$$0000000F
    libinit2.o(.ARM.Collect$$libinit$$00000016) refers to libinit2.o(.ARM.Collect$$libinit$$0000000F) for .ARM.Collect$$libinit$$0000000F
    libinit2.o(.ARM.Collect$$libinit$$00000018) refers to libinit2.o(.ARM.Collect$$libinit$$0000000F) for .ARM.Collect$$libinit$$0000000F
    libinit2.o(.ARM.Collect$$libinit$$00000026) refers to argv_veneer.o(.emb_text) for __ARM_argv_veneer
    libinit2.o(.ARM.Collect$$libinit$$00000027) refers to argv_veneer.o(.emb_text) for __ARM_argv_veneer
    rtexit2.o(.ARM.Collect$$rtexit$$00000003) refers to libshutdown.o(.ARM.Collect$$libshutdown$$00000000) for __rt_lib_shutdown
    rtexit2.o(.ARM.Collect$$rtexit$$00000004) refers to sys_exit.o(.text) for _sys_exit
    rtexit2.o(.ARM.exidx) refers to rtexit2.o(.ARM.Collect$$rtexit$$00000001) for .ARM.Collect$$rtexit$$00000001
    rtexit2.o(.ARM.exidx) refers to rtexit2.o(.ARM.Collect$$rtexit$$00000003) for .ARM.Collect$$rtexit$$00000003
    rtexit2.o(.ARM.exidx) refers to rtexit2.o(.ARM.Collect$$rtexit$$00000004) for .ARM.Collect$$rtexit$$00000004
    argv_veneer.o(.emb_text) refers to no_argv.o(.text) for __ARM_get_argv
    sys_exit.o(.text) refers (Special) to use_no_semi.o(.text) for __I$use$semihosting
    sys_exit.o(.text) refers (Special) to indicate_semi.o(.text) for __semihosting_library_function
    _get_argv_nomalloc.o(.text) refers (Special) to hrguard.o(.text) for __heap_region$guard
    _get_argv_nomalloc.o(.text) refers to defsig_rtmem_outer.o(.text) for __rt_SIGRTMEM
    _get_argv_nomalloc.o(.text) refers to sys_command.o(.text) for _sys_command_string
    libshutdown.o(.ARM.Collect$$libshutdown$$00000000) refers (Special) to libshutdown2.o(.ARM.Collect$$libshutdown$$00000002) for __rt_lib_shutdown_cpp_1
    libshutdown.o(.ARM.Collect$$libshutdown$$00000000) refers (Special) to libshutdown2.o(.ARM.Collect$$libshutdown$$00000007) for __rt_lib_shutdown_fp_trap_1
    libshutdown.o(.ARM.Collect$$libshutdown$$00000000) refers (Special) to libshutdown2.o(.ARM.Collect$$libshutdown$$0000000F) for __rt_lib_shutdown_heap_1
    libshutdown.o(.ARM.Collect$$libshutdown$$00000000) refers (Special) to libshutdown2.o(.ARM.Collect$$libshutdown$$00000010) for __rt_lib_shutdown_return
    libshutdown.o(.ARM.Collect$$libshutdown$$00000000) refers (Special) to libshutdown2.o(.ARM.Collect$$libshutdown$$0000000A) for __rt_lib_shutdown_signal_1
    libshutdown.o(.ARM.Collect$$libshutdown$$00000000) refers (Special) to libshutdown2.o(.ARM.Collect$$libshutdown$$00000004) for __rt_lib_shutdown_stdio_1
    libshutdown.o(.ARM.Collect$$libshutdown$$00000000) refers (Special) to libshutdown2.o(.ARM.Collect$$libshutdown$$0000000C) for __rt_lib_shutdown_user_alloc_1
    sys_command.o(.text) refers (Special) to use_no_semi.o(.text) for __I$use$semihosting
    sys_command.o(.text) refers (Special) to indicate_semi.o(.text) for __semihosting_library_function
    defsig_rtmem_outer.o(.text) refers to defsig_rtmem_inner.o(.text) for __rt_SIGRTMEM_inner
    defsig_rtmem_outer.o(.text) refers to defsig_exit.o(.text) for __sig_exit
    defsig_rtmem_formal.o(.text) refers to rt_raise.o(.text) for __rt_raise
    rt_raise.o(.text) refers to __raise.o(.text) for __raise
    rt_raise.o(.text) refers to sys_exit.o(.text) for _sys_exit
    defsig_exit.o(.text) refers to sys_exit.o(.text) for _sys_exit
    defsig_rtmem_inner.o(.text) refers to defsig_general.o(.text) for __default_signal_display
    __raise.o(.text) refers to defsig.o(CL$$defsig) for __default_signal_handler
    defsig_general.o(.text) refers to sys_wrch.o(.text) for _ttywrch
    sys_wrch.o(.text) refers (Special) to use_no_semi.o(.text) for __I$use$semihosting
    sys_wrch.o(.text) refers (Special) to indicate_semi.o(.text) for __semihosting_library_function
    defsig.o(CL$$defsig) refers to defsig_rtmem_inner.o(.text) for __rt_SIGRTMEM_inner
    defsig_abrt_inner.o(.text) refers to defsig_general.o(.text) for __default_signal_display
    defsig_fpe_inner.o(.text) refers to defsig_general.o(.text) for __default_signal_display
    defsig_rtred_inner.o(.text) refers to defsig_general.o(.text) for __default_signal_display
    defsig_stak_inner.o(.text) refers to defsig_general.o(.text) for __default_signal_display
    defsig_pvfn_inner.o(.text) refers to defsig_general.o(.text) for __default_signal_display
    defsig_cppl_inner.o(.text) refers to defsig_general.o(.text) for __default_signal_display
    defsig_segv_inner.o(.text) refers to defsig_general.o(.text) for __default_signal_display
    defsig_other.o(.text) refers to defsig_general.o(.text) for __default_signal_display


==============================================================================

Removing Unused input sections from the image.

    Removing smain.o(.rev16_text), (4 bytes).
    Removing smain.o(.revsh_text), (4 bytes).
    Removing smain.o(.rrx_text), (6 bytes).
    Removing smain.o(i.main1), (32 bytes).
    Removing lcd.o(.rev16_text), (4 bytes).
    Removing lcd.o(.revsh_text), (4 bytes).
    Removing lcd.o(.rrx_text), (6 bytes).
    Removing lcd.o(i.Output_Clear), (10 bytes).
    Removing lcd.o(i.Output_Color), (12 bytes).
    Removing lcd.o(i.Output_Init), (16 bytes).
    Removing lcd.o(i.Output_Off), (8 bytes).
    Removing lcd.o(i.Output_On), (8 bytes).
    Removing lcd.o(i.ST7735_Color565), (24 bytes).
    Removing lcd.o(i.ST7735_DrawChar), (272 bytes).
    Removing lcd.o(i.ST7735_DrawFastHLine), (124 bytes).
    Removing lcd.o(i.ST7735_DrawFastVLine), (124 bytes).
    Removing lcd.o(i.ST7735_InitB), (40 bytes).
    Removing lcd.o(i.ST7735_InvertDisplay), (22 bytes).
    Removing lcd.o(i.ST7735_OutChar), (212 bytes).
    Removing lcd.o(i.ST7735_OutCharLOGO), (208 bytes).
    Removing lcd.o(i.ST7735_OutStringLOGO), (24 bytes).
    Removing lcd.o(i.ST7735_OutUDec), (140 bytes).
    Removing lcd.o(i.ST7735_PlotBar), (88 bytes).
    Removing lcd.o(i.ST7735_PlotClear), (92 bytes).
    Removing lcd.o(i.ST7735_PlotLine), (264 bytes).
    Removing lcd.o(i.ST7735_PlotNext), (32 bytes).
    Removing lcd.o(i.ST7735_PlotNextErase), (64 bytes).
    Removing lcd.o(i.ST7735_PlotPoint), (152 bytes).
    Removing lcd.o(i.ST7735_PlotPoints), (172 bytes).
    Removing lcd.o(i.ST7735_PlotdBfs), (60 bytes).
    Removing lcd.o(i.ST7735_SetRotation), (212 bytes).
    Removing lcd.o(i.ST7735_SetTextColor), (12 bytes).
    Removing lcd.o(i.ST7735_SwapColor), (18 bytes).
    Removing lcd.o(i.ferror), (8 bytes).
    Removing lcd.o(i.fgetc), (6 bytes).
    Removing lcd.o(i.fillmessage), (72 bytes).
    Removing lcd.o(i.fputc), (16 bytes).
    Removing lcd.o(.bss), (12 bytes).
    Removing keypad.o(.rev16_text), (4 bytes).
    Removing keypad.o(.revsh_text), (4 bytes).
    Removing keypad.o(.rrx_text), (6 bytes).
    Removing keypad.o(i.KeypadInit), (80 bytes).
    Removing keypad.o(i.MatrixFifo_Size), (24 bytes).
    Removing keypad.o(i.MatrixKeypad_Scan), (192 bytes).
    Removing locks.o(.rev16_text), (4 bytes).
    Removing locks.o(.revsh_text), (4 bytes).
    Removing locks.o(.rrx_text), (6 bytes).
    Removing locks.o(i.LocksLock), (96 bytes).
    Removing locks.o(i.LocksUnlk), (96 bytes).
    Removing butts.o(.rev16_text), (4 bytes).
    Removing butts.o(.revsh_text), (4 bytes).
    Removing butts.o(.rrx_text), (6 bytes).
    Removing butts.o(i.ButtsInit), (136 bytes).
    Removing butts.o(i.Buttsy), (104 bytes).
    Removing dets.o(.rev16_text), (4 bytes).
    Removing dets.o(.revsh_text), (4 bytes).
    Removing dets.o(.rrx_text), (6 bytes).
    Removing dets.o(i.DetsInit), (136 bytes).
    Removing dets.o(i.Detsy), (108 bytes).
    Removing dets.o(i.DetsyLP), (104 bytes).
    Removing clocksystem.o(.rev16_text), (4 bytes).
    Removing clocksystem.o(.revsh_text), (4 bytes).
    Removing clocksystem.o(.rrx_text), (6 bytes).
    Removing clocksystem.o(i.Clock_Init), (68 bytes).
    Removing clocksystem.o(i.Clock_Init32kHz), (336 bytes).
    Removing clocksystem.o(i.Clock_Init48MHz), (336 bytes).
    Removing clocksystem.o(i.Clock_InitLowPower), (224 bytes).
    Removing clocksystem.o(.data), (20 bytes).
    Removing system_msp432p401r.o(.rev16_text), (4 bytes).
    Removing system_msp432p401r.o(.revsh_text), (4 bytes).
    Removing system_msp432p401r.o(.rrx_text), (6 bytes).
    Removing system_msp432p401r.o(i.SystemCoreClockUpdate), (612 bytes).
    Removing system_msp432p401r.o(.data), (4 bytes).

73 unused section(s) (total 5344 bytes) removed from the image.

==============================================================================

Image Symbol Table

    Local Symbols

    Symbol Name                              Value     Ov Type        Size  Object(Section)

    RESET                                    0x00000000   Section      324  startup_msp432p401r_uvision.o(RESET)
    ../clib/angel/boardlib.s                 0x00000000   Number         0  boardinit3.o ABSOLUTE
    ../clib/angel/boardlib.s                 0x00000000   Number         0  boardinit2.o ABSOLUTE
    ../clib/angel/boardlib.s                 0x00000000   Number         0  boardinit1.o ABSOLUTE
    ../clib/angel/boardlib.s                 0x00000000   Number         0  boardshut.o ABSOLUTE
    ../clib/angel/handlers.s                 0x00000000   Number         0  __scatter_zi.o ABSOLUTE
    ../clib/angel/handlers.s                 0x00000000   Number         0  __scatter_copy.o ABSOLUTE
    ../clib/angel/kernel.s                   0x00000000   Number         0  rtexit.o ABSOLUTE
    ../clib/angel/kernel.s                   0x00000000   Number         0  __rtentry.o ABSOLUTE
    ../clib/angel/kernel.s                   0x00000000   Number         0  __rtentry4.o ABSOLUTE
    ../clib/angel/kernel.s                   0x00000000   Number         0  __rtentry2.o ABSOLUTE
    ../clib/angel/kernel.s                   0x00000000   Number         0  rtexit2.o ABSOLUTE
    ../clib/angel/rt.s                       0x00000000   Number         0  rt_raise.o ABSOLUTE
    ../clib/angel/scatter.s                  0x00000000   Number         0  __scatter.o ABSOLUTE
    ../clib/angel/startup.s                  0x00000000   Number         0  __main.o ABSOLUTE
    ../clib/angel/sys.s                      0x00000000   Number         0  sys_stackheap_outer.o ABSOLUTE
    ../clib/angel/sys.s                      0x00000000   Number         0  use_no_semi.o ABSOLUTE
    ../clib/angel/sys.s                      0x00000000   Number         0  indicate_semi.o ABSOLUTE
    ../clib/angel/sys.s                      0x00000000   Number         0  libspace.o ABSOLUTE
    ../clib/angel/sysapp.c                   0x00000000   Number         0  sys_command.o ABSOLUTE
    ../clib/angel/sysapp.c                   0x00000000   Number         0  sys_wrch.o ABSOLUTE
    ../clib/angel/sysapp.c                   0x00000000   Number         0  sys_exit.o ABSOLUTE
    ../clib/armsys.c                         0x00000000   Number         0  argv_veneer.o ABSOLUTE
    ../clib/armsys.c                         0x00000000   Number         0  argv_veneer.o ABSOLUTE
    ../clib/armsys.c                         0x00000000   Number         0  _get_argv_nomalloc.o ABSOLUTE
    ../clib/armsys.c                         0x00000000   Number         0  no_argv.o ABSOLUTE
    ../clib/heapalloc.c                      0x00000000   Number         0  hrguard.o ABSOLUTE
    ../clib/heapaux.c                        0x00000000   Number         0  heapauxi.o ABSOLUTE
    ../clib/libinit.s                        0x00000000   Number         0  libshutdown.o ABSOLUTE
    ../clib/libinit.s                        0x00000000   Number         0  libshutdown2.o ABSOLUTE
    ../clib/libinit.s                        0x00000000   Number         0  libinit2.o ABSOLUTE
    ../clib/libinit.s                        0x00000000   Number         0  libinit.o ABSOLUTE
    ../clib/signal.c                         0x00000000   Number         0  defsig_fpe_inner.o ABSOLUTE
    ../clib/signal.c                         0x00000000   Number         0  defsig_rtmem_outer.o ABSOLUTE
    ../clib/signal.c                         0x00000000   Number         0  defsig_stak_inner.o ABSOLUTE
    ../clib/signal.c                         0x00000000   Number         0  defsig_rtred_inner.o ABSOLUTE
    ../clib/signal.c                         0x00000000   Number         0  defsig_other.o ABSOLUTE
    ../clib/signal.c                         0x00000000   Number         0  defsig_abrt_inner.o ABSOLUTE
    ../clib/signal.c                         0x00000000   Number         0  defsig_pvfn_inner.o ABSOLUTE
    ../clib/signal.c                         0x00000000   Number         0  defsig_general.o ABSOLUTE
    ../clib/signal.c                         0x00000000   Number         0  __raise.o ABSOLUTE
    ../clib/signal.c                         0x00000000   Number         0  defsig_rtmem_inner.o ABSOLUTE
    ../clib/signal.c                         0x00000000   Number         0  defsig_cppl_inner.o ABSOLUTE
    ../clib/signal.c                         0x00000000   Number         0  defsig_rtmem_formal.o ABSOLUTE
    ../clib/signal.c                         0x00000000   Number         0  defsig_segv_inner.o ABSOLUTE
    ../clib/signal.c                         0x00000000   Number         0  defsig_exit.o ABSOLUTE
    ../clib/signal.s                         0x00000000   Number         0  defsig.o ABSOLUTE
    ../clib/stdlib.c                         0x00000000   Number         0  exit.o ABSOLUTE
    ../fplib/faddsub.s                       0x00000000   Number         0  faddsub_clz.o ABSOLUTE
    ../fplib/fdiv.s                          0x00000000   Number         0  fdiv.o ABSOLUTE
    ../fplib/ffixu.s                         0x00000000   Number         0  ffixu.o ABSOLUTE
    ../fplib/fflt.s                          0x00000000   Number         0  fflt_clz.o ABSOLUTE
    ../fplib/fmul.s                          0x00000000   Number         0  fmul.o ABSOLUTE
    ../fplib/fnaninf.s                       0x00000000   Number         0  fnaninf.o ABSOLUTE
    ../fplib/fpinit.s                        0x00000000   Number         0  fpinit.o ABSOLUTE
    ../fplib/fretinf.s                       0x00000000   Number         0  fretinf.o ABSOLUTE
    ../fplib/usenofp.s                       0x00000000   Number         0  usenofp.o ABSOLUTE
    Butts.c                                  0x00000000   Number         0  butts.o ABSOLUTE
    Butts.c                                  0x00000000   Number         0  butts.o ABSOLUTE
    ClockSystem.c                            0x00000000   Number         0  clocksystem.o ABSOLUTE
    ClockSystem.c                            0x00000000   Number         0  clocksystem.o ABSOLUTE
    Dets.c                                   0x00000000   Number         0  dets.o ABSOLUTE
    Dets.c                                   0x00000000   Number         0  dets.o ABSOLUTE
    Keypad.c                                 0x00000000   Number         0  keypad.o ABSOLUTE
    Keypad.c                                 0x00000000   Number         0  keypad.o ABSOLUTE
    LCD.c                                    0x00000000   Number         0  lcd.o ABSOLUTE
    LCD.c                                    0x00000000   Number         0  lcd.o ABSOLUTE
    Locks.c                                  0x00000000   Number         0  locks.o ABSOLUTE
    Locks.c                                  0x00000000   Number         0  locks.o ABSOLUTE
    RTE\Device\MSP432P401R\startup_msp432p401r_uvision.s 0x00000000   Number         0  startup_msp432p401r_uvision.o ABSOLUTE
    RTE\Device\MSP432P401R\system_msp432p401r.c 0x00000000   Number         0  system_msp432p401r.o ABSOLUTE
    RTE\\Device\\MSP432P401R\\system_msp432p401r.c 0x00000000   Number         0  system_msp432p401r.o ABSOLUTE
    dc.s                                     0x00000000   Number         0  dc.o ABSOLUTE
    smain.c                                  0x00000000   Number         0  smain.o ABSOLUTE
    smain.c                                  0x00000000   Number         0  smain.o ABSOLUTE
    !!!main                                  0x00000144   Section        8  __main.o(!!!main)
    !!!scatter                               0x0000014c   Section       52  __scatter.o(!!!scatter)
    !!handler_copy                           0x00000180   Section       26  __scatter_copy.o(!!handler_copy)
    !!handler_zi                             0x0000019c   Section       28  __scatter_zi.o(!!handler_zi)
    .ARM.Collect$$libinit$$00000000          0x000001b8   Section        2  libinit.o(.ARM.Collect$$libinit$$00000000)
    .ARM.Collect$$libinit$$00000002          0x000001ba   Section        0  libinit2.o(.ARM.Collect$$libinit$$00000002)
    .ARM.Collect$$libinit$$00000004          0x000001ba   Section        0  libinit2.o(.ARM.Collect$$libinit$$00000004)
    .ARM.Collect$$libinit$$0000000A          0x000001ba   Section        0  libinit2.o(.ARM.Collect$$libinit$$0000000A)
    .ARM.Collect$$libinit$$0000000C          0x000001ba   Section        0  libinit2.o(.ARM.Collect$$libinit$$0000000C)
    .ARM.Collect$$libinit$$0000000E          0x000001ba   Section        0  libinit2.o(.ARM.Collect$$libinit$$0000000E)
    .ARM.Collect$$libinit$$00000011          0x000001ba   Section        0  libinit2.o(.ARM.Collect$$libinit$$00000011)
    .ARM.Collect$$libinit$$00000013          0x000001ba   Section        0  libinit2.o(.ARM.Collect$$libinit$$00000013)
    .ARM.Collect$$libinit$$00000015          0x000001ba   Section        0  libinit2.o(.ARM.Collect$$libinit$$00000015)
    .ARM.Collect$$libinit$$00000017          0x000001ba   Section        0  libinit2.o(.ARM.Collect$$libinit$$00000017)
    .ARM.Collect$$libinit$$00000019          0x000001ba   Section        0  libinit2.o(.ARM.Collect$$libinit$$00000019)
    .ARM.Collect$$libinit$$0000001B          0x000001ba   Section        0  libinit2.o(.ARM.Collect$$libinit$$0000001B)
    .ARM.Collect$$libinit$$0000001D          0x000001ba   Section        0  libinit2.o(.ARM.Collect$$libinit$$0000001D)
    .ARM.Collect$$libinit$$0000001F          0x000001ba   Section        0  libinit2.o(.ARM.Collect$$libinit$$0000001F)
    .ARM.Collect$$libinit$$00000021          0x000001ba   Section        0  libinit2.o(.ARM.Collect$$libinit$$00000021)
    .ARM.Collect$$libinit$$00000023          0x000001ba   Section        0  libinit2.o(.ARM.Collect$$libinit$$00000023)
    .ARM.Collect$$libinit$$00000025          0x000001ba   Section        0  libinit2.o(.ARM.Collect$$libinit$$00000025)
    .ARM.Collect$$libinit$$0000002C          0x000001ba   Section        0  libinit2.o(.ARM.Collect$$libinit$$0000002C)
    .ARM.Collect$$libinit$$0000002E          0x000001ba   Section        0  libinit2.o(.ARM.Collect$$libinit$$0000002E)
    .ARM.Collect$$libinit$$00000030          0x000001ba   Section        0  libinit2.o(.ARM.Collect$$libinit$$00000030)
    .ARM.Collect$$libinit$$00000032          0x000001ba   Section        0  libinit2.o(.ARM.Collect$$libinit$$00000032)
    .ARM.Collect$$libinit$$00000033          0x000001ba   Section        2  libinit2.o(.ARM.Collect$$libinit$$00000033)
    .ARM.Collect$$libshutdown$$00000000      0x000001bc   Section        2  libshutdown.o(.ARM.Collect$$libshutdown$$00000000)
    .ARM.Collect$$libshutdown$$00000002      0x000001be   Section        0  libshutdown2.o(.ARM.Collect$$libshutdown$$00000002)
    .ARM.Collect$$libshutdown$$00000004      0x000001be   Section        0  libshutdown2.o(.ARM.Collect$$libshutdown$$00000004)
    .ARM.Collect$$libshutdown$$00000007      0x000001be   Section        0  libshutdown2.o(.ARM.Collect$$libshutdown$$00000007)
    .ARM.Collect$$libshutdown$$0000000A      0x000001be   Section        0  libshutdown2.o(.ARM.Collect$$libshutdown$$0000000A)
    .ARM.Collect$$libshutdown$$0000000C      0x000001be   Section        0  libshutdown2.o(.ARM.Collect$$libshutdown$$0000000C)
    .ARM.Collect$$libshutdown$$0000000F      0x000001be   Section        0  libshutdown2.o(.ARM.Collect$$libshutdown$$0000000F)
    .ARM.Collect$$libshutdown$$00000010      0x000001be   Section        2  libshutdown2.o(.ARM.Collect$$libshutdown$$00000010)
    .ARM.Collect$$rtentry$$00000000          0x000001c0   Section        0  __rtentry.o(.ARM.Collect$$rtentry$$00000000)
    .ARM.Collect$$rtentry$$00000002          0x000001c0   Section        0  __rtentry2.o(.ARM.Collect$$rtentry$$00000002)
    .ARM.Collect$$rtentry$$00000004          0x000001c0   Section        6  __rtentry4.o(.ARM.Collect$$rtentry$$00000004)
    .ARM.Collect$$rtentry$$00000009          0x000001c6   Section        0  __rtentry2.o(.ARM.Collect$$rtentry$$00000009)
    .ARM.Collect$$rtentry$$0000000A          0x000001c6   Section        4  __rtentry2.o(.ARM.Collect$$rtentry$$0000000A)
    .ARM.Collect$$rtentry$$0000000C          0x000001ca   Section        0  __rtentry2.o(.ARM.Collect$$rtentry$$0000000C)
    .ARM.Collect$$rtentry$$0000000D          0x000001ca   Section        8  __rtentry2.o(.ARM.Collect$$rtentry$$0000000D)
    .ARM.Collect$$rtexit$$00000000           0x000001d2   Section        2  rtexit.o(.ARM.Collect$$rtexit$$00000000)
    .ARM.Collect$$rtexit$$00000002           0x000001d4   Section        0  rtexit2.o(.ARM.Collect$$rtexit$$00000002)
    .ARM.Collect$$rtexit$$00000003           0x000001d4   Section        4  rtexit2.o(.ARM.Collect$$rtexit$$00000003)
    .ARM.Collect$$rtexit$$00000004           0x000001d8   Section        6  rtexit2.o(.ARM.Collect$$rtexit$$00000004)
    .emb_text                                0x000001e0   Section        6  lcd.o(.emb_text)
    .text                                    0x000001e8   Section       84  startup_msp432p401r_uvision.o(.text)
    .text                                    0x0000023c   Section        0  heapauxi.o(.text)
    .text                                    0x00000242   Section       74  sys_stackheap_outer.o(.text)
    .text                                    0x0000028c   Section        0  exit.o(.text)
    .text                                    0x000002a0   Section        8  libspace.o(.text)
    .text                                    0x000002a8   Section        0  sys_exit.o(.text)
    .text                                    0x000002b4   Section        2  use_no_semi.o(.text)
    .text                                    0x000002b6   Section        0  indicate_semi.o(.text)
    i.ButtsInitLP                            0x000002b8   Section        0  butts.o(i.ButtsInitLP)
    i.ButtsyLP                               0x00000368   Section        0  butts.o(i.ButtsyLP)
    i.Delay1ms                               0x000003d4   Section        0  lcd.o(i.Delay1ms)
    i.DetsInitLP                             0x000003ec   Section        0  dets.o(i.DetsInitLP)
    i.KeypadGet                              0x00000474   Section        0  keypad.o(i.KeypadGet)
    i.KeypadInitLP                           0x000004a0   Section        0  keypad.o(i.KeypadInitLP)
    i.KeypadInt                              0x000004f0   Section        0  keypad.o(i.KeypadInt)
    i.LocksInit                              0x00000534   Section        0  locks.o(i.LocksInit)
    i.MatrixFifo_Get                         0x000005bc   Section        0  keypad.o(i.MatrixFifo_Get)
    i.MatrixFifo_Init                        0x000005f8   Section        0  keypad.o(i.MatrixFifo_Init)
    i.MatrixFifo_Put                         0x0000061c   Section        0  keypad.o(i.MatrixFifo_Put)
    i.MatrixKeypad_ScanLP                    0x00000658   Section        0  keypad.o(i.MatrixKeypad_ScanLP)
    i.OneShot                                0x00000718   Section        0  smain.o(i.OneShot)
    i.ST7735_DrawBitmap                      0x0000075c   Section        0  lcd.o(i.ST7735_DrawBitmap)
    i.ST7735_DrawCharS                       0x0000087c   Section        0  lcd.o(i.ST7735_DrawCharS)
    i.ST7735_DrawPixel                       0x00000974   Section        0  lcd.o(i.ST7735_DrawPixel)
    i.ST7735_DrawString                      0x000009bc   Section        0  lcd.o(i.ST7735_DrawString)
    i.ST7735_FillRect                        0x00000a14   Section        0  lcd.o(i.ST7735_FillRect)
    i.ST7735_FillScreen                      0x00000ac0   Section        0  lcd.o(i.ST7735_FillScreen)
    i.ST7735_InitR                           0x00000ae4   Section        0  lcd.o(i.ST7735_InitR)
    i.ST7735_OutCharSMACK                    0x00000b60   Section        0  lcd.o(i.ST7735_OutCharSMACK)
    i.ST7735_OutString                       0x00000c34   Section        0  lcd.o(i.ST7735_OutString)
    i.ST7735_SetCursor                       0x00000c4c   Section        0  lcd.o(i.ST7735_SetCursor)
    i.SysTick_Handler                        0x00000c6c   Section        0  keypad.o(i.SysTick_Handler)
    i.SysTick_Init                           0x00000cb4   Section        0  keypad.o(i.SysTick_Init)
    i.SystemInit                             0x00000cf4   Section        0  system_msp432p401r.o(i.SystemInit)
    i.T32_INT1_IRQHandler                    0x00000d50   Section        0  smain.o(i.T32_INT1_IRQHandler)
    i.commandList                            0x00000d64   Section        0  lcd.o(i.commandList)
    commandList                              0x00000d65   Thumb Code    86  lcd.o(i.commandList)
    i.commonInit                             0x00000dbc   Section        0  lcd.o(i.commonInit)
    commonInit                               0x00000dbd   Thumb Code   258  lcd.o(i.commonInit)
    i.main                                   0x00000ed0   Section        0  smain.o(i.main)
    i.pushColor                              0x00001710   Section        0  lcd.o(i.pushColor)
    pushColor                                0x00001711   Thumb Code    18  lcd.o(i.pushColor)
    i.setAddrWindow                          0x00001724   Section        0  lcd.o(i.setAddrWindow)
    setAddrWindow                            0x00001725   Thumb Code   106  lcd.o(i.setAddrWindow)
    i.writecommand                           0x00001798   Section        0  lcd.o(i.writecommand)
    writecommand                             0x00001799   Thumb Code    58  lcd.o(i.writecommand)
    i.writedata                              0x000017dc   Section        0  lcd.o(i.writedata)
    writedata                                0x000017dd   Thumb Code    58  lcd.o(i.writedata)
    .constdata                               0x00001820   Section    15120  smain.o(.constdata)
    .constdata                               0x00005330   Section     2018  lcd.o(.constdata)
    Font                                     0x00005330   Data        1275  lcd.o(.constdata)
    Bcmd                                     0x0000582b   Data         103  lcd.o(.constdata)
    Rcmd1                                    0x00005892   Data          59  lcd.o(.constdata)
    Rcmd2green                               0x000058cd   Data          13  lcd.o(.constdata)
    Rcmd2red                                 0x000058da   Data          13  lcd.o(.constdata)
    Rcmd3                                    0x000058e7   Data          43  lcd.o(.constdata)
    .constdata                               0x00005b12   Section       20  keypad.o(.constdata)
    .data                                    0x20000000   Section      159  smain.o(.data)
    .data                                    0x200000a0   Section       44  lcd.o(.data)
    ColStart                                 0x200000aa   Data           1  lcd.o(.data)
    RowStart                                 0x200000ab   Data           1  lcd.o(.data)
    Rotation                                 0x200000ac   Data           1  lcd.o(.data)
    TabColor                                 0x200000ad   Data           1  lcd.o(.data)
    _width                                   0x200000ae   Data           2  lcd.o(.data)
    _height                                  0x200000b0   Data           2  lcd.o(.data)
    .data                                    0x200000cc   Section       13  keypad.o(.data)
    LastKey                                  0x200000d8   Data           1  keypad.o(.data)
    .bss                                     0x200000dc   Section       16  smain.o(.bss)
    .bss                                     0x200000ec   Section       16  keypad.o(.bss)
    MatrixFifo                               0x200000ec   Data          16  keypad.o(.bss)
    .bss                                     0x200000fc   Section       96  libspace.o(.bss)
    HEAP                                     0x20000160   Section        0  startup_msp432p401r_uvision.o(HEAP)
    STACK                                    0x20000160   Section      512  startup_msp432p401r_uvision.o(STACK)
    Heap_Mem                                 0x20000160   Data           0  startup_msp432p401r_uvision.o(HEAP)
    Stack_Mem                                0x20000160   Data         512  startup_msp432p401r_uvision.o(STACK)
    __initial_sp                             0x20000360   Data           0  startup_msp432p401r_uvision.o(STACK)

    Global Symbols

    Symbol Name                              Value     Ov Type        Size  Object(Section)

    BuildAttributes$$THM_ISAv4$E$P$D$K$B$S$7EM$PE$A:L22UL41UL21$X:L11$S22US41US21$IEEE1$IW$USESV6$~STKCKD$USESV7$~SHL$OSPACE$ROPI$EBA8$UX$STANDARDLIB$REQ8$PRES8$EABIv2 0x00000000   Number         0  anon$$obj.o ABSOLUTE
    __ARM_use_no_argv                        0x00000000   Number         0  smain.o ABSOLUTE
    __Vectors                                0x00000000   Data           4  startup_msp432p401r_uvision.o(RESET)
    __ARM_exceptions_init                     - Undefined Weak Reference
    __alloca_initialize                       - Undefined Weak Reference
    __arm_preinit_                            - Undefined Weak Reference
    __cpp_initialize__aeabi_                  - Undefined Weak Reference
    __cxa_finalize                            - Undefined Weak Reference
    __rt_locale                               - Undefined Weak Reference
    __sigvec_lookup                           - Undefined Weak Reference
    _atexit_init                              - Undefined Weak Reference
    _call_atexit_fns                          - Undefined Weak Reference
    _clock_init                               - Undefined Weak Reference
    _fp_trap_init                             - Undefined Weak Reference
    _fp_trap_shutdown                         - Undefined Weak Reference
    _get_lc_collate                           - Undefined Weak Reference
    _get_lc_ctype                             - Undefined Weak Reference
    _get_lc_monetary                          - Undefined Weak Reference
    _get_lc_numeric                           - Undefined Weak Reference
    _get_lc_time                              - Undefined Weak Reference
    _getenv_init                              - Undefined Weak Reference
    _handle_redirection                       - Undefined Weak Reference
    _init_alloc                               - Undefined Weak Reference
    _init_user_alloc                          - Undefined Weak Reference
    _initio                                   - Undefined Weak Reference
    _rand_init                                - Undefined Weak Reference
    _signal_finish                            - Undefined Weak Reference
    _signal_init                              - Undefined Weak Reference
    _terminate_alloc                          - Undefined Weak Reference
    _terminate_user_alloc                     - Undefined Weak Reference
    _terminateio                              - Undefined Weak Reference
    __Vectors_End                            0x00000144   Data           0  startup_msp432p401r_uvision.o(RESET)
    __Vectors_Size                           0x00000144   Number         0  startup_msp432p401r_uvision.o ABSOLUTE
    __main                                   0x00000145   Thumb Code     8  __main.o(!!!main)
    __scatterload                            0x0000014d   Thumb Code     0  __scatter.o(!!!scatter)
    __scatterload_rt2                        0x0000014d   Thumb Code    44  __scatter.o(!!!scatter)
    __scatterload_rt2_thumb_only             0x0000014d   Thumb Code     0  __scatter.o(!!!scatter)
    __scatterload_null                       0x0000015b   Thumb Code     0  __scatter.o(!!!scatter)
    __scatterload_copy                       0x00000181   Thumb Code    26  __scatter_copy.o(!!handler_copy)
    __scatterload_zeroinit                   0x0000019d   Thumb Code    28  __scatter_zi.o(!!handler_zi)
    __rt_lib_init                            0x000001b9   Thumb Code     0  libinit.o(.ARM.Collect$$libinit$$00000000)
    __rt_lib_init_alloca_1                   0x000001bb   Thumb Code     0  libinit2.o(.ARM.Collect$$libinit$$0000002E)
    __rt_lib_init_argv_1                     0x000001bb   Thumb Code     0  libinit2.o(.ARM.Collect$$libinit$$0000002C)
    __rt_lib_init_atexit_1                   0x000001bb   Thumb Code     0  libinit2.o(.ARM.Collect$$libinit$$0000001B)
    __rt_lib_init_clock_1                    0x000001bb   Thumb Code     0  libinit2.o(.ARM.Collect$$libinit$$00000021)
    __rt_lib_init_cpp_1                      0x000001bb   Thumb Code     0  libinit2.o(.ARM.Collect$$libinit$$00000032)
    __rt_lib_init_exceptions_1               0x000001bb   Thumb Code     0  libinit2.o(.ARM.Collect$$libinit$$00000030)
    __rt_lib_init_fp_1                       0x000001bb   Thumb Code     0  libinit2.o(.ARM.Collect$$libinit$$00000002)
    __rt_lib_init_fp_trap_1                  0x000001bb   Thumb Code     0  libinit2.o(.ARM.Collect$$libinit$$0000001F)
    __rt_lib_init_getenv_1                   0x000001bb   Thumb Code     0  libinit2.o(.ARM.Collect$$libinit$$00000023)
    __rt_lib_init_heap_1                     0x000001bb   Thumb Code     0  libinit2.o(.ARM.Collect$$libinit$$0000000A)
    __rt_lib_init_lc_collate_1               0x000001bb   Thumb Code     0  libinit2.o(.ARM.Collect$$libinit$$00000011)
    __rt_lib_init_lc_ctype_1                 0x000001bb   Thumb Code     0  libinit2.o(.ARM.Collect$$libinit$$00000013)
    __rt_lib_init_lc_monetary_1              0x000001bb   Thumb Code     0  libinit2.o(.ARM.Collect$$libinit$$00000015)
    __rt_lib_init_lc_numeric_1               0x000001bb   Thumb Code     0  libinit2.o(.ARM.Collect$$libinit$$00000017)
    __rt_lib_init_lc_time_1                  0x000001bb   Thumb Code     0  libinit2.o(.ARM.Collect$$libinit$$00000019)
    __rt_lib_init_preinit_1                  0x000001bb   Thumb Code     0  libinit2.o(.ARM.Collect$$libinit$$00000004)
    __rt_lib_init_rand_1                     0x000001bb   Thumb Code     0  libinit2.o(.ARM.Collect$$libinit$$0000000E)
    __rt_lib_init_return                     0x000001bb   Thumb Code     0  libinit2.o(.ARM.Collect$$libinit$$00000033)
    __rt_lib_init_signal_1                   0x000001bb   Thumb Code     0  libinit2.o(.ARM.Collect$$libinit$$0000001D)
    __rt_lib_init_stdio_1                    0x000001bb   Thumb Code     0  libinit2.o(.ARM.Collect$$libinit$$00000025)
    __rt_lib_init_user_alloc_1               0x000001bb   Thumb Code     0  libinit2.o(.ARM.Collect$$libinit$$0000000C)
    __rt_lib_shutdown                        0x000001bd   Thumb Code     0  libshutdown.o(.ARM.Collect$$libshutdown$$00000000)
    __rt_lib_shutdown_cpp_1                  0x000001bf   Thumb Code     0  libshutdown2.o(.ARM.Collect$$libshutdown$$00000002)
    __rt_lib_shutdown_fp_trap_1              0x000001bf   Thumb Code     0  libshutdown2.o(.ARM.Collect$$libshutdown$$00000007)
    __rt_lib_shutdown_heap_1                 0x000001bf   Thumb Code     0  libshutdown2.o(.ARM.Collect$$libshutdown$$0000000F)
    __rt_lib_shutdown_return                 0x000001bf   Thumb Code     0  libshutdown2.o(.ARM.Collect$$libshutdown$$00000010)
    __rt_lib_shutdown_signal_1               0x000001bf   Thumb Code     0  libshutdown2.o(.ARM.Collect$$libshutdown$$0000000A)
    __rt_lib_shutdown_stdio_1                0x000001bf   Thumb Code     0  libshutdown2.o(.ARM.Collect$$libshutdown$$00000004)
    __rt_lib_shutdown_user_alloc_1           0x000001bf   Thumb Code     0  libshutdown2.o(.ARM.Collect$$libshutdown$$0000000C)
    __rt_entry                               0x000001c1   Thumb Code     0  __rtentry.o(.ARM.Collect$$rtentry$$00000000)
    __rt_entry_presh_1                       0x000001c1   Thumb Code     0  __rtentry2.o(.ARM.Collect$$rtentry$$00000002)
    __rt_entry_sh                            0x000001c1   Thumb Code     0  __rtentry4.o(.ARM.Collect$$rtentry$$00000004)
    __rt_entry_li                            0x000001c7   Thumb Code     0  __rtentry2.o(.ARM.Collect$$rtentry$$0000000A)
    __rt_entry_postsh_1                      0x000001c7   Thumb Code     0  __rtentry2.o(.ARM.Collect$$rtentry$$00000009)
    __rt_entry_main                          0x000001cb   Thumb Code     0  __rtentry2.o(.ARM.Collect$$rtentry$$0000000D)
    __rt_entry_postli_1                      0x000001cb   Thumb Code     0  __rtentry2.o(.ARM.Collect$$rtentry$$0000000C)
    __rt_exit                                0x000001d3   Thumb Code     0  rtexit.o(.ARM.Collect$$rtexit$$00000000)
    __rt_exit_ls                             0x000001d5   Thumb Code     0  rtexit2.o(.ARM.Collect$$rtexit$$00000003)
    __rt_exit_prels_1                        0x000001d5   Thumb Code     0  rtexit2.o(.ARM.Collect$$rtexit$$00000002)
    __rt_exit_exit                           0x000001d9   Thumb Code     0  rtexit2.o(.ARM.Collect$$rtexit$$00000004)
    parrotdelay                              0x000001e1   Thumb Code     6  lcd.o(.emb_text)
    Reset_Handler                            0x000001e9   Thumb Code     8  startup_msp432p401r_uvision.o(.text)
    NMI_Handler                              0x000001f1   Thumb Code     2  startup_msp432p401r_uvision.o(.text)
    HardFault_Handler                        0x000001f3   Thumb Code     2  startup_msp432p401r_uvision.o(.text)
    MemManage_Handler                        0x000001f5   Thumb Code     2  startup_msp432p401r_uvision.o(.text)
    BusFault_Handler                         0x000001f7   Thumb Code     2  startup_msp432p401r_uvision.o(.text)
    UsageFault_Handler                       0x000001f9   Thumb Code     2  startup_msp432p401r_uvision.o(.text)
    SVC_Handler                              0x000001fb   Thumb Code     2  startup_msp432p401r_uvision.o(.text)
    DebugMon_Handler                         0x000001fd   Thumb Code     2  startup_msp432p401r_uvision.o(.text)
    PendSV_Handler                           0x000001ff   Thumb Code     2  startup_msp432p401r_uvision.o(.text)
    ADC14_IRQHandler                         0x00000203   Thumb Code     0  startup_msp432p401r_uvision.o(.text)
    AES256_IRQHandler                        0x00000203   Thumb Code     0  startup_msp432p401r_uvision.o(.text)
    COMP_E0_IRQHandler                       0x00000203   Thumb Code     0  startup_msp432p401r_uvision.o(.text)
    COMP_E1_IRQHandler                       0x00000203   Thumb Code     0  startup_msp432p401r_uvision.o(.text)
    CS_IRQHandler                            0x00000203   Thumb Code     0  startup_msp432p401r_uvision.o(.text)
    DMA_ERR_IRQHandler                       0x00000203   Thumb Code     0  startup_msp432p401r_uvision.o(.text)
    DMA_INT0_IRQHandler                      0x00000203   Thumb Code     0  startup_msp432p401r_uvision.o(.text)
    DMA_INT1_IRQHandler                      0x00000203   Thumb Code     0  startup_msp432p401r_uvision.o(.text)
    DMA_INT2_IRQHandler                      0x00000203   Thumb Code     0  startup_msp432p401r_uvision.o(.text)
    DMA_INT3_IRQHandler                      0x00000203   Thumb Code     0  startup_msp432p401r_uvision.o(.text)
    EUSCIA0_IRQHandler                       0x00000203   Thumb Code     0  startup_msp432p401r_uvision.o(.text)
    EUSCIA1_IRQHandler                       0x00000203   Thumb Code     0  startup_msp432p401r_uvision.o(.text)
    EUSCIA2_IRQHandler                       0x00000203   Thumb Code     0  startup_msp432p401r_uvision.o(.text)
    EUSCIA3_IRQHandler                       0x00000203   Thumb Code     0  startup_msp432p401r_uvision.o(.text)
    EUSCIB0_IRQHandler                       0x00000203   Thumb Code     0  startup_msp432p401r_uvision.o(.text)
    EUSCIB1_IRQHandler                       0x00000203   Thumb Code     0  startup_msp432p401r_uvision.o(.text)
    EUSCIB2_IRQHandler                       0x00000203   Thumb Code     0  startup_msp432p401r_uvision.o(.text)
    EUSCIB3_IRQHandler                       0x00000203   Thumb Code     0  startup_msp432p401r_uvision.o(.text)
    FLCTL_IRQHandler                         0x00000203   Thumb Code     0  startup_msp432p401r_uvision.o(.text)
    FPU_IRQHandler                           0x00000203   Thumb Code     0  startup_msp432p401r_uvision.o(.text)
    PCM_IRQHandler                           0x00000203   Thumb Code     0  startup_msp432p401r_uvision.o(.text)
    PORT1_IRQHandler                         0x00000203   Thumb Code     0  startup_msp432p401r_uvision.o(.text)
    PORT2_IRQHandler                         0x00000203   Thumb Code     0  startup_msp432p401r_uvision.o(.text)
    PORT3_IRQHandler                         0x00000203   Thumb Code     0  startup_msp432p401r_uvision.o(.text)
    PORT4_IRQHandler                         0x00000203   Thumb Code     0  startup_msp432p401r_uvision.o(.text)
    PORT5_IRQHandler                         0x00000203   Thumb Code     0  startup_msp432p401r_uvision.o(.text)
    PORT6_IRQHandler                         0x00000203   Thumb Code     0  startup_msp432p401r_uvision.o(.text)
    PSS_IRQHandler                           0x00000203   Thumb Code     0  startup_msp432p401r_uvision.o(.text)
    RTC_C_IRQHandler                         0x00000203   Thumb Code     0  startup_msp432p401r_uvision.o(.text)
    T32_INT2_IRQHandler                      0x00000203   Thumb Code     0  startup_msp432p401r_uvision.o(.text)
    T32_INTC_IRQHandler                      0x00000203   Thumb Code     0  startup_msp432p401r_uvision.o(.text)
    TA0_0_IRQHandler                         0x00000203   Thumb Code     0  startup_msp432p401r_uvision.o(.text)
    TA0_N_IRQHandler                         0x00000203   Thumb Code     0  startup_msp432p401r_uvision.o(.text)
    TA1_0_IRQHandler                         0x00000203   Thumb Code     0  startup_msp432p401r_uvision.o(.text)
    TA1_N_IRQHandler                         0x00000203   Thumb Code     0  startup_msp432p401r_uvision.o(.text)
    TA2_0_IRQHandler                         0x00000203   Thumb Code     0  startup_msp432p401r_uvision.o(.text)
    TA2_N_IRQHandler                         0x00000203   Thumb Code     0  startup_msp432p401r_uvision.o(.text)
    TA3_0_IRQHandler                         0x00000203   Thumb Code     0  startup_msp432p401r_uvision.o(.text)
    TA3_N_IRQHandler                         0x00000203   Thumb Code     0  startup_msp432p401r_uvision.o(.text)
    WDT_A_IRQHandler                         0x00000203   Thumb Code     0  startup_msp432p401r_uvision.o(.text)
    DisableInterrupts                        0x0000020d   Thumb Code     0  startup_msp432p401r_uvision.o(.text)
    EnableInterrupts                         0x00000211   Thumb Code     0  startup_msp432p401r_uvision.o(.text)
    StartCritical                            0x00000215   Thumb Code     0  startup_msp432p401r_uvision.o(.text)
    EndCritical                              0x0000021d   Thumb Code     0  startup_msp432p401r_uvision.o(.text)
    WaitForInterrupt                         0x00000223   Thumb Code     0  startup_msp432p401r_uvision.o(.text)
    __user_initial_stackheap                 0x00000227   Thumb Code    10  startup_msp432p401r_uvision.o(.text)
    __use_two_region_memory                  0x0000023d   Thumb Code     2  heapauxi.o(.text)
    __rt_heap_escrow$2region                 0x0000023f   Thumb Code     2  heapauxi.o(.text)
    __rt_heap_expand$2region                 0x00000241   Thumb Code     2  heapauxi.o(.text)
    __user_setup_stackheap                   0x00000243   Thumb Code    74  sys_stackheap_outer.o(.text)
    exit                                     0x0000028d   Thumb Code    18  exit.o(.text)
    __user_libspace                          0x000002a1   Thumb Code     8  libspace.o(.text)
    __user_perproc_libspace                  0x000002a1   Thumb Code     0  libspace.o(.text)
    __user_perthread_libspace                0x000002a1   Thumb Code     0  libspace.o(.text)
    _sys_exit                                0x000002a9   Thumb Code     8  sys_exit.o(.text)
    __I$use$semihosting                      0x000002b5   Thumb Code     0  use_no_semi.o(.text)
    __use_no_semihosting_swi                 0x000002b5   Thumb Code     2  use_no_semi.o(.text)
    __semihosting_library_function           0x000002b7   Thumb Code     0  indicate_semi.o(.text)
    ButtsInitLP                              0x000002b9   Thumb Code   170  butts.o(i.ButtsInitLP)
    ButtsyLP                                 0x00000369   Thumb Code   102  butts.o(i.ButtsyLP)
    Delay1ms                                 0x000003d5   Thumb Code    22  lcd.o(i.Delay1ms)
    DetsInitLP                               0x000003ed   Thumb Code   130  dets.o(i.DetsInitLP)
    KeypadGet                                0x00000475   Thumb Code    38  keypad.o(i.KeypadGet)
    KeypadInitLP                             0x000004a1   Thumb Code    64  keypad.o(i.KeypadInitLP)
    KeypadInt                                0x000004f1   Thumb Code    68  keypad.o(i.KeypadInt)
    LocksInit                                0x00000535   Thumb Code   130  locks.o(i.LocksInit)
    MatrixFifo_Get                           0x000005bd   Thumb Code    46  keypad.o(i.MatrixFifo_Get)
    MatrixFifo_Init                          0x000005f9   Thumb Code    26  keypad.o(i.MatrixFifo_Init)
    MatrixFifo_Put                           0x0000061d   Thumb Code    48  keypad.o(i.MatrixFifo_Put)
    MatrixKeypad_ScanLP                      0x00000659   Thumb Code   182  keypad.o(i.MatrixKeypad_ScanLP)
    OneShot                                  0x00000719   Thumb Code    56  smain.o(i.OneShot)
    ST7735_DrawBitmap                        0x0000075d   Thumb Code   280  lcd.o(i.ST7735_DrawBitmap)
    ST7735_DrawCharS                         0x0000087d   Thumb Code   236  lcd.o(i.ST7735_DrawCharS)
    ST7735_DrawPixel                         0x00000975   Thumb Code    64  lcd.o(i.ST7735_DrawPixel)
    ST7735_DrawString                        0x000009bd   Thumb Code    86  lcd.o(i.ST7735_DrawString)
    ST7735_FillRect                          0x00000a15   Thumb Code   164  lcd.o(i.ST7735_FillRect)
    ST7735_FillScreen                        0x00000ac1   Thumb Code    28  lcd.o(i.ST7735_FillScreen)
    ST7735_InitR                             0x00000ae5   Thumb Code    90  lcd.o(i.ST7735_InitR)
    ST7735_OutCharSMACK                      0x00000b61   Thumb Code   176  lcd.o(i.ST7735_OutCharSMACK)
    ST7735_OutString                         0x00000c35   Thumb Code    24  lcd.o(i.ST7735_OutString)
    ST7735_SetCursor                         0x00000c4d   Thumb Code    22  lcd.o(i.ST7735_SetCursor)
    SysTick_Handler                          0x00000c6d   Thumb Code    62  keypad.o(i.SysTick_Handler)
    SysTick_Init                             0x00000cb5   Thumb Code    58  keypad.o(i.SysTick_Init)
    SystemInit                               0x00000cf5   Thumb Code    74  system_msp432p401r.o(i.SystemInit)
    T32_INT1_IRQHandler                      0x00000d51   Thumb Code    12  smain.o(i.T32_INT1_IRQHandler)
    main                                     0x00000ed1   Thumb Code  2050  smain.o(i.main)
    allig8r                                  0x00001820   Data       15120  smain.o(.constdata)
    dBfs                                     0x00005912   Data         512  lcd.o(.constdata)
    ScanTab                                  0x00005b12   Data          20  keypad.o(.constdata)
    Region$$Table$$Base                      0x00005b28   Number         0  anon$$obj.o(Region$$Table)
    Region$$Table$$Limit                     0x00005b48   Number         0  anon$$obj.o(Region$$Table)
    key                                      0x20000000   Data           1  smain.o(.data)
    localStatus                              0x20000001   Data           4  smain.o(.data)
    localButts                               0x20000005   Data           4  smain.o(.data)
    localDets                                0x20000009   Data           4  smain.o(.data)
    slot                                     0x2000000d   Data           1  smain.o(.data)
    pins                                     0x2000000e   Data           4  smain.o(.data)
    pclr                                     0x20000012   Data           4  smain.o(.data)
    stat                                     0x20000016   Data           1  smain.o(.data)
    timesUp                                  0x20000017   Data           1  smain.o(.data)
    butt                                     0x20000018   Data           1  smain.o(.data)
    det                                      0x20000019   Data           1  smain.o(.data)
    fill                                     0x2000001a   Data           1  smain.o(.data)
    str01                                    0x2000001b   Data          12  smain.o(.data)
    str02                                    0x20000027   Data          18  smain.o(.data)
    str03                                    0x20000039   Data          18  smain.o(.data)
    str04                                    0x2000004b   Data          16  smain.o(.data)
    str05                                    0x2000005b   Data          16  smain.o(.data)
    str06                                    0x2000006b   Data          18  smain.o(.data)
    str07                                    0x2000007d   Data          18  smain.o(.data)
    str08                                    0x2000008f   Data           8  smain.o(.data)
    str09                                    0x20000097   Data           8  smain.o(.data)
    StX                                      0x200000a0   Data           4  lcd.o(.data)
    StY                                      0x200000a4   Data           4  lcd.o(.data)
    StTextColor                              0x200000a8   Data           2  lcd.o(.data)
    Messageindex                             0x200000b4   Data           4  lcd.o(.data)
    Ymax                                     0x200000b8   Data           4  lcd.o(.data)
    Ymin                                     0x200000bc   Data           4  lcd.o(.data)
    X                                        0x200000c0   Data           4  lcd.o(.data)
    Yrange                                   0x200000c4   Data           4  lcd.o(.data)
    lastj                                    0x200000c8   Data           4  lcd.o(.data)
    MatrixPutI                               0x200000cc   Data           4  keypad.o(.data)
    MatrixGetI                               0x200000d0   Data           4  keypad.o(.data)
    HeartBeat                                0x200000d4   Data           4  keypad.o(.data)
    localPins                                0x200000dc   Data          16  smain.o(.bss)
    __libspace_start                         0x200000fc   Data          96  libspace.o(.bss)
    __temporary_stack_top$libspace           0x2000015c   Data           0  libspace.o(.bss)



==============================================================================

Memory Map of the image

  Image Entry point : 0x000001e9

  Load Region LR_1 (Base: 0x00000000, Size: 0x00005c24, Max: 0xffffffff, ABSOLUTE)

    Execution Region ER_RO (Base: 0x00000000, Size: 0x00005b48, Max: 0xffffffff, ABSOLUTE)

    Base Addr    Size         Type   Attr      Idx    E Section Name        Object

    0x00000000   0x00000144   Data   RO          662    RESET               startup_msp432p401r_uvision.o
    0x00000144   0x00000008   Code   RO          720  * !!!main             c_w.l(__main.o)
    0x0000014c   0x00000034   Code   RO          904    !!!scatter          c_w.l(__scatter.o)
    0x00000180   0x0000001a   Code   RO          906    !!handler_copy      c_w.l(__scatter_copy.o)
    0x0000019a   0x00000002   PAD
    0x0000019c   0x0000001c   Code   RO          908    !!handler_zi        c_w.l(__scatter_zi.o)
    0x000001b8   0x00000002   Code   RO          774    .ARM.Collect$$libinit$$00000000  c_w.l(libinit.o)
    0x000001ba   0x00000000   Code   RO          781    .ARM.Collect$$libinit$$00000002  c_w.l(libinit2.o)
    0x000001ba   0x00000000   Code   RO          783    .ARM.Collect$$libinit$$00000004  c_w.l(libinit2.o)
    0x000001ba   0x00000000   Code   RO          786    .ARM.Collect$$libinit$$0000000A  c_w.l(libinit2.o)
    0x000001ba   0x00000000   Code   RO          788    .ARM.Collect$$libinit$$0000000C  c_w.l(libinit2.o)
    0x000001ba   0x00000000   Code   RO          790    .ARM.Collect$$libinit$$0000000E  c_w.l(libinit2.o)
    0x000001ba   0x00000000   Code   RO          793    .ARM.Collect$$libinit$$00000011  c_w.l(libinit2.o)
    0x000001ba   0x00000000   Code   RO          795    .ARM.Collect$$libinit$$00000013  c_w.l(libinit2.o)
    0x000001ba   0x00000000   Code   RO          797    .ARM.Collect$$libinit$$00000015  c_w.l(libinit2.o)
    0x000001ba   0x00000000   Code   RO          799    .ARM.Collect$$libinit$$00000017  c_w.l(libinit2.o)
    0x000001ba   0x00000000   Code   RO          801    .ARM.Collect$$libinit$$00000019  c_w.l(libinit2.o)
    0x000001ba   0x00000000   Code   RO          803    .ARM.Collect$$libinit$$0000001B  c_w.l(libinit2.o)
    0x000001ba   0x00000000   Code   RO          805    .ARM.Collect$$libinit$$0000001D  c_w.l(libinit2.o)
    0x000001ba   0x00000000   Code   RO          807    .ARM.Collect$$libinit$$0000001F  c_w.l(libinit2.o)
    0x000001ba   0x00000000   Code   RO          809    .ARM.Collect$$libinit$$00000021  c_w.l(libinit2.o)
    0x000001ba   0x00000000   Code   RO          811    .ARM.Collect$$libinit$$00000023  c_w.l(libinit2.o)
    0x000001ba   0x00000000   Code   RO          813    .ARM.Collect$$libinit$$00000025  c_w.l(libinit2.o)
    0x000001ba   0x00000000   Code   RO          817    .ARM.Collect$$libinit$$0000002C  c_w.l(libinit2.o)
    0x000001ba   0x00000000   Code   RO          819    .ARM.Collect$$libinit$$0000002E  c_w.l(libinit2.o)
    0x000001ba   0x00000000   Code   RO          821    .ARM.Collect$$libinit$$00000030  c_w.l(libinit2.o)
    0x000001ba   0x00000000   Code   RO          823    .ARM.Collect$$libinit$$00000032  c_w.l(libinit2.o)
    0x000001ba   0x00000002   Code   RO          824    .ARM.Collect$$libinit$$00000033  c_w.l(libinit2.o)
    0x000001bc   0x00000002   Code   RO          844    .ARM.Collect$$libshutdown$$00000000  c_w.l(libshutdown.o)
    0x000001be   0x00000000   Code   RO          857    .ARM.Collect$$libshutdown$$00000002  c_w.l(libshutdown2.o)
    0x000001be   0x00000000   Code   RO          859    .ARM.Collect$$libshutdown$$00000004  c_w.l(libshutdown2.o)
    0x000001be   0x00000000   Code   RO          862    .ARM.Collect$$libshutdown$$00000007  c_w.l(libshutdown2.o)
    0x000001be   0x00000000   Code   RO          865    .ARM.Collect$$libshutdown$$0000000A  c_w.l(libshutdown2.o)
    0x000001be   0x00000000   Code   RO          867    .ARM.Collect$$libshutdown$$0000000C  c_w.l(libshutdown2.o)
    0x000001be   0x00000000   Code   RO          870    .ARM.Collect$$libshutdown$$0000000F  c_w.l(libshutdown2.o)
    0x000001be   0x00000002   Code   RO          871    .ARM.Collect$$libshutdown$$00000010  c_w.l(libshutdown2.o)
    0x000001c0   0x00000000   Code   RO          744    .ARM.Collect$$rtentry$$00000000  c_w.l(__rtentry.o)
    0x000001c0   0x00000000   Code   RO          751    .ARM.Collect$$rtentry$$00000002  c_w.l(__rtentry2.o)
    0x000001c0   0x00000006   Code   RO          763    .ARM.Collect$$rtentry$$00000004  c_w.l(__rtentry4.o)
    0x000001c6   0x00000000   Code   RO          753    .ARM.Collect$$rtentry$$00000009  c_w.l(__rtentry2.o)
    0x000001c6   0x00000004   Code   RO          754    .ARM.Collect$$rtentry$$0000000A  c_w.l(__rtentry2.o)
    0x000001ca   0x00000000   Code   RO          756    .ARM.Collect$$rtentry$$0000000C  c_w.l(__rtentry2.o)
    0x000001ca   0x00000008   Code   RO          757    .ARM.Collect$$rtentry$$0000000D  c_w.l(__rtentry2.o)
    0x000001d2   0x00000002   Code   RO          778    .ARM.Collect$$rtexit$$00000000  c_w.l(rtexit.o)
    0x000001d4   0x00000000   Code   RO          826    .ARM.Collect$$rtexit$$00000002  c_w.l(rtexit2.o)
    0x000001d4   0x00000004   Code   RO          827    .ARM.Collect$$rtexit$$00000003  c_w.l(rtexit2.o)
    0x000001d8   0x00000006   Code   RO          828    .ARM.Collect$$rtexit$$00000004  c_w.l(rtexit2.o)
    0x000001de   0x00000002   PAD
    0x000001e0   0x00000006   Code   RO           89    .emb_text           lcd.o
    0x000001e6   0x00000002   PAD
    0x000001e8   0x00000054   Code   RO          663  * .text               startup_msp432p401r_uvision.o
    0x0000023c   0x00000006   Code   RO          718    .text               c_w.l(heapauxi.o)
    0x00000242   0x0000004a   Code   RO          765    .text               c_w.l(sys_stackheap_outer.o)
    0x0000028c   0x00000012   Code   RO          767    .text               c_w.l(exit.o)
    0x0000029e   0x00000002   PAD
    0x000002a0   0x00000008   Code   RO          775    .text               c_w.l(libspace.o)
    0x000002a8   0x0000000c   Code   RO          836    .text               c_w.l(sys_exit.o)
    0x000002b4   0x00000002   Code   RO          847    .text               c_w.l(use_no_semi.o)
    0x000002b6   0x00000000   Code   RO          849    .text               c_w.l(indicate_semi.o)
    0x000002b6   0x00000002   PAD
    0x000002b8   0x000000b0   Code   RO          535    i.ButtsInitLP       butts.o
    0x00000368   0x0000006c   Code   RO          537    i.ButtsyLP          butts.o
    0x000003d4   0x00000016   Code   RO           90    i.Delay1ms          lcd.o
    0x000003ea   0x00000002   PAD
    0x000003ec   0x00000088   Code   RO          577    i.DetsInitLP        dets.o
    0x00000474   0x0000002c   Code   RO          396    i.KeypadGet         keypad.o
    0x000004a0   0x00000050   Code   RO          398    i.KeypadInitLP      keypad.o
    0x000004f0   0x00000044   Code   RO          399    i.KeypadInt         keypad.o
    0x00000534   0x00000088   Code   RO          498    i.LocksInit         locks.o
    0x000005bc   0x0000003c   Code   RO          400    i.MatrixFifo_Get    keypad.o
    0x000005f8   0x00000024   Code   RO          401    i.MatrixFifo_Init   keypad.o
    0x0000061c   0x0000003c   Code   RO          402    i.MatrixFifo_Put    keypad.o
    0x00000658   0x000000c0   Code   RO          405    i.MatrixKeypad_ScanLP  keypad.o
    0x00000718   0x00000044   Code   RO            4    i.OneShot           smain.o
    0x0000075c   0x00000120   Code   RO           97    i.ST7735_DrawBitmap  lcd.o
    0x0000087c   0x000000f8   Code   RO           99    i.ST7735_DrawCharS  lcd.o
    0x00000974   0x00000048   Code   RO          102    i.ST7735_DrawPixel  lcd.o
    0x000009bc   0x00000056   Code   RO          103    i.ST7735_DrawString  lcd.o
    0x00000a12   0x00000002   PAD
    0x00000a14   0x000000ac   Code   RO          104    i.ST7735_FillRect   lcd.o
    0x00000ac0   0x00000024   Code   RO          105    i.ST7735_FillScreen  lcd.o
    0x00000ae4   0x0000007c   Code   RO          107    i.ST7735_InitR      lcd.o
    0x00000b60   0x000000d4   Code   RO          111    i.ST7735_OutCharSMACK  lcd.o
    0x00000c34   0x00000018   Code   RO          112    i.ST7735_OutString  lcd.o
    0x00000c4c   0x00000020   Code   RO          123    i.ST7735_SetCursor  lcd.o
    0x00000c6c   0x00000048   Code   RO          406    i.SysTick_Handler   keypad.o
    0x00000cb4   0x00000040   Code   RO          407    i.SysTick_Init      keypad.o
    0x00000cf4   0x0000005c   Code   RO          671    i.SystemInit        system_msp432p401r.o
    0x00000d50   0x00000014   Code   RO            5    i.T32_INT1_IRQHandler  smain.o
    0x00000d64   0x00000056   Code   RO          127    i.commandList       lcd.o
    0x00000dba   0x00000002   PAD
    0x00000dbc   0x00000114   Code   RO          128    i.commonInit        lcd.o
    0x00000ed0   0x00000840   Code   RO            6    i.main              smain.o
    0x00001710   0x00000012   Code   RO          133    i.pushColor         lcd.o
    0x00001722   0x00000002   PAD
    0x00001724   0x00000074   Code   RO          134    i.setAddrWindow     lcd.o
    0x00001798   0x00000044   Code   RO          135    i.writecommand      lcd.o
    0x000017dc   0x00000044   Code   RO          136    i.writedata         lcd.o
    0x00001820   0x00003b10   Data   RO            9    .constdata          smain.o
    0x00005330   0x000007e2   Data   RO          138    .constdata          lcd.o
    0x00005b12   0x00000014   Data   RO          409    .constdata          keypad.o
    0x00005b26   0x00000002   PAD
    0x00005b28   0x00000020   Data   RO          902    Region$$Table       anon$$obj.o


    Execution Region ER_RW (Base: 0x20000000, Size: 0x000000dc, Max: 0xffffffff, ABSOLUTE)

    Base Addr    Size         Type   Attr      Idx    E Section Name        Object

    0x20000000   0x0000009f   Data   RW           10    .data               smain.o
    0x2000009f   0x00000001   PAD
    0x200000a0   0x0000002c   Data   RW          139    .data               lcd.o
    0x200000cc   0x0000000d   Data   RW          410    .data               keypad.o


    Execution Region ER_ZI (Base: 0x200000dc, Size: 0x00000284, Max: 0xffffffff, ABSOLUTE)

    Base Addr    Size         Type   Attr      Idx    E Section Name        Object

    0x200000dc   0x00000010   Zero   RW            8    .bss                smain.o
    0x200000ec   0x00000010   Zero   RW          408    .bss                keypad.o
    0x200000fc   0x00000060   Zero   RW          776    .bss                c_w.l(libspace.o)
    0x2000015c   0x00000004   PAD
    0x20000160   0x00000000   Zero   RW          661    HEAP                startup_msp432p401r_uvision.o
    0x20000160   0x00000200   Zero   RW          660    STACK               startup_msp432p401r_uvision.o


==============================================================================

Image component sizes


      Code (inc. data)   RO Data    RW Data    ZI Data      Debug   Object Name

       284         12          0          0          0        961   butts.o
       136          6          0          0          0        405   dets.o
       676         94         20         13         16       5328   keypad.o
      1954        172       2018         44          0      13223   lcd.o
       136          6          0          0          0        404   locks.o
      2200        142      15120        159         16       9084   smain.o
        84         20        324          0        512        904   startup_msp432p401r_uvision.o
        92         18          0          0          0        485   system_msp432p401r.o

    ----------------------------------------------------------------------
      5572        470      17516        220        544      30794   Object Totals
         0          0         32          0          0          0   (incl. Generated)
        10          0          2          4          0          0   (incl. Padding)

    ----------------------------------------------------------------------

      Code (inc. data)   RO Data    RW Data    ZI Data      Debug   Library Member Name

         8          0          0          0          0         68   __main.o
         0          0          0          0          0          0   __rtentry.o
        12          0          0          0          0          0   __rtentry2.o
         6          0          0          0          0          0   __rtentry4.o
        52          8          0          0          0          0   __scatter.o
        26          0          0          0          0          0   __scatter_copy.o
        28          0          0          0          0          0   __scatter_zi.o
        18          0          0          0          0         80   exit.o
         6          0          0          0          0        152   heapauxi.o
         0          0          0          0          0          0   indicate_semi.o
         2          0          0          0          0          0   libinit.o
         2          0          0          0          0          0   libinit2.o
         2          0          0          0          0          0   libshutdown.o
         2          0          0          0          0          0   libshutdown2.o
         8          4          0          0         96         68   libspace.o
         2          0          0          0          0          0   rtexit.o
        10          0          0          0          0          0   rtexit2.o
        12          4          0          0          0         68   sys_exit.o
        74          0          0          0          0         80   sys_stackheap_outer.o
         2          0          0          0          0         68   use_no_semi.o

    ----------------------------------------------------------------------
       280         16          0          0        100        584   Library Totals
         8          0          0          0          4          0   (incl. Padding)

    ----------------------------------------------------------------------

      Code (inc. data)   RO Data    RW Data    ZI Data      Debug   Library Name

       272         16          0          0         96        584   c_w.l

    ----------------------------------------------------------------------
       280         16          0          0        100        584   Library Totals

    ----------------------------------------------------------------------

==============================================================================


      Code (inc. data)   RO Data    RW Data    ZI Data      Debug   

      5852        486      17516        220        644      29554   Grand Totals
      5852        486      17516        220        644      29554   ELF Image Totals
      5852        486      17516        220          0          0   ROM Totals

==============================================================================

    Total RO  Size (Code + RO Data)                23368 (  22.82kB)
    Total RW  Size (RW Data + ZI Data)               864 (   0.84kB)
    Total ROM Size (Code + RO Data + RW Data)      23588 (  23.04kB)

==============================================================================

