<html>
<body>
<pre>
<h1>µVision Build Log</h1>
<h2>Tool Versions:</h2>
IDE-Version: µVision V5.22.0.0
Copyright (C) 2016 ARM Ltd and ARM Germany GmbH. All rights reserved.
License Information: Jason He, University of Texas, LIC=7YKNR-4JWE5-YHJDI-B8EDY-EABNI-K7D59
 
Tool Versions:
Toolchain:       MDK-ARM Professional  Version: 5.22
Toolchain Path:  C:\Keil_v5\ARM\ARMCC\Bin
C Compiler:      Armcc.exe V5.06 update 4 (build 422)
Assembler:       Armasm.exe V5.06 update 4 (build 422)
Linker/Locator:  ArmLink.exe V5.06 update 4 (build 422)
Library Manager: ArmAr.exe V5.06 update 4 (build 422)
Hex Converter:   FromElf.exe V5.06 update 4 (build 422)
CPU DLL:         SARMCM3.DLL V5.22
Dialog DLL:      DCM.DLL V1.13.9.0
Target DLL:      CMSIS_AGDI.dll V1.27.0.0
Dialog DLL:      TCM.DLL V1.21.0.0
 
<h2>Project:</h2>
C:\Users\Jason\Documents\GitHub\smack\SMACKWIFI\KEIL\CC3100BOOST_MQTT-TwitterLED_MSP432P401R.uvprojx
Project File Date:  03/24/2017

<h2>Output:</h2>
*** Using Compiler 'V5.06 update 4 (build 422)', folder: 'C:\Keil_v5\ARM\ARMCC\Bin'
Rebuild target 'CC3100BOOST_MQTT-TwitterLED_MSP432P401R'
compiling Dets.c...
..\Dets.c(78): warning:  #940-D: missing return statement at end of non-void function "DetsyLP" 
  }
..\Dets.c(107): warning:  #940-D: missing return statement at end of non-void function "Detsy" 
  }
..\Dets.c: 2 warnings, 0 errors
compiling LCD.c...
compiling Locks.c...
compiling Butts.c...
..\Butts.c(81): warning:  #940-D: missing return statement at end of non-void function "ButtsyLP" 
  }
..\Butts.c(110): warning:  #940-D: missing return statement at end of non-void function "Buttsy" 
  }
..\Butts.c: 2 warnings, 0 errors
compiling comp_e.c...
compiling Keypad.c...
compiling aes256.c...
compiling adc14.c...
compiling cli_uart.c...
compiling board.c...
..\board\board.h(110): warning:  #1295-D: Deprecated declaration CC3100_enable - give arg types
  void CC3100_enable();
..\board\board.h(123): warning:  #1295-D: Deprecated declaration CC3100_disable - give arg types
  void CC3100_disable();
..\board\board.h(149): warning:  #1295-D: Deprecated declaration CC3100_InterruptDisable - give arg types
  void CC3100_InterruptDisable();
..\board\board.h(162): warning:  #1295-D: Deprecated declaration stopWDT - give arg types
  void stopWDT();
..\board\board.h(175): warning:  #1295-D: Deprecated declaration initClk - give arg types
  void initClk();
..\board\board.h(188): warning:  #1295-D: Deprecated declaration initLEDs - give arg types
  void initLEDs();
..\board\board.h(240): warning:  #1295-D: Deprecated declaration GetLEDStatus - give arg types
  unsigned char GetLEDStatus();
..\board\board.h(264): warning:  #1295-D: Deprecated declaration MaskIntHdlr - give arg types
  void MaskIntHdlr();
..\board\board.h(275): warning:  #1295-D: Deprecated declaration UnMaskIntHdlr - give arg types
  void UnMaskIntHdlr();
..\board\board.h(286): warning:  #1295-D: Deprecated declaration set_rts - give arg types
  void set_rts();
..\board\board.h(297): warning:  #1295-D: Deprecated declaration clear_rts - give arg types
  void clear_rts();
..\board\board.h(308): warning:  #1295-D: Deprecated declaration initAntSelGPIO - give arg types
  void initAntSelGPIO();
..\board\board.c: 12 warnings, 0 errors
compiling main.c...
..\board\board.h(110): warning:  #1295-D: Deprecated declaration CC3100_enable - give arg types
  void CC3100_enable();
..\board\board.h(123): warning:  #1295-D: Deprecated declaration CC3100_disable - give arg types
  void CC3100_disable();
..\board\board.h(149): warning:  #1295-D: Deprecated declaration CC3100_InterruptDisable - give arg types
  void CC3100_InterruptDisable();
..\board\board.h(162): warning:  #1295-D: Deprecated declaration stopWDT - give arg types
  void stopWDT();
..\board\board.h(175): warning:  #1295-D: Deprecated declaration initClk - give arg types
  void initClk();
..\board\board.h(188): warning:  #1295-D: Deprecated declaration initLEDs - give arg types
  void initLEDs();
..\board\board.h(240): warning:  #1295-D: Deprecated declaration GetLEDStatus - give arg types
  unsigned char GetLEDStatus();
..\board\board.h(264): warning:  #1295-D: Deprecated declaration MaskIntHdlr - give arg types
  void MaskIntHdlr();
..\board\board.h(275): warning:  #1295-D: Deprecated declaration UnMaskIntHdlr - give arg types
  void UnMaskIntHdlr();
..\board\board.h(286): warning:  #1295-D: Deprecated declaration set_rts - give arg types
  void set_rts();
..\board\board.h(297): warning:  #1295-D: Deprecated declaration clear_rts - give arg types
  void clear_rts();
..\board\board.h(308): warning:  #1295-D: Deprecated declaration initAntSelGPIO - give arg types
  void initAntSelGPIO();
..\main.c(81): warning:  #1295-D: Deprecated declaration establishConnectionWithAP - give arg types
  static 
i32 establishConnectionWithAP();
..\main.c(82): warning:  #1295-D: Deprecated declaration configureSimpleLinkToDefaultState - give arg types
  static 
i32 configureSimpleLinkToDefaultState();
..\main.c(83): warning:  #1295-D: Deprecated declaration initializeAppVariables - give arg types
  static 
i32 initializeAppVariables();
..\main.c(84): warning:  #1295-D: Deprecated declaration displayBanner - give arg types
  static void displayBanner();
..\main.c(87): warning:  #1295-D: Deprecated declaration generateUniqueID - give arg types
  static void generateUniqueID();
..\main.c(922): warning:  #550-D: variable "retVal"  was set but never used
  { _i32 retVal = -1;
..\main.c(947): warning:  #550-D: variable "rc"  was set but never used
    int rc = 0;
..\main.c(1444): warning:  #550-D: variable "retVal"  was set but never used
      _i32 retVal = 0;
..\main.c(84): warning:  #177-D: function "displayBanner"  was declared but never referenced
  static void displayBanner();
..\main.c(85): warning:  #177-D: function "messageArrived"  was declared but never referenced
  static void messageArrived(MessageData*);
..\main.c: 22 warnings, 0 errors
compiling cpu.c...
compiling crc32.c...
compiling cs.c...
compiling dma.c...
compiling fpu.c...
compiling interrupt.c...
compiling flash.c...
compiling mpu.c...
compiling gpio.c...
..\driverlib\MSP432P4xx\gpio.c(71): warning:  #1296-D: extended constant initialiser used
      (uint32_t)
..\driverlib\MSP432P4xx\gpio.c(72): warning:  #1296-D: extended constant initialiser used
      (uint32_t)
..\driverlib\MSP432P4xx\gpio.c(73): warning:  #1296-D: extended constant initialiser used
      (uint32_t)
..\driverlib\MSP432P4xx\gpio.c(74): warning:  #1296-D: extended constant initialiser used
      (uint32_t)
..\driverlib\MSP432P4xx\gpio.c(75): warning:  #1296-D: extended constant initialiser used
      (uint32_t)
..\driverlib\MSP432P4xx\gpio.c(76): warning:  #1296-D: extended constant initialiser used
      (uint32_t)
..\driverlib\MSP432P4xx\gpio.c(77): warning:  #1296-D: extended constant initialiser used
      (uint32_t)
..\driverlib\MSP432P4xx\gpio.c(78): warning:  #1296-D: extended constant initialiser used
      (uint32_t)
..\driverlib\MSP432P4xx\gpio.c(79): warning:  #1296-D: extended constant initialiser used
      (uint32_t)
..\driverlib\MSP432P4xx\gpio.c(80): warning:  #1296-D: extended constant initialiser used
      (uint32_t)
..\driverlib\MSP432P4xx\gpio.c(81): warning:  #1296-D: extended constant initialiser used
      (uint32_t)PJ
..\driverlib\MSP432P4xx\gpio.c: 11 warnings, 0 errors
compiling pcm.c...
compiling i2c.c...
compiling pmap.c...
compiling ref_a.c...
compiling pss.c...
compiling reset.c...
compiling rtc_c.c...
compiling sysctl.c...
compiling spi.c...
compiling systick.c...
compiling timer_a.c...
compiling MQTTConnectClient.c...
compiling MQTTConnectServer.c...
compiling MQTTDeserializePublish.c...
compiling timer32.c...
compiling MQTTFormat.c...
..\mqtt\MQTTFormat.c(122): warning:  #550-D: variable "strindex"  was set but never used
  	int strindex = 0;
..\mqtt\MQTTFormat.c(200): warning:  #550-D: variable "rc"  was set but never used
  		int rc;
..\mqtt\MQTTFormat.c(190): warning:  #550-D: variable "strindex"  was set but never used
  	int strindex = 0;
..\mqtt\MQTTFormat.c: 3 warnings, 0 errors
compiling MQTTSerializePublish.c...
compiling MQTTPacket.c...
compiling wdt_a.c...
compiling uart.c...
compiling MQTTSubscribeServer.c...
compiling MQTTSubscribeClient.c...
compiling MQTTUnsubscribeClient.c...
compiling MQTTUnsubscribeServer.c...
compiling MQTTCC3100.c...
..\board\board.h(110): warning:  #1295-D: Deprecated declaration CC3100_enable - give arg types
  void CC3100_enable();
..\board\board.h(188): warning:  #1295-D: Deprecated declaration initLEDs - give arg types
  void initLEDs();
..\board\board.h(240): warning:  #1295-D: Deprecated declaration GetLEDStatus - give arg types
  unsigned char GetLEDStatus();
..\board\board.h(264): warning:  #1295-D: Deprecated declaration MaskIntHdlr - give arg types
  void MaskIntHdlr();
..\board\board.h(275): warning:  #1295-D: Deprecated declaration UnMaskIntHdlr - give arg types
  void UnMaskIntHdlr();
..\board\board.h(286): warning:  #1295-D: Deprecated declaration set_rts - give arg types
  void set_rts();
..\board\board.h(297): warning:  #1295-D: Deprecated declaration clear_rts - give arg types
  void clear_rts();
..\board\board.h(308): warning:  #1295-D: Deprecated declaration initAntSelGPIO - give arg types
  void initAntSelGPIO();
..\mqtt\MQTTCC3100.c(111): warning:  #167-D: argument of type "char *" is incompatible with parameter of type "signed char *"
  	retVal = sl_NetAppDnsGetHostByName(addr, strlen(addr), &ipAddress, 
F_INET);
..\mqtt\MQTTCC3100.c(172): warning:  #167-D: argument of type "char *" is incompatible with parameter of type "signed char *"
  	sl_NetAppDnsGetHostByName(addr, strlen(addr), &ipAddress, 
F_INET);
..\mqtt\MQTTCC3100.c: 14 warnings, 0 errors
compiling MQTTClient.c...
..\board\board.h(110): warning:  #1295-D: Deprecated declaration CC3100_enable - give arg types
  void CC3100_enable();
..\board\board.h(123): warning:  #1295-D: Deprecated declaration CC3100_disable - give arg types
  void CC3100_disable();
..\board\board.h(149): warning:  #1295-D: Deprecated declaration CC3100_InterruptDisable - give arg types
  void CC3100_InterruptDisable();
..\board\board.h(162): warning:  #1295-D: Deprecated declaration stopWDT - give arg types
  void stopWDT();
..\board\board.h(175): warning:  #1295-D: Deprecated declaration initClk - give arg types
  void initClk();
..\board\board.h(188): warning:  #1295-D: Deprecated declaration initLEDs - give arg types
  void initLEDs();
..\board\board.h(240): warning:  #1295-D: Deprecated declaration GetLEDStatus - give arg types
  unsigned char GetLEDStatus();
..\board\board.h(264): warning:  #1295-D: Deprecated declaration MaskIntHdlr - give arg types
  void MaskIntHdlr();
..\board\board.h(275): warning:  #1295-D: Deprecated declaration UnMaskIntHdlr - give arg types
  void UnMaskIntHdlr();
..\board\board.h(286): warning:  #1295-D: Deprecated declaration set_rts - give arg types
  void set_rts();
..\board\board.h(297): warning:  #1295-D: Deprecated declaration clear_rts - give arg types
  void clear_rts();
..\board\board.h(308): warning:  #1295-D: Deprecated declaration initAntSelGPIO - give arg types
  void initAntSelGPIO();
..\mqtt\MQTTClient.c: 12 warnings, 0 errors
compiling device.c...
..\board\board.h(110): warning:  #1295-D: Deprecated declaration CC3100_enable - give arg types
  void CC3100_enable();
..\board\board.h(123): warning:  #1295-D: Deprecated declaration CC3100_disable - give arg types
  void CC3100_disable();
..\board\board.h(149): warning:  #1295-D: Deprecated declaration CC3100_InterruptDisable - give arg types
  void CC3100_InterruptDisable();
..\board\board.h(162): warning:  #1295-D: Deprecated declaration stopWDT - give arg types
  void stopWDT();
..\board\board.h(175): warning:  #1295-D: Deprecated declaration initClk - give arg types
  void initClk();
..\board\board.h(188): warning:  #1295-D: Deprecated declaration initLEDs - give arg types
  void initLEDs();
..\board\board.h(240): warning:  #1295-D: Deprecated declaration GetLEDStatus - give arg types
  unsigned char GetLEDStatus();
..\board\board.h(264): warning:  #1295-D: Deprecated declaration MaskIntHdlr - give arg types
  void MaskIntHdlr();
..\board\board.h(275): warning:  #1295-D: Deprecated declaration UnMaskIntHdlr - give arg types
  void UnMaskIntHdlr();
..\board\board.h(286): warning:  #1295-D: Deprecated declaration set_rts - give arg types
  void set_rts();
..\board\board.h(297): warning:  #1295-D: Deprecated declaration clear_rts - give arg types
  void clear_rts();
..\board\board.h(308): warning:  #1295-D: Deprecated declaration initAntSelGPIO - give arg types
  void initAntSelGPIO();
..\simplelink\source\device.c: 12 warnings, 0 errors
compiling fs.c...
..\board\board.h(110): warning:  #1295-D: Deprecated declaration CC3100_enable - give arg types
  void CC3100_enable();
..\board\board.h(123): warning:  #1295-D: Deprecated declaration CC3100_disable - give arg types
  void CC3100_disable();
..\board\board.h(149): warning:  #1295-D: Deprecated declaration CC3100_InterruptDisable - give arg types
  void CC3100_InterruptDisable();
..\board\board.h(162): warning:  #1295-D: Deprecated declaration stopWDT - give arg types
  void stopWDT();
..\board\board.h(175): warning:  #1295-D: Deprecated declaration initClk - give arg types
  void initClk();
..\board\board.h(188): warning:  #1295-D: Deprecated declaration initLEDs - give arg types
  void initLEDs();
..\board\board.h(240): warning:  #1295-D: Deprecated declaration GetLEDStatus - give arg types
  unsigned char GetLEDStatus();
..\board\board.h(264): warning:  #1295-D: Deprecated declaration MaskIntHdlr - give arg types
  void MaskIntHdlr();
..\board\board.h(275): warning:  #1295-D: Deprecated declaration UnMaskIntHdlr - give arg types
  void UnMaskIntHdlr();
..\board\board.h(286): warning:  #1295-D: Deprecated declaration set_rts - give arg types
  void set_rts();
..\board\board.h(297): warning:  #1295-D: Deprecated declaration clear_rts - give arg types
  void clear_rts();
..\board\board.h(308): warning:  #1295-D: Deprecated declaration initAntSelGPIO - give arg types
  void initAntSelGPIO();
..\simplelink\source\fs.c: 12 warnings, 0 errors
compiling flowcont.c...
..\board\board.h(110): warning:  #1295-D: Deprecated declaration CC3100_enable - give arg types
  void CC3100_enable();
..\board\board.h(123): warning:  #1295-D: Deprecated declaration CC3100_disable - give arg types
  void CC3100_disable();
..\board\board.h(149): warning:  #1295-D: Deprecated declaration CC3100_InterruptDisable - give arg types
  void CC3100_InterruptDisable();
..\board\board.h(162): warning:  #1295-D: Deprecated declaration stopWDT - give arg types
  void stopWDT();
..\board\board.h(175): warning:  #1295-D: Deprecated declaration initClk - give arg types
  void initClk();
..\board\board.h(188): warning:  #1295-D: Deprecated declaration initLEDs - give arg types
  void initLEDs();
..\board\board.h(240): warning:  #1295-D: Deprecated declaration GetLEDStatus - give arg types
  unsigned char GetLEDStatus();
..\board\board.h(264): warning:  #1295-D: Deprecated declaration MaskIntHdlr - give arg types
  void MaskIntHdlr();
..\board\board.h(275): warning:  #1295-D: Deprecated declaration UnMaskIntHdlr - give arg types
  void UnMaskIntHdlr();
..\board\board.h(286): warning:  #1295-D: Deprecated declaration set_rts - give arg types
  void set_rts();
..\board\board.h(297): warning:  #1295-D: Deprecated declaration clear_rts - give arg types
  void clear_rts();
..\board\board.h(308): warning:  #1295-D: Deprecated declaration initAntSelGPIO - give arg types
  void initAntSelGPIO();
..\simplelink\source\flowcont.c: 12 warnings, 0 errors
compiling netcfg.c...
..\board\board.h(110): warning:  #1295-D: Deprecated declaration CC3100_enable - give arg types
  void CC3100_enable();
..\board\board.h(123): warning:  #1295-D: Deprecated declaration CC3100_disable - give arg types
  void CC3100_disable();
..\board\board.h(149): warning:  #1295-D: Deprecated declaration CC3100_InterruptDisable - give arg types
  void CC3100_InterruptDisable();
..\board\board.h(162): warning:  #1295-D: Deprecated declaration stopWDT - give arg types
  void stopWDT();
..\board\board.h(175): warning:  #1295-D: Deprecated declaration initClk - give arg types
  void initClk();
..\board\board.h(188): warning:  #1295-D: Deprecated declaration initLEDs - give arg types
  void initLEDs();
..\board\board.h(240): warning:  #1295-D: Deprecated declaration GetLEDStatus - give arg types
  unsigned char GetLEDStatus();
..\board\board.h(264): warning:  #1295-D: Deprecated declaration MaskIntHdlr - give arg types
  void MaskIntHdlr();
..\board\board.h(275): warning:  #1295-D: Deprecated declaration UnMaskIntHdlr - give arg types
  void UnMaskIntHdlr();
..\board\board.h(286): warning:  #1295-D: Deprecated declaration set_rts - give arg types
  void set_rts();
..\board\board.h(297): warning:  #1295-D: Deprecated declaration clear_rts - give arg types
  void clear_rts();
..\board\board.h(308): warning:  #1295-D: Deprecated declaration initAntSelGPIO - give arg types
  void initAntSelGPIO();
..\simplelink\source\netcfg.c: 12 warnings, 0 errors
compiling nonos.c...
..\board\board.h(110): warning:  #1295-D: Deprecated declaration CC3100_enable - give arg types
  void CC3100_enable();
..\board\board.h(123): warning:  #1295-D: Deprecated declaration CC3100_disable - give arg types
  void CC3100_disable();
..\board\board.h(149): warning:  #1295-D: Deprecated declaration CC3100_InterruptDisable - give arg types
  void CC3100_InterruptDisable();
..\board\board.h(162): warning:  #1295-D: Deprecated declaration stopWDT - give arg types
  void stopWDT();
..\board\board.h(175): warning:  #1295-D: Deprecated declaration initClk - give arg types
  void initClk();
..\board\board.h(188): warning:  #1295-D: Deprecated declaration initLEDs - give arg types
  void initLEDs();
..\board\board.h(240): warning:  #1295-D: Deprecated declaration GetLEDStatus - give arg types
  unsigned char GetLEDStatus();
..\board\board.h(264): warning:  #1295-D: Deprecated declaration MaskIntHdlr - give arg types
  void MaskIntHdlr();
..\board\board.h(275): warning:  #1295-D: Deprecated declaration UnMaskIntHdlr - give arg types
  void UnMaskIntHdlr();
..\board\board.h(286): warning:  #1295-D: Deprecated declaration set_rts - give arg types
  void set_rts();
..\board\board.h(297): warning:  #1295-D: Deprecated declaration clear_rts - give arg types
  void clear_rts();
..\board\board.h(308): warning:  #1295-D: Deprecated declaration initAntSelGPIO - give arg types
  void initAntSelGPIO();
..\simplelink\source\nonos.c: 12 warnings, 0 errors
compiling netapp.c...
..\board\board.h(110): warning:  #1295-D: Deprecated declaration CC3100_enable - give arg types
  void CC3100_enable();
..\board\board.h(123): warning:  #1295-D: Deprecated declaration CC3100_disable - give arg types
  void CC3100_disable();
..\board\board.h(149): warning:  #1295-D: Deprecated declaration CC3100_InterruptDisable - give arg types
  void CC3100_InterruptDisable();
..\board\board.h(162): warning:  #1295-D: Deprecated declaration stopWDT - give arg types
  void stopWDT();
..\board\board.h(175): warning:  #1295-D: Deprecated declaration initClk - give arg types
  void initClk();
..\board\board.h(188): warning:  #1295-D: Deprecated declaration initLEDs - give arg types
  void initLEDs();
..\board\board.h(240): warning:  #1295-D: Deprecated declaration GetLEDStatus - give arg types
  unsigned char GetLEDStatus();
..\board\board.h(264): warning:  #1295-D: Deprecated declaration MaskIntHdlr - give arg types
  void MaskIntHdlr();
..\board\board.h(275): warning:  #1295-D: Deprecated declaration UnMaskIntHdlr - give arg types
  void UnMaskIntHdlr();
..\board\board.h(286): warning:  #1295-D: Deprecated declaration set_rts - give arg types
  void set_rts();
..\board\board.h(297): warning:  #1295-D: Deprecated declaration clear_rts - give arg types
  void clear_rts();
..\board\board.h(308): warning:  #1295-D: Deprecated declaration initAntSelGPIO - give arg types
  void initAntSelGPIO();
..\simplelink\source\netapp.c: 12 warnings, 0 errors
compiling driver.c...
..\board\board.h(110): warning:  #1295-D: Deprecated declaration CC3100_enable - give arg types
  void CC3100_enable();
..\board\board.h(123): warning:  #1295-D: Deprecated declaration CC3100_disable - give arg types
  void CC3100_disable();
..\board\board.h(149): warning:  #1295-D: Deprecated declaration CC3100_InterruptDisable - give arg types
  void CC3100_InterruptDisable();
..\board\board.h(162): warning:  #1295-D: Deprecated declaration stopWDT - give arg types
  void stopWDT();
..\board\board.h(175): warning:  #1295-D: Deprecated declaration initClk - give arg types
  void initClk();
..\board\board.h(188): warning:  #1295-D: Deprecated declaration initLEDs - give arg types
  void initLEDs();
..\board\board.h(240): warning:  #1295-D: Deprecated declaration GetLEDStatus - give arg types
  unsigned char GetLEDStatus();
..\board\board.h(264): warning:  #1295-D: Deprecated declaration MaskIntHdlr - give arg types
  void MaskIntHdlr();
..\board\board.h(275): warning:  #1295-D: Deprecated declaration UnMaskIntHdlr - give arg types
  void UnMaskIntHdlr();
..\board\board.h(286): warning:  #1295-D: Deprecated declaration set_rts - give arg types
  void set_rts();
..\board\board.h(297): warning:  #1295-D: Deprecated declaration clear_rts - give arg types
  void clear_rts();
..\board\board.h(308): warning:  #1295-D: Deprecated declaration initAntSelGPIO - give arg types
  void initAntSelGPIO();
..\simplelink\source\driver.c: 12 warnings, 0 errors
compiling uart_cc3100.c...
assembling startup_msp432p401r_uvision.s...
compiling system_msp432p401r.c...
compiling socket.c...
..\board\board.h(110): warning:  #1295-D: Deprecated declaration CC3100_enable - give arg types
  void CC3100_enable();
..\board\board.h(123): warning:  #1295-D: Deprecated declaration CC3100_disable - give arg types
  void CC3100_disable();
..\board\board.h(149): warning:  #1295-D: Deprecated declaration CC3100_InterruptDisable - give arg types
  void CC3100_InterruptDisable();
..\board\board.h(162): warning:  #1295-D: Deprecated declaration stopWDT - give arg types
  void stopWDT();
..\board\board.h(175): warning:  #1295-D: Deprecated declaration initClk - give arg types
  void initClk();
..\board\board.h(188): warning:  #1295-D: Deprecated declaration initLEDs - give arg types
  void initLEDs();
..\board\board.h(240): warning:  #1295-D: Deprecated declaration GetLEDStatus - give arg types
  unsigned char GetLEDStatus();
..\board\board.h(264): warning:  #1295-D: Deprecated declaration MaskIntHdlr - give arg types
  void MaskIntHdlr();
..\board\board.h(275): warning:  #1295-D: Deprecated declaration UnMaskIntHdlr - give arg types
  void UnMaskIntHdlr();
..\board\board.h(286): warning:  #1295-D: Deprecated declaration set_rts - give arg types
  void set_rts();
..\board\board.h(297): warning:  #1295-D: Deprecated declaration clear_rts - give arg types
  void clear_rts();
..\board\board.h(308): warning:  #1295-D: Deprecated declaration initAntSelGPIO - give arg types
  void initAntSelGPIO();
..\simplelink\source\socket.c: 12 warnings, 0 errors
compiling spawn.c...
..\board\board.h(110): warning:  #1295-D: Deprecated declaration CC3100_enable - give arg types
  void CC3100_enable();
..\board\board.h(123): warning:  #1295-D: Deprecated declaration CC3100_disable - give arg types
  void CC3100_disable();
..\board\board.h(149): warning:  #1295-D: Deprecated declaration CC3100_InterruptDisable - give arg types
  void CC3100_InterruptDisable();
..\board\board.h(162): warning:  #1295-D: Deprecated declaration stopWDT - give arg types
  void stopWDT();
..\board\board.h(175): warning:  #1295-D: Deprecated declaration initClk - give arg types
  void initClk();
..\board\board.h(188): warning:  #1295-D: Deprecated declaration initLEDs - give arg types
  void initLEDs();
..\board\board.h(240): warning:  #1295-D: Deprecated declaration GetLEDStatus - give arg types
  unsigned char GetLEDStatus();
..\board\board.h(264): warning:  #1295-D: Deprecated declaration MaskIntHdlr - give arg types
  void MaskIntHdlr();
..\board\board.h(275): warning:  #1295-D: Deprecated declaration UnMaskIntHdlr - give arg types
  void UnMaskIntHdlr();
..\board\board.h(286): warning:  #1295-D: Deprecated declaration set_rts - give arg types
  void set_rts();
..\board\board.h(297): warning:  #1295-D: Deprecated declaration clear_rts - give arg types
  void clear_rts();
..\board\board.h(308): warning:  #1295-D: Deprecated declaration initAntSelGPIO - give arg types
  void initAntSelGPIO();
..\simplelink\source\spawn.c: 12 warnings, 0 errors
compiling spi_cc3100.c...
..\board\board.h(110): warning:  #1295-D: Deprecated declaration CC3100_enable - give arg types
  void CC3100_enable();
..\board\board.h(123): warning:  #1295-D: Deprecated declaration CC3100_disable - give arg types
  void CC3100_disable();
..\board\board.h(149): warning:  #1295-D: Deprecated declaration CC3100_InterruptDisable - give arg types
  void CC3100_InterruptDisable();
..\board\board.h(162): warning:  #1295-D: Deprecated declaration stopWDT - give arg types
  void stopWDT();
..\board\board.h(175): warning:  #1295-D: Deprecated declaration initClk - give arg types
  void initClk();
..\board\board.h(188): warning:  #1295-D: Deprecated declaration initLEDs - give arg types
  void initLEDs();
..\board\board.h(240): warning:  #1295-D: Deprecated declaration GetLEDStatus - give arg types
  unsigned char GetLEDStatus();
..\board\board.h(264): warning:  #1295-D: Deprecated declaration MaskIntHdlr - give arg types
  void MaskIntHdlr();
..\board\board.h(275): warning:  #1295-D: Deprecated declaration UnMaskIntHdlr - give arg types
  void UnMaskIntHdlr();
..\board\board.h(286): warning:  #1295-D: Deprecated declaration set_rts - give arg types
  void set_rts();
..\board\board.h(297): warning:  #1295-D: Deprecated declaration clear_rts - give arg types
  void clear_rts();
..\board\board.h(308): warning:  #1295-D: Deprecated declaration initAntSelGPIO - give arg types
  void initAntSelGPIO();
..\spi_cc3100\spi_cc3100.c: 12 warnings, 0 errors
compiling wlan.c...
..\board\board.h(110): warning:  #1295-D: Deprecated declaration CC3100_enable - give arg types
  void CC3100_enable();
..\board\board.h(123): warning:  #1295-D: Deprecated declaration CC3100_disable - give arg types
  void CC3100_disable();
..\board\board.h(149): warning:  #1295-D: Deprecated declaration CC3100_InterruptDisable - give arg types
  void CC3100_InterruptDisable();
..\board\board.h(162): warning:  #1295-D: Deprecated declaration stopWDT - give arg types
  void stopWDT();
..\board\board.h(175): warning:  #1295-D: Deprecated declaration initClk - give arg types
  void initClk();
..\board\board.h(188): warning:  #1295-D: Deprecated declaration initLEDs - give arg types
  void initLEDs();
..\board\board.h(240): warning:  #1295-D: Deprecated declaration GetLEDStatus - give arg types
  unsigned char GetLEDStatus();
..\board\board.h(264): warning:  #1295-D: Deprecated declaration MaskIntHdlr - give arg types
  void MaskIntHdlr();
..\board\board.h(275): warning:  #1295-D: Deprecated declaration UnMaskIntHdlr - give arg types
  void UnMaskIntHdlr();
..\board\board.h(286): warning:  #1295-D: Deprecated declaration set_rts - give arg types
  void set_rts();
..\board\board.h(297): warning:  #1295-D: Deprecated declaration clear_rts - give arg types
  void clear_rts();
..\board\board.h(308): warning:  #1295-D: Deprecated declaration initAntSelGPIO - give arg types
  void initAntSelGPIO();
..\simplelink\source\wlan.c: 12 warnings, 0 errors
linking...
Program Size: Code=31032 RO-data=18216 RW-data=1252 ZI-data=3292  
".\Objects\CC3100BOOST_MQTT-TwitterLED_MSP432P401R.axf" - 0 Error(s), 206 Warning(s).

<h2>Software Packages used:</h2>

Package Vendor: ARM
                http://www.keil.com/pack/ARM.CMSIS.5.0.1.pack
                ARM::CMSIS:CORE:5.0.1
                CMSIS (Cortex Microcontroller Software Interface Standard)
   * Component: CORE Version: 5.0.1

Package Vendor: TexasInstruments
                http://software-dl.ti.com/msp430/msp430_public_sw/mcu/msp430/mspkeil/latest/exports/TexasInstruments.MSP432P4xx_DFP.2.2.1.pack
                TexasInstruments::Device:Startup:2.2.1
                Device Family Pack for Texas Instruments MSP432 Series
   * Component: Startup Version: 2.2.1

<h2>Collection of Component include folders:</h2>
  C:\Users\Jason\Documents\GitHub\smack\SMACKWIFI\KEIL\RTE\_CC3100BOOST_MQTT-TwitterLED_MSP432P401R
  C:\Keil_v5\ARM\PACK\ARM\CMSIS\5.0.1\CMSIS\Include
  C:\Keil_v5\ARM\PACK\TexasInstruments\MSP432P4xx_DFP\2.2.1\Device\Include

<h2>Collection of Component Files used:</h2>

   * Component: ARM::CMSIS:CORE:5.0.1

   * Component: TexasInstruments::Device:Startup:2.2.1
      Source file:   Device\Source\startup_msp432p401r_uvision.s
      Source file:   Device\Source\system_msp432p401r.c
      Source file:   Examples\EmptyMain\main.c
      Include file:  Device\Include\msp_compatibility.h
      Source file:   Examples\BlinkLED\blinkLED.c
Build Time Elapsed:  00:00:13
</pre>
</body>
</html>
