Component: ARM Compiler 5.06 update 4 (build 422) Tool: armlink [4d35d2]

==============================================================================

Section Cross References

    main.o(i.OneShot) refers to startup_msp432p401r_uvision.o(.text) for StartCritical
    main.o(i.SimpleLinkGeneralEventHandler) refers to cli_uart.o(i.CLI_Write) for CLI_Write
    main.o(i.SimpleLinkHttpServerCallback) refers to cli_uart.o(i.CLI_Write) for CLI_Write
    main.o(i.SimpleLinkNetAppEventHandler) refers to cli_uart.o(i.CLI_Write) for CLI_Write
    main.o(i.SimpleLinkNetAppEventHandler) refers to main.o(.data) for g_Status
    main.o(i.SimpleLinkSockEventHandler) refers to cli_uart.o(i.CLI_Write) for CLI_Write
    main.o(i.SimpleLinkSockEventHandler) refers to main.o(.conststring) for .conststring
    main.o(i.SimpleLinkWlanEventHandler) refers to cli_uart.o(i.CLI_Write) for CLI_Write
    main.o(i.SimpleLinkWlanEventHandler) refers to main.o(.data) for g_Status
    main.o(i.T32_INT1_IRQHandler) refers to main.o(.data) for timesUp
    main.o(i.WiFiFetchPins) refers to rt_memcpy_w.o(.text) for __aeabi_memcpy4
    main.o(i.WiFiFetchPins) refers to mqttclient.o(i.MQTTPublish) for MQTTPublish
    main.o(i.WiFiFetchPins) refers to main.o(.data) for wifiFlag
    main.o(i.WiFiFetchPins) refers to main.o(.bss) for hMQTTClient
    main.o(i.WiFiFetchStatus) refers to rt_memcpy_w.o(.text) for __aeabi_memcpy4
    main.o(i.WiFiFetchStatus) refers to mqttclient.o(i.MQTTPublish) for MQTTPublish
    main.o(i.WiFiFetchStatus) refers to main.o(.data) for wifiFlag
    main.o(i.WiFiFetchStatus) refers to main.o(.bss) for hMQTTClient
    main.o(i.WiFiPushPins) refers to rt_memcpy_w.o(.text) for __aeabi_memcpy4
    main.o(i.WiFiPushPins) refers to mqttclient.o(i.MQTTPublish) for MQTTPublish
    main.o(i.WiFiPushPins) refers to main.o(.data) for wifiFlag
    main.o(i.WiFiPushPins) refers to main.o(.bss) for hMQTTClient
    main.o(i.WiFiPushStatus) refers to rt_memcpy_w.o(.text) for __aeabi_memcpy4
    main.o(i.WiFiPushStatus) refers to mqttclient.o(i.MQTTPublish) for MQTTPublish
    main.o(i.WiFiPushStatus) refers to main.o(.data) for wifiFlag
    main.o(i.WiFiPushStatus) refers to main.o(.bss) for hMQTTClient
    main.o(i.babyGotBack) refers to main.o(.data) for wifiClBk
    main.o(i.babyGotBack) refers to main.o(.bss) for localPins
    main.o(i.configureSimpleLinkToDefaultState) refers to rt_memclr_w.o(.text) for __aeabi_memclr4
    main.o(i.configureSimpleLinkToDefaultState) refers to device.o(i.sl_Start) for sl_Start
    main.o(i.configureSimpleLinkToDefaultState) refers to nonos.o(i._SlNonOsMainLoopTask) for _SlNonOsMainLoopTask
    main.o(i.configureSimpleLinkToDefaultState) refers to wlan.o(i.sl_WlanSetMode) for sl_WlanSetMode
    main.o(i.configureSimpleLinkToDefaultState) refers to device.o(i.sl_Stop) for sl_Stop
    main.o(i.configureSimpleLinkToDefaultState) refers to device.o(i.sl_DevGet) for sl_DevGet
    main.o(i.configureSimpleLinkToDefaultState) refers to wlan.o(i.sl_WlanPolicySet) for sl_WlanPolicySet
    main.o(i.configureSimpleLinkToDefaultState) refers to wlan.o(i.sl_WlanProfileDel) for sl_WlanProfileDel
    main.o(i.configureSimpleLinkToDefaultState) refers to wlan.o(i.sl_WlanDisconnect) for sl_WlanDisconnect
    main.o(i.configureSimpleLinkToDefaultState) refers to netcfg.o(i.sl_NetCfgSet) for sl_NetCfgSet
    main.o(i.configureSimpleLinkToDefaultState) refers to wlan.o(i.sl_WlanSet) for sl_WlanSet
    main.o(i.configureSimpleLinkToDefaultState) refers to netapp.o(i.sl_NetAppMDNSUnRegisterService) for sl_NetAppMDNSUnRegisterService
    main.o(i.configureSimpleLinkToDefaultState) refers to aeabi_memset.o(.text) for __aeabi_memset
    main.o(i.configureSimpleLinkToDefaultState) refers to wlan.o(i.sl_WlanRxFilterSet) for sl_WlanRxFilterSet
    main.o(i.configureSimpleLinkToDefaultState) refers to main.o(i.initializeAppVariables) for initializeAppVariables
    main.o(i.configureSimpleLinkToDefaultState) refers to main.o(.data) for g_Status
    main.o(i.establishConnectionWithAP) refers to wlan.o(i.sl_WlanConnect) for sl_WlanConnect
    main.o(i.establishConnectionWithAP) refers to nonos.o(i._SlNonOsMainLoopTask) for _SlNonOsMainLoopTask
    main.o(i.establishConnectionWithAP) refers to main.o(.data) for g_Status
    main.o(i.generateUniqueID) refers to _printf_pad.o(.text) for _printf_pre_padding
    main.o(i.generateUniqueID) refers to _printf_percent.o(.ARM.Collect$$_printf_percent$$00000000) for _printf_percent
    main.o(i.generateUniqueID) refers to _printf_x.o(.ARM.Collect$$_printf_percent$$0000000C) for _printf_x
    main.o(i.generateUniqueID) refers to _printf_hex_int.o(.text) for _printf_longlong_hex
    main.o(i.generateUniqueID) refers to crc32.o(i.CRC32_setSeed) for CRC32_setSeed
    main.o(i.generateUniqueID) refers to crc32.o(i.CRC32_set32BitData) for CRC32_set32BitData
    main.o(i.generateUniqueID) refers to crc32.o(i.CRC32_set8BitData) for CRC32_set8BitData
[...]
    .constdata                               0x0000bf20   Section       40  netapp.o(.constdata)
    .constdata                               0x0000bf48   Section        8  netcfg.o(.constdata)
    .constdata                               0x0000bf50   Section       48  socket.o(.constdata)
    .constdata                               0x0000bf80   Section       52  wlan.o(.constdata)
    .constdata                               0x0000bfb4   Section       40  _printf_hex_int.o(.constdata)
    uc_hextab                                0x0000bfb4   Data          20  _printf_hex_int.o(.constdata)
    lc_hextab                                0x0000bfc8   Data          20  _printf_hex_int.o(.constdata)
    .constdata                               0x0000bfdc   Section       17  __printf_flags_wp.o(.constdata)
    maptable                                 0x0000bfdc   Data          17  __printf_flags_wp.o(.constdata)
    .conststring                             0x0000bff0   Section       77  main.o(.conststring)
    .data                                    0x20000000   Section      185  main.o(.data)
    .data                                    0x200000bc   Section       44  lcd.o(.data)
    ColStart                                 0x200000c6   Data           1  lcd.o(.data)
    RowStart                                 0x200000c7   Data           1  lcd.o(.data)
    Rotation                                 0x200000c8   Data           1  lcd.o(.data)
    TabColor                                 0x200000c9   Data           1  lcd.o(.data)
    _width                                   0x200000ca   Data           2  lcd.o(.data)
    _height                                  0x200000cc   Data           2  lcd.o(.data)
    .data                                    0x200000e8   Section       13  keypad.o(.data)
    LastKey                                  0x200000f4   Data           1  keypad.o(.data)
    .data                                    0x200000f8   Section        5  board.o(.data)
    .data                                    0x20000100   Section        8  cli_uart.o(.data)
    .data                                    0x20000108   Section        8  cs.o(.data)
    hfxtFreq                                 0x20000108   Data           4  cs.o(.data)
    lfxtFreq                                 0x2000010c   Data           4  cs.o(.data)
    .data                                    0x20000110   Section        4  mqttcc3100.o(.data)
    .data                                    0x20000114   Section        4  mqttpacket.o(.data)
    bufptr                                   0x20000114   Data           4  mqttpacket.o(.data)
    .data                                    0x20000118   Section        9  driver.o(.data)
    vtable                                   0x20000400   Section      228  interrupt.o(vtable)
    g_pfnRAMVectors                          0x20000400   Data         228  interrupt.o(vtable)
    .bss                                     0x200004e4   Section     1760  main.o(.bss)
    .bss                                     0x20000bc4   Section       16  keypad.o(.bss)
    MatrixFifo                               0x20000bc4   Data          16  keypad.o(.bss)
    .bss                                     0x20000bd4   Section      356  driver.o(.bss)
    .bss                                     0x20000d38   Section       40  nonos.o(.bss)
    .bss                                     0x20000d60   Section       96  libspace.o(.bss)
    HEAP                                     0x20000dc0   Section        0  startup_msp432p401r_uvision.o(HEAP)
    STACK                                    0x20000dc0   Section     1024  startup_msp432p401r_uvision.o(STACK)
    Heap_Mem                                 0x20000dc0   Data           0  startup_msp432p401r_uvision.o(HEAP)
    Stack_Mem                                0x20000dc0   Data        1024  startup_msp432p401r_uvision.o(STACK)
    __initial_sp                             0x200011c0   Data           0  startup_msp432p401r_uvision.o(STACK)

    Global Symbols

    Symbol Name                              Value     Ov Type        Size  Object(Section)

    BuildAttributes$$THM_ISAv4$E$P$D$K$B$S$7EM$VFPi3$EXTD16$VFPS$VFMA$PE$A:L22UL41UL21$X:L11$S22US41US21$IEEE1$IW$USESV6$~STKCKD$USESV7$~SHL$OSPACE$ROPI$EBA8$UX$STANDARDLIB$REQ8$PRES8$EABIv2 0x00000000   Number         0  anon$$obj.o ABSOLUTE
    __ARM_use_no_argv                        0x00000000   Number         0  main.o ABSOLUTE
    __Vectors                                0x00000000   Data           4  startup_msp432p401r_uvision.o(RESET)
    _printf_flags                            0x00000000   Number         0  printf_stubs.o ABSOLUTE
    _printf_return_value                     0x00000000   Number         0  printf_stubs.o ABSOLUTE
    _printf_sizespec                         0x00000000   Number         0  printf_stubs.o ABSOLUTE
    _printf_widthprec                        0x00000000   Number         0  printf_stubs.o ABSOLUTE
    __ARM_exceptions_init                     - Undefined Weak Reference
    __alloca_initialize                       - Undefined Weak Reference
    __arm_preinit_                            - Undefined Weak Reference
    __cpp_initialize__aeabi_                  - Undefined Weak Reference
    __cxa_finalize                            - Undefined Weak Reference
    __rt_locale                               - Undefined Weak Reference
    __sigvec_lookup                           - Undefined Weak Reference
    _atexit_init                              - Undefined Weak Reference
    _call_atexit_fns                          - Undefined Weak Reference
    _clock_init                               - Undefined Weak Reference
    _fp_trap_init                             - Undefined Weak Reference
    _fp_trap_shutdown                         - Undefined Weak Reference
    _get_lc_collate                           - Undefined Weak Reference
    _get_lc_ctype                             - Undefined Weak Reference
    _get_lc_monetary                          - Undefined Weak Reference
    _get_lc_numeric                           - Undefined Weak Reference
    _get_lc_time                              - Undefined Weak Reference
    _getenv_init                              - Undefined Weak Reference
    _handle_redirection                       - Undefined Weak Reference
    _init_alloc                               - Undefined Weak Reference
    _init_user_alloc                          - Undefined Weak Reference
    _initio                                   - Undefined Weak Reference
    _printf_mbtowc                            - Undefined Weak Reference
    _printf_truncate_signed                   - Undefined Weak Reference
    _printf_truncate_unsigned                 - Undefined Weak Reference
    _rand_init                                - Undefined Weak Reference
    _signal_finish                            - Undefined Weak Reference
    _signal_init                              - Undefined Weak Reference
    _terminate_alloc                          - Undefined Weak Reference
    _terminate_user_alloc                     - Undefined Weak Reference
    _terminateio                              - Undefined Weak Reference
    __Vectors_End                            0x00000144   Data           0  startup_msp432p401r_uvision.o(RESET)
    __Vectors_Size                           0x00000144   Number         0  startup_msp432p401r_uvision.o ABSOLUTE
    __main                                   0x00000145   Thumb Code     8  __main.o(!!!main)
    __scatterload                            0x0000014d   Thumb Code     0  __scatter.o(!!!scatter)
    __scatterload_rt2                        0x0000014d   Thumb Code    44  __scatter.o(!!!scatter)
    __scatterload_rt2_thumb_only             0x0000014d   Thumb Code     0  __scatter.o(!!!scatter)
    __scatterload_null                       0x0000015b   Thumb Code     0  __scatter.o(!!!scatter)
    __decompress                             0x00000181   Thumb Code    90  __dczerorl2.o(!!dczerorl2)
    __decompress1                            0x00000181   Thumb Code     0  __dczerorl2.o(!!dczerorl2)
    __scatterload_zeroinit                   0x000001dd   Thumb Code    28  __scatter_zi.o(!!handler_zi)
    _printf_percent                          0x000001f9   Thumb Code     0  _printf_percent.o(.ARM.Collect$$_printf_percent$$00000000)
    _printf_x                                0x000001f9   Thumb Code     0  _printf_x.o(.ARM.Collect$$_printf_percent$$0000000C)
    _printf_percent_end                      0x000001ff   Thumb Code     0  _printf_percent_end.o(.ARM.Collect$$_printf_percent$$00000017)
    __rt_lib_init                            0x00000203   Thumb Code     0  libinit.o(.ARM.Collect$$libinit$$00000000)
    __rt_lib_init_fp_1                       0x00000205   Thumb Code     0  libinit2.o(.ARM.Collect$$libinit$$00000001)
    __rt_lib_init_alloca_1                   0x00000209   Thumb Code     0  libinit2.o(.ARM.Collect$$libinit$$0000002E)
    __rt_lib_init_argv_1                     0x00000209   Thumb Code     0  libinit2.o(.ARM.Collect$$libinit$$0000002C)
    __rt_lib_init_atexit_1                   0x00000209   Thumb Code     0  libinit2.o(.ARM.Collect$$libinit$$0000001B)
    __rt_lib_init_clock_1                    0x00000209   Thumb Code     0  libinit2.o(.ARM.Collect$$libinit$$00000021)
    __rt_lib_init_cpp_1                      0x00000209   Thumb Code     0  libinit2.o(.ARM.Collect$$libinit$$00000032)
    __rt_lib_init_exceptions_1               0x00000209   Thumb Code     0  libinit2.o(.ARM.Collect$$libinit$$00000030)
    __rt_lib_init_fp_trap_1                  0x00000209   Thumb Code     0  libinit2.o(.ARM.Collect$$libinit$$0000001F)
    __rt_lib_init_getenv_1                   0x00000209   Thumb Code     0  libinit2.o(.ARM.Collect$$libinit$$00000023)
    __rt_lib_init_heap_1                     0x00000209   Thumb Code     0  libinit2.o(.ARM.Collect$$libinit$$0000000A)
    __rt_lib_init_lc_collate_1               0x00000209   Thumb Code     0  libinit2.o(.ARM.Collect$$libinit$$00000011)
    __rt_lib_init_lc_ctype_1                 0x00000209   Thumb Code     0  libinit2.o(.ARM.Collect$$libinit$$00000013)
    __rt_lib_init_lc_monetary_1              0x00000209   Thumb Code     0  libinit2.o(.ARM.Collect$$libinit$$00000015)
    __rt_lib_init_lc_numeric_1               0x00000209   Thumb Code     0  libinit2.o(.ARM.Collect$$libinit$$00000017)
    __rt_lib_init_lc_time_1                  0x00000209   Thumb Code     0  libinit2.o(.ARM.Collect$$libinit$$00000019)
    __rt_lib_init_preinit_1                  0x00000209   Thumb Code     0  libinit2.o(.ARM.Collect$$libinit$$00000004)
    __rt_lib_init_rand_1                     0x00000209   Thumb Code     0  libinit2.o(.ARM.Collect$$libinit$$0000000E)
    __rt_lib_init_return                     0x00000209   Thumb Code     0  libinit2.o(.ARM.Collect$$libinit$$00000033)
    __rt_lib_init_signal_1                   0x00000209   Thumb Code     0  libinit2.o(.ARM.Collect$$libinit$$0000001D)
    __rt_lib_init_stdio_1                    0x00000209   Thumb Code     0  libinit2.o(.ARM.Collect$$libinit$$00000025)
    __rt_lib_init_user_alloc_1               0x00000209   Thumb Code     0  libinit2.o(.ARM.Collect$$libinit$$0000000C)
    __rt_lib_shutdown                        0x0000020b   Thumb Code     0  libshutdown.o(.ARM.Collect$$libshutdown$$00000000)
    __rt_lib_shutdown_cpp_1                  0x0000020d   Thumb Code     0  libshutdown2.o(.ARM.Collect$$libshutdown$$00000002)
    __rt_lib_shutdown_fp_trap_1              0x0000020d   Thumb Code     0  libshutdown2.o(.ARM.Collect$$libshutdown$$00000007)
    __rt_lib_shutdown_heap_1                 0x0000020d   Thumb Code     0  libshutdown2.o(.ARM.Collect$$libshutdown$$0000000F)
    __rt_lib_shutdown_return                 0x0000020d   Thumb Code     0  libshutdown2.o(.ARM.Collect$$libshutdown$$00000010)
    __rt_lib_shutdown_signal_1               0x0000020d   Thumb Code     0  libshutdown2.o(.ARM.Collect$$libshutdown$$0000000A)
    __rt_lib_shutdown_stdio_1                0x0000020d   Thumb Code     0  libshutdown2.o(.ARM.Collect$$libshutdown$$00000004)
    __rt_lib_shutdown_user_alloc_1           0x0000020d   Thumb Code     0  libshutdown2.o(.ARM.Collect$$libshutdown$$0000000C)
    __rt_entry                               0x0000020f   Thumb Code     0  __rtentry.o(.ARM.Collect$$rtentry$$00000000)
    __rt_entry_presh_1                       0x0000020f   Thumb Code     0  __rtentry2.o(.ARM.Collect$$rtentry$$00000002)
    __rt_entry_sh                            0x0000020f   Thumb Code     0  __rtentry4.o(.ARM.Collect$$rtentry$$00000004)
    __rt_entry_li                            0x00000215   Thumb Code     0  __rtentry2.o(.ARM.Collect$$rtentry$$0000000A)
    __rt_entry_postsh_1                      0x00000215   Thumb Code     0  __rtentry2.o(.ARM.Collect$$rtentry$$00000009)
    __rt_entry_main                          0x00000219   Thumb Code     0  __rtentry2.o(.ARM.Collect$$rtentry$$0000000D)
    __rt_entry_postli_1                      0x00000219   Thumb Code     0  __rtentry2.o(.ARM.Collect$$rtentry$$0000000C)
    __rt_exit                                0x00000221   Thumb Code     0  rtexit.o(.ARM.Collect$$rtexit$$00000000)
    __rt_exit_ls                             0x00000223   Thumb Code     0  rtexit2.o(.ARM.Collect$$rtexit$$00000003)
    __rt_exit_prels_1                        0x00000223   Thumb Code     0  rtexit2.o(.ARM.Collect$$rtexit$$00000002)
    __rt_exit_exit                           0x00000227   Thumb Code     0  rtexit2.o(.ARM.Collect$$rtexit$$00000004)
    parrotdelay                              0x0000022d   Thumb Code     6  lcd.o(.emb_text)
    CPU_cpsid                                0x00000235   Thumb Code     8  cpu.o(.emb_text)
    CPU_primask                              0x0000023d   Thumb Code     6  cpu.o(.emb_text)
    CPU_cpsie                                0x00000243   Thumb Code     8  cpu.o(.emb_text)
    CPU_wfi                                  0x0000024b   Thumb Code     4  cpu.o(.emb_text)
    CPU_basepriSet                           0x0000024f   Thumb Code     6  cpu.o(.emb_text)
    CPU_basepriGet                           0x00000255   Thumb Code     6  cpu.o(.emb_text)
    Reset_Handler                            0x0000025d   Thumb Code     8  startup_msp432p401r_uvision.o(.text)
    NMI_Handler                              0x00000265   Thumb Code     2  startup_msp432p401r_uvision.o(.text)
    HardFault_Handler                        0x00000267   Thumb Code     2  startup_msp432p401r_uvision.o(.text)
    MemManage_Handler                        0x00000269   Thumb Code     2  startup_msp432p401r_uvision.o(.text)
    BusFault_Handler                         0x0000026b   Thumb Code     2  startup_msp432p401r_uvision.o(.text)
    UsageFault_Handler                       0x0000026d   Thumb Code     2  startup_msp432p401r_uvision.o(.text)
    SVC_Handler                              0x0000026f   Thumb Code     2  startup_msp432p401r_uvision.o(.text)
    DebugMon_Handler                         0x00000271   Thumb Code     2  startup_msp432p401r_uvision.o(.text)
    PendSV_Handler                           0x00000273   Thumb Code     2  startup_msp432p401r_uvision.o(.text)
    ADC14_IRQHandler                         0x00000277   Thumb Code     0  startup_msp432p401r_uvision.o(.text)
    AES256_IRQHandler                        0x00000277   Thumb Code     0  startup_msp432p401r_uvision.o(.text)
    COMP_E0_IRQHandler                       0x00000277   Thumb Code     0  startup_msp432p401r_uvision.o(.text)
    COMP_E1_IRQHandler                       0x00000277   Thumb Code     0  startup_msp432p401r_uvision.o(.text)
    CS_IRQHandler                            0x00000277   Thumb Code     0  startup_msp432p401r_uvision.o(.text)
    DMA_ERR_IRQHandler                       0x00000277   Thumb Code     0  startup_msp432p401r_uvision.o(.text)
    DMA_INT0_IRQHandler                      0x00000277   Thumb Code     0  startup_msp432p401r_uvision.o(.text)
    DMA_INT1_IRQHandler                      0x00000277   Thumb Code     0  startup_msp432p401r_uvision.o(.text)
    DMA_INT2_IRQHandler                      0x00000277   Thumb Code     0  startup_msp432p401r_uvision.o(.text)
    DMA_INT3_IRQHandler                      0x00000277   Thumb Code     0  startup_msp432p401r_uvision.o(.text)
    EUSCIA1_IRQHandler                       0x00000277   Thumb Code     0  startup_msp432p401r_uvision.o(.text)
    EUSCIA2_IRQHandler                       0x00000277   Thumb Code     0  startup_msp432p401r_uvision.o(.text)
    EUSCIA3_IRQHandler                       0x00000277   Thumb Code     0  startup_msp432p401r_uvision.o(.text)
    EUSCIB0_IRQHandler                       0x00000277   Thumb Code     0  startup_msp432p401r_uvision.o(.text)
    EUSCIB1_IRQHandler                       0x00000277   Thumb Code     0  startup_msp432p401r_uvision.o(.text)
    EUSCIB2_IRQHandler                       0x00000277   Thumb Code     0  startup_msp432p401r_uvision.o(.text)
    EUSCIB3_IRQHandler                       0x00000277   Thumb Code     0  startup_msp432p401r_uvision.o(.text)
    FLCTL_IRQHandler                         0x00000277   Thumb Code     0  startup_msp432p401r_uvision.o(.text)
    FPU_IRQHandler                           0x00000277   Thumb Code     0  startup_msp432p401r_uvision.o(.text)
    PCM_IRQHandler                           0x00000277   Thumb Code     0  startup_msp432p401r_uvision.o(.text)
    PORT1_IRQHandler                         0x00000277   Thumb Code     0  startup_msp432p401r_uvision.o(.text)
    PORT3_IRQHandler                         0x00000277   Thumb Code     0  startup_msp432p401r_uvision.o(.text)
    PORT4_IRQHandler                         0x00000277   Thumb Code     0  startup_msp432p401r_uvision.o(.text)
    PORT5_IRQHandler                         0x00000277   Thumb Code     0  startup_msp432p401r_uvision.o(.text)
    PORT6_IRQHandler                         0x00000277   Thumb Code     0  startup_msp432p401r_uvision.o(.text)
    PSS_IRQHandler                           0x00000277   Thumb Code     0  startup_msp432p401r_uvision.o(.text)
    RTC_C_IRQHandler                         0x00000277   Thumb Code     0  startup_msp432p401r_uvision.o(.text)
    T32_INT2_IRQHandler                      0x00000277   Thumb Code     0  startup_msp432p401r_uvision.o(.text)
    T32_INTC_IRQHandler                      0x00000277   Thumb Code     0  startup_msp432p401r_uvision.o(.text)
    TA0_N_IRQHandler                         0x00000277   Thumb Code     0  startup_msp432p401r_uvision.o(.text)
    TA1_0_IRQHandler                         0x00000277   Thumb Code     0  startup_msp432p401r_uvision.o(.text)
    TA1_N_IRQHandler                         0x00000277   Thumb Code     0  startup_msp432p401r_uvision.o(.text)
    TA2_0_IRQHandler                         0x00000277   Thumb Code     0  startup_msp432p401r_uvision.o(.text)
    TA2_N_IRQHandler                         0x00000277   Thumb Code     0  startup_msp432p401r_uvision.o(.text)
    TA3_0_IRQHandler                         0x00000277   Thumb Code     0  startup_msp432p401r_uvision.o(.text)
    TA3_N_IRQHandler                         0x00000277   Thumb Code     0  startup_msp432p401r_uvision.o(.text)
    WDT_A_IRQHandler                         0x00000277   Thumb Code     0  startup_msp432p401r_uvision.o(.text)
    DisableInterrupts                        0x00000279   Thumb Code     0  startup_msp432p401r_uvision.o(.text)
    EnableInterrupts                         0x0000027d   Thumb Code     0  startup_msp432p401r_uvision.o(.text)
    StartCritical                            0x00000281   Thumb Code     0  startup_msp432p401r_uvision.o(.text)
    EndCritical                              0x00000289   Thumb Code     0  startup_msp432p401r_uvision.o(.text)
    WaitForInterrupt                         0x0000028f   Thumb Code     0  startup_msp432p401r_uvision.o(.text)
    __user_initial_stackheap                 0x00000293   Thumb Code    10  startup_msp432p401r_uvision.o(.text)
    __2sprintf                               0x000002b1   Thumb Code    38  __2sprintf.o(.text)
    __2snprintf                              0x000002dd   Thumb Code    50  __2snprintf.o(.text)
    _printf_pre_padding                      0x00000315   Thumb Code    44  _printf_pad.o(.text)
    _printf_post_padding                     0x00000341   Thumb Code    34  _printf_pad.o(.text)
    _printf_int_hex                          0x00000365   Thumb Code    84  _printf_hex_int.o(.text)
    _printf_longlong_hex                     0x00000365   Thumb Code     0  _printf_hex_int.o(.text)
    __printf                                 0x000003bd   Thumb Code   308  __printf_flags_wp.o(.text)
    strlen                                   0x000004f5   Thumb Code    62  strlen.o(.text)
    strncmp                                  0x00000533   Thumb Code   150  strncmp.o(.text)
    __aeabi_memcpy                           0x000005c9   Thumb Code     0  rt_memcpy_v6.o(.text)
    __rt_memcpy                              0x000005c9   Thumb Code   138  rt_memcpy_v6.o(.text)
    _memcpy_lastbytes                        0x0000062f   Thumb Code     0  rt_memcpy_v6.o(.text)
    __aeabi_memcpy4                          0x00000653   Thumb Code     0  rt_memcpy_w.o(.text)
    __aeabi_memcpy8                          0x00000653   Thumb Code     0  rt_memcpy_w.o(.text)
    __rt_memcpy_w                            0x00000653   Thumb Code   100  rt_memcpy_w.o(.text)
    _memcpy_lastbytes_aligned                0x0000069b   Thumb Code     0  rt_memcpy_w.o(.text)
    __aeabi_memset                           0x000006b7   Thumb Code    16  aeabi_memset.o(.text)
    __aeabi_memclr4                          0x000006c7   Thumb Code     0  rt_memclr_w.o(.text)
    __aeabi_memclr8                          0x000006c7   Thumb Code     0  rt_memclr_w.o(.text)
    __rt_memclr_w                            0x000006c7   Thumb Code    78  rt_memclr_w.o(.text)
    _memset_w                                0x000006cb   Thumb Code     0  rt_memclr_w.o(.text)
    __use_two_region_memory                  0x00000715   Thumb Code     2  heapauxi.o(.text)
    __rt_heap_escrow$2region                 0x00000717   Thumb Code     2  heapauxi.o(.text)
    __rt_heap_expand$2region                 0x00000719   Thumb Code     2  heapauxi.o(.text)
    _printf_int_common                       0x0000071b   Thumb Code   178  _printf_intcommon.o(.text)
    _printf_char_common                      0x000007d7   Thumb Code    32  _printf_char_common.o(.text)
    _sputc                                   0x000007fd   Thumb Code    10  _sputc.o(.text)
    _snputc                                  0x00000807   Thumb Code    16  _snputc.o(.text)
    __aeabi_memclr                           0x00000817   Thumb Code     0  rt_memclr.o(.text)
    __rt_memclr                              0x00000817   Thumb Code    68  rt_memclr.o(.text)
    _memset                                  0x0000081b   Thumb Code     0  rt_memclr.o(.text)
    __user_setup_stackheap                   0x0000085b   Thumb Code    74  sys_stackheap_outer.o(.text)
    exit                                     0x000008a5   Thumb Code    18  exit.o(.text)
    __user_libspace                          0x000008b9   Thumb Code     8  libspace.o(.text)
    __user_perproc_libspace                  0x000008b9   Thumb Code     0  libspace.o(.text)
    __user_perthread_libspace                0x000008b9   Thumb Code     0  libspace.o(.text)
    _sys_exit                                0x000008c1   Thumb Code     8  sys_exit.o(.text)
    __I$use$semihosting                      0x000008cd   Thumb Code     0  use_no_semi.o(.text)
    __use_no_semihosting_swi                 0x000008cd   Thumb Code     2  use_no_semi.o(.text)
    __semihosting_library_function           0x000008cf   Thumb Code     0  indicate_semi.o(.text)
    Buttsy                                   0x000008d1   Thumb Code   100  butts.o(i.Buttsy)
    CC3100_InterruptDisable                  0x00000939   Thumb Code    22  board.o(i.CC3100_InterruptDisable)
    CC3100_InterruptEnable                   0x00000955   Thumb Code    38  board.o(i.CC3100_InterruptEnable)
    CC3100_disable                           0x00000981   Thumb Code    14  board.o(i.CC3100_disable)
    CC3100_enable                            0x00000995   Thumb Code    14  board.o(i.CC3100_enable)
    CLI_Write                                0x000009a9   Thumb Code    58  cli_uart.o(i.CLI_Write)
    CRC32_getResult                          0x000009e9   Thumb Code    28  crc32.o(i.CRC32_getResult)
    CRC32_set32BitData                       0x00000a05   Thumb Code    12  crc32.o(i.CRC32_set32BitData)
    CRC32_set8BitData                        0x00000a11   Thumb Code    18  crc32.o(i.CRC32_set8BitData)
    CRC32_setSeed                            0x00000a23   Thumb Code    22  crc32.o(i.CRC32_setSeed)
    CS_initClockSignal                       0x00000a39   Thumb Code   290  cs.o(i.CS_initClockSignal)
    CS_setExternalClockSourceFrequency       0x00000b71   Thumb Code    10  cs.o(i.CS_setExternalClockSourceFrequency)
    ConnectNetwork                           0x00000b85   Thumb Code   148  mqttcc3100.o(i.ConnectNetwork)
    CopyPingResultsToReport                  0x00000c1d   Thumb Code    26  netapp.o(i.CopyPingResultsToReport)
    Delay                                    0x00000c37   Thumb Code    32  board.o(i.Delay)
    Delay1ms                                 0x00000c57   Thumb Code    22  lcd.o(i.Delay1ms)
    Detsy                                    0x00000c6d   Thumb Code   102  dets.o(i.Detsy)
    EUSCIA0_IRQHandler                       0x00000cd9   Thumb Code    76  cli_uart.o(i.EUSCIA0_IRQHandler)
    InitTimer                                0x00000d35   Thumb Code     6  mqttcc3100.o(i.InitTimer)
    Interrupt_disableInterrupt               0x00000d3d   Thumb Code   108  interrupt.o(i.Interrupt_disableInterrupt)
    Interrupt_disableSleepOnIsrExit          0x00000db1   Thumb Code    14  interrupt.o(i.Interrupt_disableSleepOnIsrExit)
    Interrupt_enableInterrupt                0x00000dc5   Thumb Code   108  interrupt.o(i.Interrupt_enableInterrupt)
    Interrupt_enableMaster                   0x00000e39   Thumb Code    16  interrupt.o(i.Interrupt_enableMaster)
    Interrupt_registerInterrupt              0x00000e49   Thumb Code    52  interrupt.o(i.Interrupt_registerInterrupt)
    KeypadGet                                0x00000e85   Thumb Code    38  keypad.o(i.KeypadGet)
    KeypadInitLP                             0x00000eb1   Thumb Code    64  keypad.o(i.KeypadInitLP)
    KeypadInt                                0x00000f01   Thumb Code    68  keypad.o(i.KeypadInt)
    LocksLock                                0x00000f45   Thumb Code    90  locks.o(i.LocksLock)
    LocksUnlk                                0x00000fa5   Thumb Code    90  locks.o(i.LocksUnlk)
    MQTTClient                               0x00001005   Thumb Code    80  mqttclient.o(i.MQTTClient)
    MQTTConnect                              0x00001055   Thumb Code   162  mqttclient.o(i.MQTTConnect)
    MQTTDeserialize_ack                      0x000010fd   Thumb Code   108  mqttdeserializepublish.o(i.MQTTDeserialize_ack)
    MQTTDeserialize_connack                  0x00001169   Thumb Code   118  mqttconnectclient.o(i.MQTTDeserialize_connack)
    MQTTDeserialize_publish                  0x000011df   Thumb Code   168  mqttdeserializepublish.o(i.MQTTDeserialize_publish)
    MQTTDeserialize_suback                   0x00001287   Thumb Code   146  mqttsubscribeclient.o(i.MQTTDeserialize_suback)
    MQTTPacket_decode                        0x00001319   Thumb Code    88  mqttpacket.o(i.MQTTPacket_decode)
    MQTTPacket_decodeBuf                     0x00001371   Thumb Code    20  mqttpacket.o(i.MQTTPacket_decodeBuf)
    MQTTPacket_encode                        0x0000138d   Thumb Code    54  mqttpacket.o(i.MQTTPacket_encode)
    MQTTPacket_equals                        0x000013c3   Thumb Code    66  mqttpacket.o(i.MQTTPacket_equals)
    MQTTPacket_len                           0x00001405   Thumb Code    34  mqttpacket.o(i.MQTTPacket_len)
    MQTTPublish                              0x0000142d   Thumb Code   242  mqttclient.o(i.MQTTPublish)
    MQTTSerialize_ack                        0x0000151f   Thumb Code   104  mqttserializepublish.o(i.MQTTSerialize_ack)
    MQTTSerialize_connect                    0x00001589   Thumb Code   342  mqttconnectclient.o(i.MQTTSerialize_connect)
    MQTTSerialize_connectLength              0x000016f1   Thumb Code   118  mqttconnectclient.o(i.MQTTSerialize_connectLength)
    MQTTSerialize_pingreq                    0x00001767   Thumb Code    18  mqttconnectclient.o(i.MQTTSerialize_pingreq)
    MQTTSerialize_publish                    0x00001779   Thumb Code   176  mqttserializepublish.o(i.MQTTSerialize_publish)
    MQTTSerialize_publishLength              0x00001829   Thumb Code    34  mqttserializepublish.o(i.MQTTSerialize_publishLength)
    MQTTSerialize_subscribe                  0x0000184b   Thumb Code   176  mqttsubscribeclient.o(i.MQTTSerialize_subscribe)
    MQTTSerialize_subscribeLength            0x000018fb   Thumb Code    46  mqttsubscribeclient.o(i.MQTTSerialize_subscribeLength)
    MQTTSerialize_zero                       0x00001929   Thumb Code    76  mqttconnectclient.o(i.MQTTSerialize_zero)
    MQTTSubscribe                            0x00001975   Thumb Code   220  mqttclient.o(i.MQTTSubscribe)
    MQTTYield                                0x00001a51   Thumb Code    58  mqttclient.o(i.MQTTYield)
    MQTTstrlen                               0x00001a8b   Thumb Code    24  mqttpacket.o(i.MQTTstrlen)
    MatrixFifo_Get                           0x00001aa5   Thumb Code    46  keypad.o(i.MatrixFifo_Get)
    MatrixFifo_Init                          0x00001ae1   Thumb Code    26  keypad.o(i.MatrixFifo_Init)
    MatrixFifo_Put                           0x00001b05   Thumb Code    48  keypad.o(i.MatrixFifo_Put)
    MatrixKeypad_ScanLP                      0x00001b41   Thumb Code   152  keypad.o(i.MatrixKeypad_ScanLP)
    NewMessageData                           0x00001be1   Thumb Code     6  mqttclient.o(i.NewMessageData)
    NewNetwork                               0x00001be9   Thumb Code    18  mqttcc3100.o(i.NewNetwork)
    OneShot                                  0x00001c09   Thumb Code    38  main.o(i.OneShot)
    PCM_getCoreVoltageLevel                  0x00001c39   Thumb Code    98  pcm.o(i.PCM_getCoreVoltageLevel)
    PCM_getPowerMode                         0x00001c9b   Thumb Code    88  pcm.o(i.PCM_getPowerMode)
    PCM_getPowerState                        0x00001cf5   Thumb Code     8  pcm.o(i.PCM_getPowerState)
    PCM_gotoLPM0                             0x00001d01   Thumb Code    32  pcm.o(i.PCM_gotoLPM0)
    PCM_gotoLPM3                             0x00001d29   Thumb Code   120  pcm.o(i.PCM_gotoLPM3)
    PCM_gotoLPM4                             0x00001db1   Thumb Code    16  pcm.o(i.PCM_gotoLPM4)
    PCM_setPowerMode                         0x00001dc1   Thumb Code    16  pcm.o(i.PCM_setPowerMode)
    PCM_setPowerState                        0x00001dd1   Thumb Code    16  pcm.o(i.PCM_setPowerState)
    PCM_shutdownDevice                       0x00001de1   Thumb Code    68  pcm.o(i.PCM_shutdownDevice)
    PORT2_IRQHandler                         0x00001e35   Thumb Code    40  board.o(i.PORT2_IRQHandler)
    RTC_C_holdClock                          0x00001e65   Thumb Code    46  rtc_c.o(i.RTC_C_holdClock)
    SL_FD_SET                                0x00001e99   Thumb Code    18  socket.o(i.SL_FD_SET)
    SL_FD_ZERO                               0x00001eab   Thumb Code     6  socket.o(i.SL_FD_ZERO)
    ST7735_DrawBitmap                        0x00001eb1   Thumb Code   280  lcd.o(i.ST7735_DrawBitmap)
    ST7735_DrawCharS                         0x00001fd1   Thumb Code   236  lcd.o(i.ST7735_DrawCharS)
    ST7735_DrawPixel                         0x000020c9   Thumb Code    64  lcd.o(i.ST7735_DrawPixel)
    ST7735_DrawString                        0x00002111   Thumb Code    84  lcd.o(i.ST7735_DrawString)
    ST7735_FillRect                          0x00002165   Thumb Code   164  lcd.o(i.ST7735_FillRect)
    ST7735_FillScreen                        0x00002211   Thumb Code    28  lcd.o(i.ST7735_FillScreen)
    ST7735_InitR                             0x00002235   Thumb Code    90  lcd.o(i.ST7735_InitR)
    ST7735_OutCharSMACK                      0x000022b1   Thumb Code   176  lcd.o(i.ST7735_OutCharSMACK)
    ST7735_OutString                         0x00002385   Thumb Code    22  lcd.o(i.ST7735_OutString)
    ST7735_SetCursor                         0x0000239d   Thumb Code    22  lcd.o(i.ST7735_SetCursor)
    SimpleLinkGeneralEventHandler            0x000023bd   Thumb Code    12  main.o(i.SimpleLinkGeneralEventHandler)
    SimpleLinkHttpServerCallback             0x000023dd   Thumb Code    14  main.o(i.SimpleLinkHttpServerCallback)
    SimpleLinkNetAppEventHandler             0x00002411   Thumb Code    44  main.o(i.SimpleLinkNetAppEventHandler)
    SimpleLinkSockEventHandler               0x0000248d   Thumb Code    60  main.o(i.SimpleLinkSockEventHandler)
    SimpleLinkWlanEventHandler               0x00002515   Thumb Code   100  main.o(i.SimpleLinkWlanEventHandler)
    SysTick_Handler                          0x00002639   Thumb Code    12  mqttcc3100.o(i.SysTick_Handler)
    SysTick_enableInterrupt                  0x00002649   Thumb Code    18  systick.o(i.SysTick_enableInterrupt)
    SysTick_enableModule                     0x0000265b   Thumb Code    18  systick.o(i.SysTick_enableModule)
    SysTick_registerInterrupt                0x0000266d   Thumb Code    14  systick.o(i.SysTick_registerInterrupt)
    SysTick_setPeriod                        0x0000267b   Thumb Code    10  systick.o(i.SysTick_setPeriod)
    SystemInit                               0x00002685   Thumb Code   118  system_msp432p401r.o(i.SystemInit)
    T32_INT1_IRQHandler                      0x0000271d   Thumb Code    32  main.o(i.T32_INT1_IRQHandler)
    TA0_0_IRQHandler                         0x00002745   Thumb Code    78  keypad.o(i.TA0_0_IRQHandler)
    TimerA_Init                              0x0000279d   Thumb Code    86  keypad.o(i.TimerA_Init)
    WDT_A_holdTimer                          0x000027fd   Thumb Code    20  wdt_a.o(i.WDT_A_holdTimer)
    WiFiFetchPins                            0x00002815   Thumb Code    84  main.o(i.WiFiFetchPins)
    WiFiFetchStatus                          0x0000289d   Thumb Code    84  main.o(i.WiFiFetchStatus)
    WiFiPushPins                             0x00002925   Thumb Code   122  main.o(i.WiFiPushPins)
    WiFiPushStatus                           0x000029e1   Thumb Code   180  main.o(i.WiFiPushStatus)
    _SlAsyncEventGenericHandler              0x00002b2d   Thumb Code  1148  driver.o(i._SlAsyncEventGenericHandler)
    _SlDrvBasicCmd                           0x00002fad   Thumb Code    46  driver.o(i._SlDrvBasicCmd)
    _SlDrvClassifyRxMsg                      0x00002fdd   Thumb Code   200  driver.o(i._SlDrvClassifyRxMsg)
    _SlDrvCmdOp                              0x000030bd   Thumb Code   156  driver.o(i._SlDrvCmdOp)
    _SlDrvCmdSend                            0x00003161   Thumb Code    56  driver.o(i._SlDrvCmdSend)
    _SlDrvDataReadOp                         0x0000319d   Thumb Code   470  driver.o(i._SlDrvDataReadOp)
    _SlDrvDataWriteOp                        0x0000337d   Thumb Code   434  driver.o(i._SlDrvDataWriteOp)
    _SlDrvDeviceEventHandler                 0x00003535   Thumb Code    78  device.o(i._SlDrvDeviceEventHandler)
    _SlDrvDriverCBDeinit                     0x00003585   Thumb Code   120  driver.o(i._SlDrvDriverCBDeinit)
    _SlDrvDriverCBInit                       0x00003601   Thumb Code   184  driver.o(i._SlDrvDriverCBInit)
    _SlDrvFlowContDeinit                     0x000036c5   Thumb Code    54  flowcont.o(i._SlDrvFlowContDeinit)
    _SlDrvFlowContInit                       0x00003701   Thumb Code    54  flowcont.o(i._SlDrvFlowContInit)
    _SlDrvMsgRead                            0x0000373d   Thumb Code  1276  driver.o(i._SlDrvMsgRead)
    _SlDrvMsgReadCmdCtx                      0x00003c3d   Thumb Code   242  driver.o(i._SlDrvMsgReadCmdCtx)
    _SlDrvMsgReadSpawnCtx                    0x00003d39   Thumb Code   228  driver.o(i._SlDrvMsgReadSpawnCtx)
    _SlDrvMsgWrite                           0x00003e21   Thumb Code   442  driver.o(i._SlDrvMsgWrite)
    _SlDrvNetAppEventHandler                 0x00003fe5   Thumb Code   228  netapp.o(i._SlDrvNetAppEventHandler)
    _SlDrvObjDeInit                          0x000040c9   Thumb Code    30  driver.o(i._SlDrvObjDeInit)
    _SlDrvObjInit                            0x000040ed   Thumb Code    94  driver.o(i._SlDrvObjInit)
    _SlDrvReleasePoolObj                     0x00004151   Thumb Code   454  driver.o(i._SlDrvReleasePoolObj)
    _SlDrvRxHdrRead                          0x0000431d   Thumb Code   406  driver.o(i._SlDrvRxHdrRead)
    _SlDrvRxIrqHandler                       0x000044c5   Thumb Code    68  driver.o(i._SlDrvRxIrqHandler)
    _SlDrvShiftDWord                         0x00004511   Thumb Code    24  driver.o(i._SlDrvShiftDWord)
    _SlDrvWaitForPoolObj                     0x00004529   Thumb Code   434  driver.o(i._SlDrvWaitForPoolObj)
    _SlFindAndSetActiveObj                   0x000046e1   Thumb Code   270  driver.o(i._SlFindAndSetActiveObj)
    _SlNonOsMainLoopTask                     0x000047f9   Thumb Code    58  nonos.o(i._SlNonOsMainLoopTask)
    _SlNonOsSemGet                           0x0000483d   Thumb Code    56  nonos.o(i._SlNonOsSemGet)
    _SlNonOsSemSet                           0x00004875   Thumb Code     8  nonos.o(i._SlNonOsSemSet)
    _SlNonOsSpawn                            0x0000487d   Thumb Code    40  nonos.o(i._SlNonOsSpawn)
    _SlRemoveFromList                        0x000048a9   Thumb Code   136  driver.o(i._SlRemoveFromList)
    _is_digit                                0x00004d31   Thumb Code    14  __printf_wp.o(i._is_digit)
    _sl_BuildAddress                         0x00004d3f   Thumb Code    46  socket.o(i._sl_BuildAddress)
    _sl_GetStartResponseConvert              0x00004d6d   Thumb Code    78  device.o(i._sl_GetStartResponseConvert)
    _sl_HandleAsync_Accept                   0x00004dbd   Thumb Code   140  socket.o(i._sl_HandleAsync_Accept)
    _sl_HandleAsync_Connect                  0x00004e4d   Thumb Code   160  socket.o(i._sl_HandleAsync_Connect)
    _sl_HandleAsync_DnsGetHostByName         0x00004ef1   Thumb Code   186  netapp.o(i._sl_HandleAsync_DnsGetHostByName)
    _sl_HandleAsync_DnsGetHostByService      0x00004fb1   Thumb Code   166  netapp.o(i._sl_HandleAsync_DnsGetHostByService)
    _sl_HandleAsync_InitComplete             0x0000505d   Thumb Code   168  device.o(i._sl_HandleAsync_InitComplete)
    _sl_HandleAsync_PingResponse             0x00005109   Thumb Code   180  netapp.o(i._sl_HandleAsync_PingResponse)
    _sl_HandleAsync_Select                   0x000051c5   Thumb Code   122  socket.o(i._sl_HandleAsync_Select)
    _sl_HandleAsync_Stop                     0x00005245   Thumb Code   118  device.o(i._sl_HandleAsync_Stop)
    _sl_TruncatePayloadByProtocol            0x000052c1   Thumb Code   116  socket.o(i._sl_TruncatePayloadByProtocol)
    bufchar                                  0x0000544d   Thumb Code    36  mqttpacket.o(i.bufchar)
    cc3100_disconnect                        0x00005475   Thumb Code    14  mqttcc3100.o(i.cc3100_disconnect)
    cc3100_read                              0x00005483   Thumb Code   106  mqttcc3100.o(i.cc3100_read)
    cc3100_write                             0x000054ed   Thumb Code    96  mqttcc3100.o(i.cc3100_write)
    countdown                                0x00005861   Thumb Code    20  mqttcc3100.o(i.countdown)
    countdown_ms                             0x00005879   Thumb Code    10  mqttcc3100.o(i.countdown_ms)
    cycle                                    0x00005889   Thumb Code   310  mqttclient.o(i.cycle)
    decodePacket                             0x000059bf   Thumb Code   106  mqttclient.o(i.decodePacket)
    deliverMessage                           0x00005a29   Thumb Code   140  mqttclient.o(i.deliverMessage)
    expired                                  0x00005b25   Thumb Code    14  mqttcc3100.o(i.expired)
    getNextPacketId                          0x00005ba5   Thumb Code    24  mqttclient.o(i.getNextPacketId)
    initClk                                  0x00005bbd   Thumb Code   130  board.o(i.initClk)
    isTopicMatched                           0x00005c6d   Thumb Code   118  mqttclient.o(i.isTopicMatched)
    keepalive                                0x00005ce3   Thumb Code    86  mqttclient.o(i.keepalive)
    left_ms                                  0x00005d39   Thumb Code    22  mqttcc3100.o(i.left_ms)
    main                                     0x00005d55   Thumb Code  2678  main.o(i.main)
    readChar                                 0x000067fb   Thumb Code    14  mqttpacket.o(i.readChar)
    readInt                                  0x00006809   Thumb Code    26  mqttpacket.o(i.readInt)
    readMQTTLenString                        0x00006823   Thumb Code    58  mqttpacket.o(i.readMQTTLenString)
    readPacket                               0x0000685d   Thumb Code   140  mqttclient.o(i.readPacket)
    registerInterruptHandler                 0x000068e9   Thumb Code    10  board.o(i.registerInterruptHandler)
    sendPacket                               0x000068f9   Thumb Code    96  mqttclient.o(i.sendPacket)
    sl_Close                                 0x000069cd   Thumb Code    34  socket.o(i.sl_Close)
    sl_Connect                               0x000069f5   Thumb Code   296  socket.o(i.sl_Connect)
    sl_DevGet                                0x00006b29   Thumb Code   136  device.o(i.sl_DevGet)
    sl_Htonl                                 0x00006bb9   Thumb Code    48  socket.o(i.sl_Htonl)
    sl_Htons                                 0x00006be9   Thumb Code    42  socket.o(i.sl_Htons)
    sl_NetAppDnsGetHostByName                0x00006c15   Thumb Code   282  netapp.o(i.sl_NetAppDnsGetHostByName)
    sl_NetAppMDNSRegisterUnregisterService   0x00006d3d   Thumb Code   142  netapp.o(i.sl_NetAppMDNSRegisterUnregisterService)
    sl_NetAppMDNSUnRegisterService           0x00006dd1   Thumb Code    32  netapp.o(i.sl_NetAppMDNSUnRegisterService)
    sl_NetAppSendTokenValue                  0x00006df1   Thumb Code    84  netapp.o(i.sl_NetAppSendTokenValue)
    sl_NetCfgGet                             0x00006e49   Thumb Code   134  netcfg.o(i.sl_NetCfgGet)
    sl_NetCfgSet                             0x00006ed9   Thumb Code    78  netcfg.o(i.sl_NetCfgSet)
    sl_Recv                                  0x00006f2d   Thumb Code    94  socket.o(i.sl_Recv)
    sl_Select                                0x00006f91   Thumb Code   340  socket.o(i.sl_Select)
    sl_Send                                  0x000070f1   Thumb Code   188  socket.o(i.sl_Send)
    sl_Socket                                0x000071b5   Thumb Code    64  socket.o(i.sl_Socket)
    sl_Start                                 0x000071f9   Thumb Code   232  device.o(i.sl_Start)
    sl_Stop                                  0x000072ed   Thumb Code   228  device.o(i.sl_Stop)
    sl_WlanConnect                           0x000073dd   Thumb Code   500  wlan.o(i.sl_WlanConnect)
    sl_WlanDisconnect                        0x000075d5   Thumb Code    12  wlan.o(i.sl_WlanDisconnect)
    sl_WlanPolicySet                         0x000075e1   Thumb Code    72  wlan.o(i.sl_WlanPolicySet)
    sl_WlanProfileDel                        0x0000762d   Thumb Code    34  wlan.o(i.sl_WlanProfileDel)
    sl_WlanRxFilterSet                       0x00007655   Thumb Code    58  wlan.o(i.sl_WlanRxFilterSet)
    sl_WlanSet                               0x00007695   Thumb Code    80  wlan.o(i.sl_WlanSet)
    sl_WlanSetMode                           0x000076e9   Thumb Code    32  wlan.o(i.sl_WlanSetMode)
    spi_Close                                0x0000770d   Thumb Code    12  spi_cc3100.o(i.spi_Close)
    spi_Open                                 0x00007719   Thumb Code   298  spi_cc3100.o(i.spi_Open)
    spi_Read                                 0x0000784d   Thumb Code    86  spi_cc3100.o(i.spi_Read)
    spi_Write                                0x000078ad   Thumb Code    80  spi_cc3100.o(i.spi_Write)
    stopWDT                                  0x00007905   Thumb Code    10  board.o(i.stopWDT)
    waitfor                                  0x00007915   Thumb Code    48  mqttclient.o(i.waitfor)
    writeCString                             0x00007945   Thumb Code    40  mqttpacket.o(i.writeCString)
    writeChar                                0x0000796d   Thumb Code    12  mqttpacket.o(i.writeChar)
    writeInt                                 0x00007979   Thumb Code    48  mqttpacket.o(i.writeInt)
    writeMQTTString                          0x000079a9   Thumb Code    62  mqttpacket.o(i.writeMQTTString)
    _fp_init                                 0x00007a71   Thumb Code    10  fpinit.o(x$fpl$fpinit)
    __fplib_config_fpu_vfp                   0x00007a79   Thumb Code     0  fpinit.o(x$fpl$fpinit)
    __fplib_config_pureend_doubles           0x00007a79   Thumb Code     0  fpinit.o(x$fpl$fpinit)
    allig8r                                  0x00007a7c   Data       15120  main.o(.constdata)
    dBfs                                     0x0000bbc6   Data         512  lcd.o(.constdata)
    ScanTab                                  0x0000bdc6   Data          20  keypad.o(.constdata)
    _SlStopCmdCtrl                           0x0000bec4   Data           4  device.o(.constdata)
    _SlEventMaskSetCmdCtrl                   0x0000bec8   Data           4  device.o(.constdata)
    _SlEventMaskGetCmdCtrl                   0x0000becc   Data           4  device.o(.constdata)
    _SlDeviceGetCmdCtrl                      0x0000bed0   Data           4  device.o(.constdata)
    _SlDeviceSetCmdCtrl                      0x0000bed4   Data           4  device.o(.constdata)
    g_H2NSyncPattern                         0x0000bed8   Data           8  driver.o(.constdata)
    g_H2NCnysPattern                         0x0000bee0   Data           8  driver.o(.constdata)
    _SlActionLookupTable                     0x0000bee8   Data          56  driver.o(.constdata)
    _SlNetAppStartCtrl                       0x0000bf20   Data           4  netapp.o(.constdata)
    _SlNetAppStopCtrl                        0x0000bf24   Data           4  netapp.o(.constdata)
    _SlGetServiceListeCtrl                   0x0000bf28   Data           4  netapp.o(.constdata)
    _SlRegisterServiceCtrl                   0x0000bf2c   Data           4  netapp.o(.constdata)
    _SlGetHostByServiceCtrl                  0x0000bf30   Data           4  netapp.o(.constdata)
    _SlGetHostByNameCtrl                     0x0000bf34   Data           4  netapp.o(.constdata)
    _SlNetAppSetCmdCtrl                      0x0000bf38   Data           4  netapp.o(.constdata)
    _SlNetAppSendTokenValueCmdCtrl           0x0000bf3c   Data           4  netapp.o(.constdata)
    _SlNetAppGetCmdCtrl                      0x0000bf40   Data           4  netapp.o(.constdata)
    _SlNetCfgSetCmdCtrl                      0x0000bf48   Data           4  netcfg.o(.constdata)
    _SlNetCfgGetCmdCtrl                      0x0000bf4c   Data           4  netcfg.o(.constdata)
    _SlSockSocketCmdCtrl                     0x0000bf50   Data           4  socket.o(.constdata)
    _SlSockCloseCmdCtrl                      0x0000bf54   Data           4  socket.o(.constdata)
    _SlRecvfomCmdCtrl                        0x0000bf58   Data           4  socket.o(.constdata)
    _SlSendCmdCtrl                           0x0000bf5c   Data           4  socket.o(.constdata)
    _SlListenCmdCtrl                         0x0000bf60   Data           4  socket.o(.constdata)
    _SlAcceptCmdCtrl                         0x0000bf64   Data           4  socket.o(.constdata)
    _SlRecvCmdCtrl                           0x0000bf68   Data           4  socket.o(.constdata)
    _SlSetSockOptCmdCtrl                     0x0000bf6c   Data           4  socket.o(.constdata)
    _SlGetSockOptCmdCtrl                     0x0000bf70   Data           4  socket.o(.constdata)
    _SlSelectCmdCtrl                         0x0000bf74   Data           4  socket.o(.constdata)
    _SlPolicySetCmdCtrl                      0x0000bf80   Data           4  wlan.o(.constdata)
    _SlPolicyGetCmdCtrl                      0x0000bf84   Data           4  wlan.o(.constdata)
    _SlProfileGetCmdCtrl                     0x0000bf88   Data           4  wlan.o(.constdata)
    _SlProfileDelCmdCtrl                     0x0000bf8c   Data           4  wlan.o(.constdata)
    _SlWlanGetNetworkListCtrl                0x0000bf90   Data           4  wlan.o(.constdata)
    _SlRxFilterAddtCmdCtrl                   0x0000bf94   Data           4  wlan.o(.constdata)
    _SlRxFilterSetCmdCtrl                    0x0000bf98   Data           4  wlan.o(.constdata)
    _SlRxFilterGetCmdCtrl                    0x0000bf9c   Data           4  wlan.o(.constdata)
    _SlSmartConfigStartCmdCtrl               0x0000bfa0   Data           4  wlan.o(.constdata)
    _SlWlanSetModeCmdCtrl                    0x0000bfa4   Data           4  wlan.o(.constdata)
    _SlWlanCfgSetCmdCtrl                     0x0000bfa8   Data           4  wlan.o(.constdata)
    _SlWlanCfgGetCmdCtrl                     0x0000bfac   Data           4  wlan.o(.constdata)
    Region$$Table$$Base                      0x0000c040   Number         0  anon$$obj.o(Region$$Table)
    Region$$Table$$Limit                     0x0000c060   Number         0  anon$$obj.o(Region$$Table)
    S1buttonDebounce                         0x20000000   Data           4  main.o(.data)
    S2buttonDebounce                         0x20000004   Data           4  main.o(.data)
    publishID                                0x20000008   Data           4  main.o(.data)
    macAddressVal                            0x2000000c   Data           6  main.o(.data)
    macAddressLen                            0x20000012   Data           1  main.o(.data)
    g_Status                                 0x20000014   Data           4  main.o(.data)
    key                                      0x20000018   Data           1  main.o(.data)
    localStatus                              0x20000019   Data           4  main.o(.data)
    localButts                               0x2000001d   Data           4  main.o(.data)
    localDets                                0x20000021   Data           4  main.o(.data)
    slot                                     0x20000025   Data           1  main.o(.data)
    pins                                     0x20000026   Data           4  main.o(.data)
    pclr                                     0x2000002a   Data           4  main.o(.data)
    stat                                     0x2000002e   Data           1  main.o(.data)
    timesUp                                  0x2000002f   Data           1  main.o(.data)
    butt                                     0x20000030   Data           1  main.o(.data)
    det                                      0x20000031   Data           1  main.o(.data)
    fill                                     0x20000032   Data           1  main.o(.data)
    wifiFlag                                 0x20000033   Data           1  main.o(.data)
    wifiClBk                                 0x20000034   Data           1  main.o(.data)
    str01                                    0x20000035   Data          12  main.o(.data)
    str02                                    0x20000041   Data          18  main.o(.data)
    str03                                    0x20000053   Data          18  main.o(.data)
    str04                                    0x20000065   Data          16  main.o(.data)
    str05                                    0x20000075   Data          16  main.o(.data)
    str06                                    0x20000085   Data          18  main.o(.data)
    str07                                    0x20000097   Data          18  main.o(.data)
    str08                                    0x200000a9   Data           8  main.o(.data)
    str09                                    0x200000b1   Data           8  main.o(.data)
    StX                                      0x200000bc   Data           4  lcd.o(.data)
    StY                                      0x200000c0   Data           4  lcd.o(.data)
    StTextColor                              0x200000c4   Data           2  lcd.o(.data)
    Messageindex                             0x200000d0   Data           4  lcd.o(.data)
    Ymax                                     0x200000d4   Data           4  lcd.o(.data)
    Ymin                                     0x200000d8   Data           4  lcd.o(.data)
    X                                        0x200000dc   Data           4  lcd.o(.data)
    Yrange                                   0x200000e0   Data           4  lcd.o(.data)
    lastj                                    0x200000e4   Data           4  lcd.o(.data)
    MatrixPutI                               0x200000e8   Data           4  keypad.o(.data)
    MatrixGetI                               0x200000ec   Data           4  keypad.o(.data)
    HeartBeat                                0x200000f0   Data           4  keypad.o(.data)
    pIraEventHandler                         0x200000f8   Data           4  board.o(.data)
    IntIsMasked                              0x200000fc   Data           1  board.o(.data)
    g_ucUARTBuffer                           0x20000100   Data           4  cli_uart.o(.data)
    cli_have_cmd                             0x20000104   Data           4  cli_uart.o(.data)
    MilliTimer                               0x20000110   Data           4  mqttcc3100.o(.data)
    g_pCB                                    0x20000118   Data           4  driver.o(.data)
    pPingCallBackFunc                        0x2000011c   Data           4  driver.o(.data)
    gFirstCmdMode                            0x20000120   Data           1  driver.o(.data)
    macStr                                   0x200004e4   Data          18  main.o(.bss)
    uniqueID                                 0x200004f6   Data           9  main.o(.bss)
    n                                        0x20000500   Data          16  main.o(.bss)
    hMQTTClient                              0x20000510   Data          92  main.o(.bss)
    g_AppData                                0x2000056c   Data        1608  main.o(.bss)
    localPins                                0x20000bb4   Data          16  main.o(.bss)
    g_StatMem                                0x20000bd4   Data         356  driver.o(.bss)
    g__SlNonOsCB                             0x20000d38   Data          40  nonos.o(.bss)
    __libspace_start                         0x20000d60   Data          96  libspace.o(.bss)
    __temporary_stack_top$libspace           0x20000dc0   Data           0  libspace.o(.bss)



==============================================================================

Memory Map of the image

  Image Entry point : 0x00000145

  Load Region LR_IROM1 (Base: 0x00000000, Size: 0x0000c544, Max: 0x00040000, ABSOLUTE, COMPRESSED[0x0000c0ec])

    Execution Region ER_IROM1 (Base: 0x00000000, Size: 0x0000c060, Max: 0x00040000, ABSOLUTE)

    Base Addr    Size         Type   Attr      Idx    E Section Name        Object

    0x00000000   0x00000144   Data   RO         6357    RESET               startup_msp432p401r_uvision.o
    0x00000144   0x00000008   Code   RO         6477  * !!!main             c_w.l(__main.o)
    0x0000014c   0x00000034   Code   RO         6651    !!!scatter          c_w.l(__scatter.o)
    0x00000180   0x0000005a   Code   RO         6649    !!dczerorl2         c_w.l(__dczerorl2.o)
    0x000001da   0x00000002   PAD
    0x000001dc   0x0000001c   Code   RO         6653    !!handler_zi        c_w.l(__scatter_zi.o)
    0x000001f8   0x00000000   Code   RO         6460    .ARM.Collect$$_printf_percent$$00000000  c_w.l(_printf_percent.o)
    0x000001f8   0x00000006   Code   RO         6458    .ARM.Collect$$_printf_percent$$0000000C  c_w.l(_printf_x.o)
    0x000001fe   0x00000004   Code   RO         6490    .ARM.Collect$$_printf_percent$$00000017  c_w.l(_printf_percent_end.o)
    0x00000202   0x00000002   Code   RO         6519    .ARM.Collect$$libinit$$00000000  c_w.l(libinit.o)
    0x00000204   0x00000004   Code   RO         6525    .ARM.Collect$$libinit$$00000001  c_w.l(libinit2.o)
    0x00000208   0x00000000   Code   RO         6528    .ARM.Collect$$libinit$$00000004  c_w.l(libinit2.o)
    0x00000208   0x00000000   Code   RO         6531    .ARM.Collect$$libinit$$0000000A  c_w.l(libinit2.o)
    0x00000208   0x00000000   Code   RO         6533    .ARM.Collect$$libinit$$0000000C  c_w.l(libinit2.o)
    0x00000208   0x00000000   Code   RO         6535    .ARM.Collect$$libinit$$0000000E  c_w.l(libinit2.o)
    0x00000208   0x00000000   Code   RO         6538    .ARM.Collect$$libinit$$00000011  c_w.l(libinit2.o)
    0x00000208   0x00000000   Code   RO         6540    .ARM.Collect$$libinit$$00000013  c_w.l(libinit2.o)
    0x00000208   0x00000000   Code   RO         6542    .ARM.Collect$$libinit$$00000015  c_w.l(libinit2.o)
    0x00000208   0x00000000   Code   RO         6544    .ARM.Collect$$libinit$$00000017  c_w.l(libinit2.o)
    0x00000208   0x00000000   Code   RO         6546    .ARM.Collect$$libinit$$00000019  c_w.l(libinit2.o)
    0x00000208   0x00000000   Code   RO         6548    .ARM.Collect$$libinit$$0000001B  c_w.l(libinit2.o)
    0x00000208   0x00000000   Code   RO         6550    .ARM.Collect$$libinit$$0000001D  c_w.l(libinit2.o)
    0x00000208   0x00000000   Code   RO         6552    .ARM.Collect$$libinit$$0000001F  c_w.l(libinit2.o)
    0x00000208   0x00000000   Code   RO         6554    .ARM.Collect$$libinit$$00000021  c_w.l(libinit2.o)
    0x00000208   0x00000000   Code   RO         6556    .ARM.Collect$$libinit$$00000023  c_w.l(libinit2.o)
    0x00000208   0x00000000   Code   RO         6558    .ARM.Collect$$libinit$$00000025  c_w.l(libinit2.o)
    0x00000208   0x00000000   Code   RO         6562    .ARM.Collect$$libinit$$0000002C  c_w.l(libinit2.o)
    0x00000208   0x00000000   Code   RO         6564    .ARM.Collect$$libinit$$0000002E  c_w.l(libinit2.o)
    0x00000208   0x00000000   Code   RO         6566    .ARM.Collect$$libinit$$00000030  c_w.l(libinit2.o)
    0x00000208   0x00000000   Code   RO         6568    .ARM.Collect$$libinit$$00000032  c_w.l(libinit2.o)
    0x00000208   0x00000002   Code   RO         6569    .ARM.Collect$$libinit$$00000033  c_w.l(libinit2.o)
    0x0000020a   0x00000002   Code   RO         6589    .ARM.Collect$$libshutdown$$00000000  c_w.l(libshutdown.o)
    0x0000020c   0x00000000   Code   RO         6602    .ARM.Collect$$libshutdown$$00000002  c_w.l(libshutdown2.o)
    0x0000020c   0x00000000   Code   RO         6604    .ARM.Collect$$libshutdown$$00000004  c_w.l(libshutdown2.o)
    0x0000020c   0x00000000   Code   RO         6607    .ARM.Collect$$libshutdown$$00000007  c_w.l(libshutdown2.o)
    0x0000020c   0x00000000   Code   RO         6610    .ARM.Collect$$libshutdown$$0000000A  c_w.l(libshutdown2.o)
    0x0000020c   0x00000000   Code   RO         6612    .ARM.Collect$$libshutdown$$0000000C  c_w.l(libshutdown2.o)
    0x0000020c   0x00000000   Code   RO         6615    .ARM.Collect$$libshutdown$$0000000F  c_w.l(libshutdown2.o)
    0x0000020c   0x00000002   Code   RO         6616    .ARM.Collect$$libshutdown$$00000010  c_w.l(libshutdown2.o)
    0x0000020e   0x00000000   Code   RO         6479    .ARM.Collect$$rtentry$$00000000  c_w.l(__rtentry.o)
    0x0000020e   0x00000000   Code   RO         6494    .ARM.Collect$$rtentry$$00000002  c_w.l(__rtentry2.o)
    0x0000020e   0x00000006   Code   RO         6506    .ARM.Collect$$rtentry$$00000004  c_w.l(__rtentry4.o)
    0x00000214   0x00000000   Code   RO         6496    .ARM.Collect$$rtentry$$00000009  c_w.l(__rtentry2.o)
    0x00000214   0x00000004   Code   RO         6497    .ARM.Collect$$rtentry$$0000000A  c_w.l(__rtentry2.o)
    0x00000218   0x00000000   Code   RO         6499    .ARM.Collect$$rtentry$$0000000C  c_w.l(__rtentry2.o)
    0x00000218   0x00000008   Code   RO         6500    .ARM.Collect$$rtentry$$0000000D  c_w.l(__rtentry2.o)
    0x00000220   0x00000002   Code   RO         6523    .ARM.Collect$$rtexit$$00000000  c_w.l(rtexit.o)
    0x00000222   0x00000000   Code   RO         6571    .ARM.Collect$$rtexit$$00000002  c_w.l(rtexit2.o)
    0x00000222   0x00000004   Code   RO         6572    .ARM.Collect$$rtexit$$00000003  c_w.l(rtexit2.o)
    0x00000226   0x00000006   Code   RO         6573    .ARM.Collect$$rtexit$$00000004  c_w.l(rtexit2.o)
    0x0000022c   0x00000006   Code   RO          434    .emb_text           lcd.o
    0x00000232   0x00000002   PAD
    0x00000234   0x00000026   Code   RO         1655    .emb_text           cpu.o
    0x0000025a   0x00000002   PAD
    0x0000025c   0x00000054   Code   RO         6358    .text               startup_msp432p401r_uvision.o
    0x000002b0   0x0000002c   Code   RO         6400    .text               c_w.l(__2sprintf.o)
    0x000002dc   0x00000038   Code   RO         6402    .text               c_w.l(__2snprintf.o)
    0x00000314   0x0000004e   Code   RO         6410    .text               c_w.l(_printf_pad.o)
    0x00000362   0x00000002   PAD
    0x00000364   0x00000058   Code   RO         6419    .text               c_w.l(_printf_hex_int.o)
    0x000003bc   0x00000138   Code   RO         6449    .text               c_w.l(__printf_flags_wp.o)
    0x000004f4   0x0000003e   Code   RO         6463    .text               c_w.l(strlen.o)
    0x00000532   0x00000096   Code   RO         6465    .text               c_w.l(strncmp.o)
    0x000005c8   0x0000008a   Code   RO         6467    .text               c_w.l(rt_memcpy_v6.o)
    0x00000652   0x00000064   Code   RO         6469    .text               c_w.l(rt_memcpy_w.o)
    0x000006b6   0x00000010   Code   RO         6471    .text               c_w.l(aeabi_memset.o)
    0x000006c6   0x0000004e   Code   RO         6473    .text               c_w.l(rt_memclr_w.o)
    0x00000714   0x00000006   Code   RO         6475    .text               c_w.l(heapauxi.o)
    0x0000071a   0x000000b2   Code   RO         6480    .text               c_w.l(_printf_intcommon.o)
    0x000007cc   0x00000030   Code   RO         6482    .text               c_w.l(_printf_char_common.o)
    0x000007fc   0x0000000a   Code   RO         6484    .text               c_w.l(_sputc.o)
    0x00000806   0x00000010   Code   RO         6486    .text               c_w.l(_snputc.o)
    0x00000816   0x00000044   Code   RO         6491    .text               c_w.l(rt_memclr.o)
    0x0000085a   0x0000004a   Code   RO         6510    .text               c_w.l(sys_stackheap_outer.o)
    0x000008a4   0x00000012   Code   RO         6512    .text               c_w.l(exit.o)
    0x000008b6   0x00000002   PAD
    0x000008b8   0x00000008   Code   RO         6520    .text               c_w.l(libspace.o)
    0x000008c0   0x0000000c   Code   RO         6581    .text               c_w.l(sys_exit.o)
    0x000008cc   0x00000002   Code   RO         6592    .text               c_w.l(use_no_semi.o)
    0x000008ce   0x00000000   Code   RO         6594    .text               c_w.l(indicate_semi.o)
    0x000008ce   0x00000002   PAD
    0x000008d0   0x00000068   Code   RO          352    i.Buttsy            butts.o
    0x00000938   0x0000001c   Code   RO          903    i.CC3100_InterruptDisable  board.o
    0x00000954   0x0000002c   Code   RO          904    i.CC3100_InterruptEnable  board.o
    0x00000980   0x00000014   Code   RO          906    i.CC3100_disable    board.o
    0x00000994   0x00000014   Code   RO          907    i.CC3100_enable     board.o
    0x000009a8   0x00000040   Code   RO         1100    i.CLI_Write         cli_uart.o
    0x000009e8   0x0000001c   Code   RO         1677    i.CRC32_getResult   crc32.o
    0x00000a04   0x0000000c   Code   RO         1681    i.CRC32_set32BitData  crc32.o
    0x00000a10   0x00000012   Code   RO         1683    i.CRC32_set8BitData  crc32.o
    0x00000a22   0x00000016   Code   RO         1685    i.CRC32_setSeed     crc32.o
    0x00000a38   0x00000138   Code   RO         1769    i.CS_initClockSignal  cs.o
    0x00000b70   0x00000014   Code   RO         1775    i.CS_setExternalClockSourceFrequency  cs.o
    0x00000b84   0x00000098   Code   RO         4824    i.ConnectNetwork    mqttcc3100.o
    0x00000c1c   0x0000001a   Code   RO         5782    i.CopyPingResultsToReport  netapp.o
    0x00000c36   0x00000020   Code   RO          908    i.Delay             board.o
    0x00000c56   0x00000016   Code   RO          435    i.Delay1ms          lcd.o
    0x00000c6c   0x0000006c   Code   RO          394    i.Detsy             dets.o
    0x00000cd8   0x0000005c   Code   RO         1101    i.EUSCIA0_IRQHandler  cli_uart.o
    0x00000d34   0x00000006   Code   RO         4825    i.InitTimer         mqttcc3100.o
    0x00000d3a   0x00000002   PAD
    0x00000d3c   0x00000074   Code   RO         2898    i.Interrupt_disableInterrupt  interrupt.o
    0x00000db0   0x00000014   Code   RO         2900    i.Interrupt_disableSleepOnIsrExit  interrupt.o
    0x00000dc4   0x00000074   Code   RO         2901    i.Interrupt_enableInterrupt  interrupt.o
    0x00000e38   0x00000010   Code   RO         2902    i.Interrupt_enableMaster  interrupt.o
    0x00000e48   0x0000003c   Code   RO         2910    i.Interrupt_registerInterrupt  interrupt.o
    0x00000e84   0x0000002c   Code   RO          777    i.KeypadGet         keypad.o
    0x00000eb0   0x00000050   Code   RO          779    i.KeypadInitLP      keypad.o
    0x00000f00   0x00000044   Code   RO          780    i.KeypadInt         keypad.o
    0x00000f44   0x00000060   Code   RO          742    i.LocksLock         locks.o
    0x00000fa4   0x00000060   Code   RO          743    i.LocksUnlk         locks.o
    0x00001004   0x00000050   Code   RO         4917    i.MQTTClient        mqttclient.o
    0x00001054   0x000000a8   Code   RO         4918    i.MQTTConnect       mqttclient.o
    0x000010fc   0x0000006c   Code   RO         5107    i.MQTTDeserialize_ack  mqttdeserializepublish.o
    0x00001168   0x00000076   Code   RO         5041    i.MQTTDeserialize_connack  mqttconnectclient.o
    0x000011de   0x000000a8   Code   RO         5108    i.MQTTDeserialize_publish  mqttdeserializepublish.o
    0x00001286   0x00000092   Code   RO         5341    i.MQTTDeserialize_suback  mqttsubscribeclient.o
    0x00001318   0x00000058   Code   RO         5195    i.MQTTPacket_decode  mqttpacket.o
    0x00001370   0x0000001c   Code   RO         5196    i.MQTTPacket_decodeBuf  mqttpacket.o
    0x0000138c   0x00000036   Code   RO         5197    i.MQTTPacket_encode  mqttpacket.o
    0x000013c2   0x00000042   Code   RO         5198    i.MQTTPacket_equals  mqttpacket.o
    0x00001404   0x00000028   Code   RO         5199    i.MQTTPacket_len    mqttpacket.o
    0x0000142c   0x000000f2   Code   RO         4920    i.MQTTPublish       mqttclient.o
    0x0000151e   0x00000068   Code   RO         5299    i.MQTTSerialize_ack  mqttserializepublish.o
    0x00001586   0x00000002   PAD
    0x00001588   0x00000168   Code   RO         5042    i.MQTTSerialize_connect  mqttconnectclient.o
    0x000016f0   0x00000076   Code   RO         5043    i.MQTTSerialize_connectLength  mqttconnectclient.o
    0x00001766   0x00000012   Code   RO         5045    i.MQTTSerialize_pingreq  mqttconnectclient.o
    0x00001778   0x000000b0   Code   RO         5302    i.MQTTSerialize_publish  mqttserializepublish.o
    0x00001828   0x00000022   Code   RO         5303    i.MQTTSerialize_publishLength  mqttserializepublish.o
    0x0000184a   0x000000b0   Code   RO         5342    i.MQTTSerialize_subscribe  mqttsubscribeclient.o
    0x000018fa   0x0000002e   Code   RO         5343    i.MQTTSerialize_subscribeLength  mqttsubscribeclient.o
    0x00001928   0x0000004c   Code   RO         5046    i.MQTTSerialize_zero  mqttconnectclient.o
    0x00001974   0x000000dc   Code   RO         4921    i.MQTTSubscribe     mqttclient.o
    0x00001a50   0x0000003a   Code   RO         4923    i.MQTTYield         mqttclient.o
    0x00001a8a   0x00000018   Code   RO         5201    i.MQTTstrlen        mqttpacket.o
    0x00001aa2   0x00000002   PAD
    0x00001aa4   0x0000003c   Code   RO          781    i.MatrixFifo_Get    keypad.o
    0x00001ae0   0x00000024   Code   RO          782    i.MatrixFifo_Init   keypad.o
    0x00001b04   0x0000003c   Code   RO          783    i.MatrixFifo_Put    keypad.o
    0x00001b40   0x000000a0   Code   RO          786    i.MatrixKeypad_ScanLP  keypad.o
    0x00001be0   0x00000006   Code   RO         4924    i.NewMessageData    mqttclient.o
    0x00001be6   0x00000002   PAD
    0x00001be8   0x00000020   Code   RO         4826    i.NewNetwork        mqttcc3100.o
    0x00001c08   0x00000030   Code   RO            4    i.OneShot           main.o
    0x00001c38   0x00000062   Code   RO         3126    i.PCM_getCoreVoltageLevel  pcm.o
    0x00001c9a   0x00000058   Code   RO         3129    i.PCM_getPowerMode  pcm.o
    0x00001cf2   0x00000002   PAD
    0x00001cf4   0x0000000c   Code   RO         3130    i.PCM_getPowerState  pcm.o
    0x00001d00   0x00000028   Code   RO         3131    i.PCM_gotoLPM0      pcm.o
    0x00001d28   0x00000088   Code   RO         3133    i.PCM_gotoLPM3      pcm.o
    0x00001db0   0x00000010   Code   RO         3135    i.PCM_gotoLPM4      pcm.o
    0x00001dc0   0x00000010   Code   RO         3141    i.PCM_setPowerMode  pcm.o
    0x00001dd0   0x00000010   Code   RO         3144    i.PCM_setPowerState  pcm.o
    0x00001de0   0x00000054   Code   RO         3147    i.PCM_shutdownDevice  pcm.o
    0x00001e34   0x00000030   Code   RO          911    i.PORT2_IRQHandler  board.o
    0x00001e64   0x00000034   Code   RO         3690    i.RTC_C_holdClock   rtc_c.o
    0x00001e98   0x00000012   Code   RO         5991    i.SL_FD_SET         socket.o
    0x00001eaa   0x00000006   Code   RO         5992    i.SL_FD_ZERO        socket.o
    0x00001eb0   0x00000120   Code   RO          442    i.ST7735_DrawBitmap  lcd.o
    0x00001fd0   0x000000f8   Code   RO          444    i.ST7735_DrawCharS  lcd.o
    0x000020c8   0x00000048   Code   RO          447    i.ST7735_DrawPixel  lcd.o
    0x00002110   0x00000054   Code   RO          448    i.ST7735_DrawString  lcd.o
    0x00002164   0x000000ac   Code   RO          449    i.ST7735_FillRect   lcd.o
    0x00002210   0x00000024   Code   RO          450    i.ST7735_FillScreen  lcd.o
    0x00002234   0x0000007c   Code   RO          452    i.ST7735_InitR      lcd.o
    0x000022b0   0x000000d4   Code   RO          456    i.ST7735_OutCharSMACK  lcd.o
    0x00002384   0x00000016   Code   RO          457    i.ST7735_OutString  lcd.o
    0x0000239a   0x00000002   PAD
    0x0000239c   0x00000020   Code   RO          468    i.ST7735_SetCursor  lcd.o
    0x000023bc   0x00000020   Code   RO            5    i.SimpleLinkGeneralEventHandler  main.o
    0x000023dc   0x00000034   Code   RO            6    i.SimpleLinkHttpServerCallback  main.o
    0x00002410   0x0000007c   Code   RO            7    i.SimpleLinkNetAppEventHandler  main.o
    0x0000248c   0x00000088   Code   RO            8    i.SimpleLinkSockEventHandler  main.o
    0x00002514   0x00000124   Code   RO            9    i.SimpleLinkWlanEventHandler  main.o
    0x00002638   0x00000010   Code   RO         4827    i.SysTick_Handler   mqttcc3100.o
    0x00002648   0x00000012   Code   RO         4269    i.SysTick_enableInterrupt  systick.o
    0x0000265a   0x00000012   Code   RO         4270    i.SysTick_enableModule  systick.o
    0x0000266c   0x0000000e   Code   RO         4273    i.SysTick_registerInterrupt  systick.o
    0x0000267a   0x0000000a   Code   RO         4274    i.SysTick_setPeriod  systick.o
    0x00002684   0x00000098   Code   RO         6366    i.SystemInit        system_msp432p401r.o
    0x0000271c   0x00000028   Code   RO           10    i.T32_INT1_IRQHandler  main.o
    0x00002744   0x00000058   Code   RO          787    i.TA0_0_IRQHandler  keypad.o
    0x0000279c   0x00000060   Code   RO          788    i.TimerA_Init       keypad.o
    0x000027fc   0x00000018   Code   RO         4753    i.WDT_A_holdTimer   wdt_a.o
    0x00002814   0x00000088   Code   RO           11    i.WiFiFetchPins     main.o
    0x0000289c   0x00000088   Code   RO           12    i.WiFiFetchStatus   main.o
    0x00002924   0x000000bc   Code   RO           13    i.WiFiPushPins      main.o
    0x000029e0   0x0000014c   Code   RO           14    i.WiFiPushStatus    main.o
    0x00002b2c   0x00000480   Code   RO         5525    i._SlAsyncEventGenericHandler  driver.o
    0x00002fac   0x0000002e   Code   RO         5526    i._SlDrvBasicCmd    driver.o
    0x00002fda   0x00000002   PAD
    0x00002fdc   0x000000e0   Code   RO         5527    i._SlDrvClassifyRxMsg  driver.o
    0x000030bc   0x000000a4   Code   RO         5528    i._SlDrvCmdOp       driver.o
    0x00003160   0x0000003c   Code   RO         5529    i._SlDrvCmdSend     driver.o
    0x0000319c   0x000001e0   Code   RO         5530    i._SlDrvDataReadOp  driver.o
    0x0000337c   0x000001b8   Code   RO         5531    i._SlDrvDataWriteOp  driver.o
    0x00003534   0x0000004e   Code   RO         5428    i._SlDrvDeviceEventHandler  device.o
    0x00003582   0x00000002   PAD
    0x00003584   0x0000007c   Code   RO         5532    i._SlDrvDriverCBDeinit  driver.o
    0x00003600   0x000000c4   Code   RO         5533    i._SlDrvDriverCBInit  driver.o
    0x000036c4   0x0000003c   Code   RO         5683    i._SlDrvFlowContDeinit  flowcont.o
    0x00003700   0x0000003c   Code   RO         5684    i._SlDrvFlowContInit  flowcont.o
    0x0000373c   0x00000500   Code   RO         5534    i._SlDrvMsgRead     driver.o
    0x00003c3c   0x000000fc   Code   RO         5535    i._SlDrvMsgReadCmdCtx  driver.o
    0x00003d38   0x000000e8   Code   RO         5536    i._SlDrvMsgReadSpawnCtx  driver.o
    0x00003e20   0x000001c4   Code   RO         5537    i._SlDrvMsgWrite    driver.o
    0x00003fe4   0x000000e4   Code   RO         5783    i._SlDrvNetAppEventHandler  netapp.o
    0x000040c8   0x00000024   Code   RO         5538    i._SlDrvObjDeInit   driver.o
    0x000040ec   0x00000064   Code   RO         5539    i._SlDrvObjInit     driver.o
    0x00004150   0x000001cc   Code   RO         5540    i._SlDrvReleasePoolObj  driver.o
    0x0000431c   0x000001a8   Code   RO         5541    i._SlDrvRxHdrRead   driver.o
    0x000044c4   0x0000004c   Code   RO         5542    i._SlDrvRxIrqHandler  driver.o
    0x00004510   0x00000018   Code   RO         5543    i._SlDrvShiftDWord  driver.o
    0x00004528   0x000001b8   Code   RO         5544    i._SlDrvWaitForPoolObj  driver.o
    0x000046e0   0x00000118   Code   RO         5545    i._SlFindAndSetActiveObj  driver.o
    0x000047f8   0x00000044   Code   RO         5944    i._SlNonOsMainLoopTask  nonos.o
    0x0000483c   0x00000038   Code   RO         5945    i._SlNonOsSemGet    nonos.o
    0x00004874   0x00000008   Code   RO         5946    i._SlNonOsSemSet    nonos.o
    0x0000487c   0x0000002c   Code   RO         5947    i._SlNonOsSpawn     nonos.o
    0x000048a8   0x0000008c   Code   RO         5546    i._SlRemoveFromList  driver.o
    0x00004934   0x000000d0   Code   RO         3149    i.__PCM_setCoreVoltageLevelAdvanced  pcm.o
    0x00004a04   0x00000110   Code   RO         3150    i.__PCM_setPowerModeAdvanced  pcm.o
    0x00004b14   0x0000021c   Code   RO         3151    i.__PCM_setPowerStateAdvanced  pcm.o
    0x00004d30   0x0000000e   Code   RO         6447    i._is_digit         c_w.l(__printf_wp.o)
    0x00004d3e   0x0000002e   Code   RO         5993    i._sl_BuildAddress  socket.o
    0x00004d6c   0x0000004e   Code   RO         5429    i._sl_GetStartResponseConvert  device.o
    0x00004dba   0x00000002   PAD
    0x00004dbc   0x00000090   Code   RO         5994    i._sl_HandleAsync_Accept  socket.o
    0x00004e4c   0x000000a4   Code   RO         5995    i._sl_HandleAsync_Connect  socket.o
    0x00004ef0   0x000000c0   Code   RO         5785    i._sl_HandleAsync_DnsGetHostByName  netapp.o
    0x00004fb0   0x000000ac   Code   RO         5786    i._sl_HandleAsync_DnsGetHostByService  netapp.o
    0x0000505c   0x000000ac   Code   RO         5430    i._sl_HandleAsync_InitComplete  device.o
    0x00005108   0x000000bc   Code   RO         5787    i._sl_HandleAsync_PingResponse  netapp.o
    0x000051c4   0x00000080   Code   RO         5996    i._sl_HandleAsync_Select  socket.o
    0x00005244   0x0000007c   Code   RO         5431    i._sl_HandleAsync_Stop  device.o
    0x000052c0   0x00000074   Code   RO         5998    i._sl_TruncatePayloadByProtocol  socket.o
    0x00005334   0x00000118   Code   RO           15    i.babyGotBack       main.o
    0x0000544c   0x00000028   Code   RO         5202    i.bufchar           mqttpacket.o
    0x00005474   0x0000000e   Code   RO         4829    i.cc3100_disconnect  mqttcc3100.o
    0x00005482   0x0000006a   Code   RO         4830    i.cc3100_read       mqttcc3100.o
    0x000054ec   0x00000060   Code   RO         4831    i.cc3100_write      mqttcc3100.o
    0x0000554c   0x00000056   Code   RO          472    i.commandList       lcd.o
    0x000055a2   0x00000002   PAD
    0x000055a4   0x00000114   Code   RO          473    i.commonInit        lcd.o
    0x000056b8   0x000001a8   Code   RO           16    i.configureSimpleLinkToDefaultState  main.o
    0x00005860   0x00000018   Code   RO         4832    i.countdown         mqttcc3100.o
    0x00005878   0x00000010   Code   RO         4833    i.countdown_ms      mqttcc3100.o
    0x00005888   0x00000136   Code   RO         4925    i.cycle             mqttclient.o
    0x000059be   0x0000006a   Code   RO         4926    i.decodePacket      mqttclient.o
    0x00005a28   0x0000008c   Code   RO         4927    i.deliverMessage    mqttclient.o
    0x00005ab4   0x00000070   Code   RO           17    i.establishConnectionWithAP  main.o
    0x00005b24   0x00000014   Code   RO         4834    i.expired           mqttcc3100.o
    0x00005b38   0x0000006c   Code   RO           18    i.generateUniqueID  main.o
    0x00005ba4   0x00000018   Code   RO         4928    i.getNextPacketId   mqttclient.o
    0x00005bbc   0x00000090   Code   RO          917    i.initClk           board.o
    0x00005c4c   0x00000020   Code   RO           19    i.initializeAppVariables  main.o
    0x00005c6c   0x00000076   Code   RO         4929    i.isTopicMatched    mqttclient.o
    0x00005ce2   0x00000056   Code   RO         4930    i.keepalive         mqttclient.o
    0x00005d38   0x0000001c   Code   RO         4835    i.left_ms           mqttcc3100.o
    0x00005d54   0x00000a94   Code   RO           20    i.main              main.o
    0x000067e8   0x00000012   Code   RO          478    i.pushColor         lcd.o
    0x000067fa   0x0000000e   Code   RO         5204    i.readChar          mqttpacket.o
    0x00006808   0x0000001a   Code   RO         5205    i.readInt           mqttpacket.o
    0x00006822   0x0000003a   Code   RO         5206    i.readMQTTLenString  mqttpacket.o
    0x0000685c   0x0000008c   Code   RO         4931    i.readPacket        mqttclient.o
    0x000068e8   0x00000010   Code   RO          919    i.registerInterruptHandler  board.o
    0x000068f8   0x00000060   Code   RO         4932    i.sendPacket        mqttclient.o
    0x00006958   0x00000074   Code   RO          479    i.setAddrWindow     lcd.o
    0x000069cc   0x00000028   Code   RO         6001    i.sl_Close          socket.o
    0x000069f4   0x00000134   Code   RO         6002    i.sl_Connect        socket.o
    0x00006b28   0x00000090   Code   RO         5432    i.sl_DevGet         device.o
    0x00006bb8   0x00000030   Code   RO         6004    i.sl_Htonl          socket.o
    0x00006be8   0x0000002a   Code   RO         6005    i.sl_Htons          socket.o
    0x00006c12   0x00000002   PAD
    0x00006c14   0x00000128   Code   RO         5788    i.sl_NetAppDnsGetHostByName  netapp.o
    0x00006d3c   0x00000094   Code   RO         5793    i.sl_NetAppMDNSRegisterUnregisterService  netapp.o
    0x00006dd0   0x00000020   Code   RO         5794    i.sl_NetAppMDNSUnRegisterService  netapp.o
    0x00006df0   0x00000058   Code   RO         5796    i.sl_NetAppSendTokenValue  netapp.o
    0x00006e48   0x00000090   Code   RO         5911    i.sl_NetCfgGet      netcfg.o
    0x00006ed8   0x00000054   Code   RO         5912    i.sl_NetCfgSet      netcfg.o
    0x00006f2c   0x00000064   Code   RO         6007    i.sl_Recv           socket.o
    0x00006f90   0x00000160   Code   RO         6009    i.sl_Select         socket.o
    0x000070f0   0x000000c4   Code   RO         6010    i.sl_Send           socket.o
    0x000071b4   0x00000044   Code   RO         6013    i.sl_Socket         socket.o
    0x000071f8   0x000000f4   Code   RO         5436    i.sl_Start          device.o
    0x000072ec   0x000000f0   Code   RO         5437    i.sl_Stop           device.o
    0x000073dc   0x000001f8   Code   RO         6178    i.sl_WlanConnect    wlan.o
    0x000075d4   0x0000000c   Code   RO         6179    i.sl_WlanDisconnect  wlan.o
    0x000075e0   0x0000004c   Code   RO         6183    i.sl_WlanPolicySet  wlan.o
    0x0000762c   0x00000028   Code   RO         6185    i.sl_WlanProfileDel  wlan.o
    0x00007654   0x00000040   Code   RO         6189    i.sl_WlanRxFilterSet  wlan.o
    0x00007694   0x00000054   Code   RO         6193    i.sl_WlanSet        wlan.o
    0x000076e8   0x00000024   Code   RO         6194    i.sl_WlanSetMode    wlan.o
    0x0000770c   0x0000000c   Code   RO         6313    i.spi_Close         spi_cc3100.o
    0x00007718   0x00000134   Code   RO         6314    i.spi_Open          spi_cc3100.o
    0x0000784c   0x00000060   Code   RO         6315    i.spi_Read          spi_cc3100.o
    0x000078ac   0x00000058   Code   RO         6316    i.spi_Write         spi_cc3100.o
    0x00007904   0x00000010   Code   RO          921    i.stopWDT           board.o
    0x00007914   0x00000030   Code   RO         4933    i.waitfor           mqttclient.o
    0x00007944   0x00000028   Code   RO         5207    i.writeCString      mqttpacket.o
    0x0000796c   0x0000000c   Code   RO         5208    i.writeChar         mqttpacket.o
    0x00007978   0x00000030   Code   RO         5209    i.writeInt          mqttpacket.o
    0x000079a8   0x0000003e   Code   RO         5210    i.writeMQTTString   mqttpacket.o
    0x000079e6   0x00000002   PAD
    0x000079e8   0x00000044   Code   RO          480    i.writecommand      lcd.o
    0x00007a2c   0x00000044   Code   RO          481    i.writedata         lcd.o
    0x00007a70   0x0000000a   Code   RO         6579    x$fpl$fpinit        fz_wm.l(fpinit.o)
    0x00007a7a   0x00000002   PAD
    0x00007a7c   0x00003b68   Data   RO           22    .constdata          main.o
    0x0000b5e4   0x000007e2   Data   RO          483    .constdata          lcd.o
    0x0000bdc6   0x00000014   Data   RO          790    .constdata          keypad.o
    0x0000bdda   0x00000002   PAD
    0x0000bddc   0x00000090   Data   RO         2917    .constdata          interrupt.o
    0x0000be6c   0x00000058   Data   RO         4934    .constdata          mqttclient.o
    0x0000bec4   0x00000014   Data   RO         5439    .constdata          device.o
    0x0000bed8   0x00000048   Data   RO         5548    .constdata          driver.o
    0x0000bf20   0x00000028   Data   RO         5800    .constdata          netapp.o
    0x0000bf48   0x00000008   Data   RO         5913    .constdata          netcfg.o
    0x0000bf50   0x00000030   Data   RO         6014    .constdata          socket.o
    0x0000bf80   0x00000034   Data   RO         6197    .constdata          wlan.o
    0x0000bfb4   0x00000028   Data   RO         6420    .constdata          c_w.l(_printf_hex_int.o)
    0x0000bfdc   0x00000011   Data   RO         6450    .constdata          c_w.l(__printf_flags_wp.o)
    0x0000bfed   0x00000003   PAD
    0x0000bff0   0x0000004d   Data   RO           23    .conststring        main.o
    0x0000c03d   0x00000003   PAD
    0x0000c040   0x00000020   Data   RO         6647    Region$$Table       anon$$obj.o


    Execution Region RW_IRAM1 (Base: 0x20000000, Size: 0x000011c0, Max: 0x00010000, ABSOLUTE, COMPRESSED[0x0000008c])

    Base Addr    Size         Type   Attr      Idx    E Section Name        Object

    0x20000000   0x000000b9   Data   RW           24    .data               main.o
    0x200000b9   0x00000003   PAD
    0x200000bc   0x0000002c   Data   RW          484    .data               lcd.o
    0x200000e8   0x0000000d   Data   RW          791    .data               keypad.o
    0x200000f5   0x00000003   PAD
    0x200000f8   0x00000005   Data   RW          925    .data               board.o
    0x200000fd   0x00000003   PAD
    0x20000100   0x00000008   Data   RW         1102    .data               cli_uart.o
    0x20000108   0x00000008   Data   RW         1788    .data               cs.o
    0x20000110   0x00000004   Data   RW         4836    .data               mqttcc3100.o
    0x20000114   0x00000004   Data   RW         5211    .data               mqttpacket.o
    0x20000118   0x00000009   Data   RW         5549    .data               driver.o
    0x20000121   0x000002df   PAD
    0x20000400   0x000000e4   Data   RW         2918    vtable              interrupt.o
    0x200004e4   0x000006e0   Zero   RW           21    .bss                main.o
    0x20000bc4   0x00000010   Zero   RW          789    .bss                keypad.o
    0x20000bd4   0x00000164   Zero   RW         5547    .bss                driver.o
    0x20000d38   0x00000028   Zero   RW         5948    .bss                nonos.o
    0x20000d60   0x00000060   Zero   RW         6521    .bss                c_w.l(libspace.o)
    0x20000dc0   0x00000000   Zero   RW         6356    HEAP                startup_msp432p401r_uvision.o
    0x20000dc0   0x00000400   Zero   RW         6355    STACK               startup_msp432p401r_uvision.o


==============================================================================

Image component sizes


      Code (inc. data)   RO Data    RW Data    ZI Data      Debug   Object Name

       368         58          0          5          0      52081   board.o
       104          4          0          0          0        593   butts.o
       156         22          0          8          0       1571   cli_uart.o
        38          0          0          0          0        612   cpu.o
        80          0          0          0          0       2307   crc32.o
       332         32          0          8          0       1666   cs.o
       108          6          0          0          0        588   dets.o
      1080         42         20          0          0      32217   device.o
      7082        178         72          9        356      26929   driver.o
       120         12          0          0          0       1256   flowcont.o
       328         30        144        228          0       3942   interrupt.o
       692         96         20         13         16       6012   keypad.o
      1950        172       2018         44          0      15571   lcd.o
       192         12          0          0          0        984   locks.o
      5180       1058      15285        185       1760      67849   main.o
       510         44          0          4          0       7429   mqttcc3100.o
      1842         18         88          0          0      13713   mqttclient.o
       690         18          0          0          0       4437   mqttconnectclient.o
       276          0          0          0          0       2568   mqttdeserializepublish.o
       600         18          0          4          0       9640   mqttpacket.o
       314          0          0          0          0       2714   mqttserializepublish.o
       368          0          0          0          0       3235   mqttsubscribeclient.o
      1370         44         40          0          0      11146   netapp.o
       228         16          8          0          0       2672   netcfg.o
       176         14          0          0         40       3676   nonos.o
      1526        118          0          0          0       8598   pcm.o
        52          6          0          0          0        494   rtc_c.o
      1776         74         48          0          0      14202   socket.o
       504         28          0          0          0       2750   spi_cc3100.o
        84         20        324          0       1024        952   startup_msp432p401r_uvision.o
       152         34          0          0          0        561   system_msp432p401r.o
        60          0          0          0          0       2133   systick.o
        24          4          0          0          0        514   wdt_a.o
       816         28         52          0          0       8375   wlan.o

    ----------------------------------------------------------------------
     29206       2206      18156       1252       3196     313987   Object Totals
         0          0         32          0          0          0   (incl. Generated)
        28          0          5        744          0          0   (incl. Padding)

    ----------------------------------------------------------------------

      Code (inc. data)   RO Data    RW Data    ZI Data      Debug   Library Member Name

        56          6          0          0          0         88   __2snprintf.o
        44          6          0          0          0         84   __2sprintf.o
        90          0          0          0          0          0   __dczerorl2.o
         8          0          0          0          0         68   __main.o
       312          4         17          0          0         92   __printf_flags_wp.o
        14          0          0          0          0         68   __printf_wp.o
         0          0          0          0          0          0   __rtentry.o
        12          0          0          0          0          0   __rtentry2.o
         6          0          0          0          0          0   __rtentry4.o
        52          8          0          0          0          0   __scatter.o
        28          0          0          0          0          0   __scatter_zi.o
        48          6          0          0          0         96   _printf_char_common.o
        88          4         40          0          0         88   _printf_hex_int.o
       178          0          0          0          0         88   _printf_intcommon.o
        78          0          0          0          0        108   _printf_pad.o
         0          0          0          0          0          0   _printf_percent.o
         4          0          0          0          0          0   _printf_percent_end.o
         6          0          0          0          0          0   _printf_x.o
        16          0          0          0          0         68   _snputc.o
        10          0          0          0          0         68   _sputc.o
        16          0          0          0          0         68   aeabi_memset.o
        18          0          0          0          0         80   exit.o
         6          0          0          0          0        152   heapauxi.o
         0          0          0          0          0          0   indicate_semi.o
         2          0          0          0          0          0   libinit.o
         6          0          0          0          0          0   libinit2.o
         2          0          0          0          0          0   libshutdown.o
         2          0          0          0          0          0   libshutdown2.o
         8          4          0          0         96         68   libspace.o
        68          0          0          0          0         68   rt_memclr.o
        78          0          0          0          0         80   rt_memclr_w.o
       138          0          0          0          0         68   rt_memcpy_v6.o
       100          0          0          0          0         80   rt_memcpy_w.o
         2          0          0          0          0          0   rtexit.o
        10          0          0          0          0          0   rtexit2.o
        62          0          0          0          0         76   strlen.o
       150          0          0          0          0         80   strncmp.o
        12          4          0          0          0         68   sys_exit.o
        74          0          0          0          0         80   sys_stackheap_outer.o
         2          0          0          0          0         68   use_no_semi.o
        10          0          0          0          0        116   fpinit.o

    ----------------------------------------------------------------------
      1826         42         60          0         96       2068   Library Totals
        10          0          3          0          0          0   (incl. Padding)

    ----------------------------------------------------------------------

      Code (inc. data)   RO Data    RW Data    ZI Data      Debug   Library Name

      1806         42         57          0         96       1952   c_w.l
        10          0          0          0          0        116   fz_wm.l

    ----------------------------------------------------------------------
      1826         42         60          0         96       2068   Library Totals

    ----------------------------------------------------------------------

==============================================================================


      Code (inc. data)   RO Data    RW Data    ZI Data      Debug   

     31032       2248      18216       1252       3292     294115   Grand Totals
     31032       2248      18216        140       3292     294115   ELF Image Totals (compressed)
     31032       2248      18216        140          0          0   ROM Totals

==============================================================================

    Total RO  Size (Code + RO Data)                49248 (  48.09kB)
    Total RW  Size (RW Data + ZI Data)              4544 (   4.44kB)
    Total ROM Size (Code + RO Data + RW Data)      49388 (  48.23kB)

==============================================================================

